\BOOKMARK [1][-]{section*.2}{\376\377\003\240\003\316\003\302\000\040\003\275\003\261\000\040\003\264\003\271\003\261\003\262\003\261\003\303\003\304\003\265\003\257\000\040\003\261\003\305\003\304\003\314\000\040\003\304\003\277\000\040\000r\000e\000p\000o\000r\000t}{}% 1
\BOOKMARK [1][-]{section.1}{\376\377\003\206\003\303\003\272\003\267\003\303\003\267\000\040\0001}{}% 2
\BOOKMARK [2][-]{subsection.1.1}{\376\377\003\227\000\040\003\265\003\272\003\306\003\316\003\275\003\267\003\303\003\267\000\040\003\274\003\265\000\040\003\261\003\300\003\273\003\254\000\040\003\273\003\314\003\263\003\271\003\261}{section.1}% 3
\BOOKMARK [2][-]{subsection.1.2}{\376\377\003\244\003\261\000\040\003\264\003\265\003\264\003\277\003\274\003\255\003\275\003\261\000\040\003\304\003\267\003\302\000\040\003\254\003\303\003\272\003\267\003\303\003\267\003\302}{section.1}% 4
\BOOKMARK [2][-]{subsection.1.3}{\376\377\003\221\003\275\003\304\003\271\003\272\003\261\003\304\003\254\003\303\003\304\003\261\003\303\003\267\000\040\003\304\003\277\003\305\000\040\000x}{section.1}% 5
\BOOKMARK [1][-]{section.2}{\376\377\003\230\003\265\003\311\003\301\003\267\003\304\003\271\003\272\003\314\000\040\003\305\003\300\003\314\003\262\003\261\003\270\003\301\003\277}{}% 6
\BOOKMARK [2][-]{subsection.2.1}{\376\377\003\244\003\271\000\040\003\265\003\257\003\275\003\261\003\271\000\040\003\303\003\304\003\261\003\270\003\265\003\301\003\314\000\040\003\272\003\314\003\303\003\304\003\277\003\302}{section.2}% 7
\BOOKMARK [2][-]{subsection.2.2}{\376\377\003\244\003\271\000\040\003\265\003\257\003\275\003\261\003\271\000\040\003\274\003\265\003\304\003\261\003\262\003\273\003\267\003\304\003\314\000\040\003\272\003\314\003\303\003\304\003\277\003\302}{section.2}% 8
\BOOKMARK [2][-]{subsection.2.3}{\376\377\003\244\003\271\000\040\003\265\003\257\003\275\003\261\003\271\000\040\003\303\003\305\003\275\003\277\003\273\003\271\003\272\003\314\000\040\003\272\003\314\003\303\003\304\003\277\003\302}{section.2}% 9
\BOOKMARK [2][-]{subsection.2.4}{\376\377\003\244\003\271\000\040\003\265\003\257\003\275\003\261\003\271\000\040\003\255\003\303\003\277\003\264\003\261}{section.2}% 10
\BOOKMARK [2][-]{subsection.2.5}{\376\377\003\244\003\271\000\040\003\265\003\257\003\275\003\261\003\271\000\040\003\272\003\255\003\301\003\264\003\277\003\302}{section.2}% 11
\BOOKMARK [2][-]{subsection.2.6}{\376\377\003\244\003\271\000\040\003\265\003\257\003\275\003\261\003\271\000\040\003\275\003\265\003\272\003\301\003\314\000\040\003\303\003\267\003\274\003\265\003\257\003\277}{section.2}% 12
\BOOKMARK [1][-]{section.3}{\376\377\003\233\003\315\003\303\003\267\000\040\003\265\003\301\003\311\003\304\003\256\003\274\003\261\003\304\003\277\003\302\000\040\003\261}{}% 13
\BOOKMARK [2][-]{subsection.3.1}{\376\377\003\244\003\271\000\040\003\266\003\267\003\304\003\254\000\040\003\304\003\277\000\040\003\265\003\301\003\316\003\304\003\267\003\274\003\261\000\040\003\261}{section.3}% 14
\BOOKMARK [2][-]{subsection.3.2}{\376\377\003\235\003\265\003\272\003\301\003\314\000\040\003\303\003\267\003\274\003\265\003\257\003\277\000\040\003\264\003\271\003\261\003\264\003\271\003\272\003\261\003\303\003\257\003\261\003\302\000\040\003\221}{section.3}% 15
\BOOKMARK [2][-]{subsection.3.3}{\376\377\003\235\003\265\003\272\003\301\003\314\000\040\003\303\003\267\003\274\003\265\003\257\003\277\000\040\003\264\003\271\003\261\003\264\003\271\003\272\003\261\003\303\003\257\003\261\003\302\000\040\003\222}{section.3}% 16
\BOOKMARK [1][-]{section.4}{\376\377\003\233\003\315\003\303\003\267\000\040\003\265\003\301\003\311\003\304\003\256\003\274\003\261\003\304\003\277\003\302\000\040\003\262}{}% 17
\BOOKMARK [2][-]{subsection.4.1}{\376\377\003\244\003\271\000\040\003\266\003\267\003\304\003\254\000\040\003\304\003\277\000\040\003\265\003\301\003\316\003\304\003\267\003\274\003\261\000\040\003\262}{section.4}% 18
\BOOKMARK [2][-]{subsection.4.2}{\376\377\003\237\003\271\000\040\003\304\003\301\003\265\003\271\003\302\000\040\003\303\003\305\003\275\003\261\003\301\003\304\003\256\003\303\003\265\003\271\003\302\000\040\003\272\003\314\003\303\003\304\003\277\003\305\003\302}{section.4}% 19
\BOOKMARK [2][-]{subsection.4.3}{\376\377\003\243\003\315\003\263\003\272\003\301\003\271\003\303\003\267\000\040\003\264\003\271\003\261\003\264\003\271\003\272\003\261\003\303\003\257\003\261\003\302\000\040\003\221\000\040\003\272\003\261\003\271\000\040\003\264\003\271\003\261\003\264\003\271\003\272\003\261\003\303\003\257\003\261\003\302\000\040\003\222}{section.4}% 20
\BOOKMARK [2][-]{subsection.4.4}{\376\377\003\243\003\315\003\263\003\272\003\301\003\271\003\303\003\267\000\040\003\305\003\300\003\265\003\301\003\263\003\277\003\273\003\254\003\262\003\277\003\305\000\040\003\272\003\261\003\271\000\040\003\264\003\271\003\261\003\264\003\271\003\272\003\261\003\303\003\257\003\261\003\302\000\040\003\221}{section.4}% 21
\BOOKMARK [2][-]{subsection.4.5}{\376\377\003\243\003\315\003\263\003\272\003\301\003\271\003\303\003\267\000\040\003\305\003\300\003\265\003\301\003\263\003\277\003\273\003\254\003\262\003\277\003\305\000\040\003\272\003\261\003\271\000\040\003\264\003\271\003\261\003\264\003\271\003\272\003\261\003\303\003\257\003\261\003\302\000\040\003\222}{section.4}% 22
\BOOKMARK [2][-]{subsection.4.6}{\376\377\003\244\003\265\003\273\003\271\003\272\003\256\000\040\003\265\003\300\003\271\003\273\003\277\003\263\003\256\000\040\003\261\003\275\003\254\000\040\003\300\003\277\003\303\003\314\003\304\003\267\003\304\003\261\000\040\003\266\003\256\003\304\003\267\003\303\003\267\003\302}{section.4}% 23
\BOOKMARK [2][-]{subsection.4.7}{\376\377\003\225\003\301\003\274\003\267\003\275\003\265\003\257\003\261\000\040\003\304\003\277\003\305\000\040\003\264\003\271\003\261\003\263\003\301\003\254\003\274\003\274\003\261\003\304\003\277\003\302\000\040\003\300\003\277\003\303\003\314\003\304\003\267\003\304\003\261\003\302\040\023\003\272\003\314\003\303\003\304\003\277\003\305\003\302}{section.4}% 24
\BOOKMARK [1][-]{section.5}{\376\377\003\233\003\315\003\303\003\267\000\040\003\265\003\301\003\311\003\304\003\256\003\274\003\261\003\304\003\277\003\302\000\040\003\263}{}% 25
\BOOKMARK [2][-]{subsection.5.1}{\376\377\003\244\003\271\000\040\003\266\003\267\003\304\003\254\000\040\003\304\003\277\000\040\003\265\003\301\003\316\003\304\003\267\003\274\003\261\000\040\003\263}{section.5}% 26
\BOOKMARK [2][-]{subsection.5.2}{\376\377\003\245\003\300\003\277\003\273\003\277\003\263\003\271\003\303\003\274\003\314\003\302\000\040\003\265\003\303\003\314\003\264\003\311\003\275}{section.5}% 27
\BOOKMARK [2][-]{subsection.5.3}{\376\377\003\245\003\300\003\277\003\273\003\277\003\263\003\271\003\303\003\274\003\314\003\302\000\040\003\272\003\314\003\303\003\304\003\277\003\305\003\302\000\040\003\274\003\265\000\040\003\304\003\267\000\040\003\264\003\271\003\261\003\264\003\271\003\272\003\261\003\303\003\257\003\261\000\040\003\221}{section.5}% 28
\BOOKMARK [2][-]{subsection.5.4}{\376\377\003\245\003\300\003\277\003\273\003\277\003\263\003\271\003\303\003\274\003\314\003\302\000\040\003\272\003\255\003\301\003\264\003\277\003\305\003\302}{section.5}% 29
\BOOKMARK [1][-]{section.6}{\376\377\003\233\003\315\003\303\003\267\000\040\003\265\003\301\003\311\003\304\003\256\003\274\003\261\003\304\003\277\003\302\000\040\003\264}{}% 30
\BOOKMARK [2][-]{subsection.6.1}{\376\377\003\244\003\271\000\040\003\266\003\267\003\304\003\254\000\040\003\304\003\277\000\040\003\265\003\301\003\316\003\304\003\267\003\274\003\261\000\040\003\264}{section.6}% 31
\BOOKMARK [2][-]{subsection.6.2}{\376\377\003\232\003\314\003\303\003\304\003\277\003\302\000\040\003\264\003\271\003\261\003\264\003\271\003\272\003\261\003\303\003\257\003\261\003\302\000\040\003\221}{section.6}% 32
\BOOKMARK [2][-]{subsection.6.3}{\376\377\003\232\003\314\003\303\003\304\003\277\003\302\000\040\003\264\003\271\003\261\003\264\003\271\003\272\003\261\003\303\003\257\003\261\003\302\000\040\003\222}{section.6}% 33
\BOOKMARK [2][-]{subsection.6.4}{\376\377\003\232\003\314\003\303\003\304\003\277\003\302\000\040\003\305\003\300\003\265\003\301\003\263\003\277\003\273\003\254\003\262\003\277\003\305}{section.6}% 34
\BOOKMARK [2][-]{subsection.6.5}{\376\377\003\243\003\315\003\263\003\272\003\301\003\271\003\303\003\267\000\040\003\265\003\300\003\271\003\273\003\277\003\263\003\316\003\275}{section.6}% 35
\BOOKMARK [2][-]{subsection.6.6}{\376\377\003\232\003\255\003\301\003\264\003\277\003\302\000\040\003\274\003\265\000\040\003\304\003\267\003\275\000\040\003\272\003\261\003\273\003\315\003\304\003\265\003\301\003\267\000\040\003\265\003\300\003\271\003\273\003\277\003\263\003\256}{section.6}% 36
\BOOKMARK [2][-]{subsection.6.7}{\376\377\003\240\003\314\003\303\003\277\000\040\003\272\003\261\003\273\003\315\003\304\003\265\003\301\003\267\000\040\003\265\003\257\003\275\003\261\003\271\000\040\003\267\000\040\003\264\003\271\003\261\003\264\003\271\003\272\003\261\003\303\003\257\003\261\000\040\003\222}{section.6}% 37
\BOOKMARK [1][-]{section.7}{\376\377\003\244\003\265\003\273\003\271\003\272\003\314\000\040\003\303\003\305\003\274\003\300\003\255\003\301\003\261\003\303\003\274\003\261\000\040\003\206\003\303\003\272\003\267\003\303\003\267\003\302\000\040\0001}{}% 38
\BOOKMARK [1][-]{section.8}{\376\377\003\206\003\303\003\272\003\267\003\303\003\267\000\040\0002}{}% 39
\BOOKMARK [2][-]{subsection.8.1}{\376\377\003\227\000\040\003\265\003\272\003\306\003\316\003\275\003\267\003\303\003\267\000\040\003\274\003\265\000\040\003\261\003\300\003\273\003\254\000\040\003\273\003\314\003\263\003\271\003\261}{section.8}% 40
\BOOKMARK [2][-]{subsection.8.2}{\376\377\003\244\003\261\000\040\003\264\003\265\003\264\003\277\003\274\003\255\003\275\003\261\000\040\003\304\003\267\003\302\000\040\003\254\003\303\003\272\003\267\003\303\003\267\003\302}{section.8}% 41
\BOOKMARK [1][-]{section.9}{\376\377\003\230\003\265\003\311\003\301\003\267\003\304\003\271\003\272\003\314\000\040\003\305\003\300\003\314\003\262\003\261\003\270\003\301\003\277\000\040\003\206\003\303\003\272\003\267\003\303\003\267\003\302\000\040\0002}{}% 42
\BOOKMARK [2][-]{subsection.9.1}{\376\377\003\244\003\271\000\040\003\265\003\257\003\275\003\261\003\271\000\040\003\300\003\301\003\316\003\304\003\267\000\040\003\315\003\273\003\267}{section.9}% 43
\BOOKMARK [2][-]{subsection.9.2}{\376\377\003\244\003\271\000\040\003\265\003\257\003\275\003\261\003\271\000\040\003\301\003\305\003\270\003\274\003\314\003\302\000\040\003\300\003\261\003\301\003\261\003\263\003\311\003\263\003\256\003\302}{section.9}% 44
\BOOKMARK [2][-]{subsection.9.3}{\376\377\003\244\003\271\000\040\003\265\003\257\003\275\003\261\003\271\000\040\003\261\003\300\003\314\003\270\003\265\003\274\003\261\000\040\003\303\003\265\000\040\003\300\003\261\003\301\003\261\003\263\003\311\003\263\003\256}{section.9}% 45
\BOOKMARK [2][-]{subsection.9.4}{\376\377\003\244\003\271\000\040\003\265\003\257\003\275\003\261\003\271\000\040\003\307\003\301\003\314\003\275\003\277\003\302\000\040\003\301\003\277\003\256\003\302}{section.9}% 46
\BOOKMARK [2][-]{subsection.9.5}{\376\377\003\237\000\040\003\275\003\314\003\274\003\277\003\302\000\040\003\304\003\277\003\305\000\040\000L\000i\000t\000t\000l\000e}{section.9}% 47
\BOOKMARK [1][-]{section.10}{\376\377\003\233\003\315\003\303\003\267\000\040\003\206\003\303\003\272\003\267\003\303\003\267\003\302\000\040\0002\000\040\003\262\003\256\003\274\003\261\000\040\003\300\003\301\003\277\003\302\000\040\003\262\003\256\003\274\003\261}{}% 48
\BOOKMARK [2][-]{subsection.10.1}{\376\377\003\222\003\256\003\274\003\261\000\040\0001\000:\000\040\003\245\003\300\003\277\003\273\003\277\003\263\003\271\003\303\003\274\003\314\003\302\000\040\003\265\003\262\003\264\003\277\003\274\003\261\003\264\003\271\003\261\003\257\003\261\003\302\000\040\003\276\003\305\003\273\003\265\003\257\003\261\003\302}{section.10}% 49
\BOOKMARK [2][-]{subsection.10.2}{\376\377\003\222\003\256\003\274\003\261\000\040\0002\000:\000\040\003\234\003\265\003\304\003\261\003\304\003\301\003\277\003\300\003\256\000\040\003\304\003\267\003\302\000\040\003\276\003\305\003\273\003\265\003\257\003\261\003\302\000\040\003\303\003\265\000\040\003\261\003\301\003\271\003\270\003\274\003\314\000\040\003\300\003\277\003\273\003\305\003\270\003\301\003\314\003\275\003\311\003\275}{section.10}% 50
\BOOKMARK [2][-]{subsection.10.3}{\376\377\003\222\003\256\003\274\003\261\000\040\0003\000:\000\040\003\221\003\275\003\261\003\263\003\275\003\316\003\301\003\271\003\303\003\267\000\040\003\304\003\277\003\305\000\040\003\274\003\255\003\303\003\277\003\305\000\040\003\261\003\300\003\277\003\270\003\255\003\274\003\261\003\304\003\277\003\302\000\040\003\303\003\265\000\040\003\300\003\261\003\301\003\261\003\263\003\311\003\263\003\256}{section.10}% 51
\BOOKMARK [2][-]{subsection.10.4}{\376\377\003\222\003\256\003\274\003\261\000\040\0004\000:\000\040\003\225\003\306\003\261\003\301\003\274\003\277\003\263\003\256\000\040\003\304\003\277\003\305\000\040\003\275\003\314\003\274\003\277\003\305\000\040\003\304\003\277\003\305\000\040\000L\000i\000t\000t\000l\000e}{section.10}% 52
\BOOKMARK [2][-]{subsection.10.5}{\376\377\003\222\003\256\003\274\003\261\000\040\0005\000:\000\040\003\234\003\265\003\304\003\261\003\304\003\301\003\277\003\300\003\256\000\040\003\303\003\265\000\040\003\267\003\274\003\255\003\301\003\265\003\302}{section.10}% 53
\BOOKMARK [1][-]{section.11}{\376\377\003\225\003\301\003\274\003\267\003\275\003\265\003\257\003\261\000\040\003\304\003\277\003\305\000\040\003\261\003\300\003\277\003\304\003\265\003\273\003\255\003\303\003\274\003\261\003\304\003\277\003\302}{}% 54
\BOOKMARK [1][-]{section.12}{\376\377\003\244\003\265\003\273\003\271\003\272\003\314\000\040\003\303\003\305\003\274\003\300\003\255\003\301\003\261\003\303\003\274\003\261\000\040\003\206\003\303\003\272\003\267\003\303\003\267\003\302\000\040\0002}{}% 55
\BOOKMARK [1][-]{section.13}{\376\377\003\206\003\303\003\272\003\267\003\303\003\267\000\040\0003}{}% 56
\BOOKMARK [2][-]{subsection.13.1}{\376\377\003\227\000\040\003\265\003\272\003\306\003\316\003\275\003\267\003\303\003\267\000\040\003\274\003\265\000\040\003\261\003\300\003\273\003\254\000\040\003\273\003\314\003\263\003\271\003\261}{section.13}% 57
\BOOKMARK [2][-]{subsection.13.2}{\376\377\003\244\003\271\000\040\003\303\003\267\003\274\003\261\003\257\003\275\003\265\003\271\000\040\003\265\003\306\003\271\003\272\003\304\003\256\000\040\003\272\003\261\003\271\000\040\003\304\003\271\000\040\003\303\003\267\003\274\003\261\003\257\003\275\003\265\003\271\000\040\003\262\003\255\003\273\003\304\003\271\003\303\003\304\003\267\000\040\003\273\003\315\003\303\003\267}{section.13}% 58
\BOOKMARK [1][-]{section.14}{\376\377\003\224\003\265\003\264\003\277\003\274\003\255\003\275\003\261\000\040\003\206\003\303\003\272\003\267\003\303\003\267\003\302\000\040\0003\000\040\003\274\003\265\003\304\003\254\000\040\003\304\003\267\000\040\003\303\003\304\003\301\003\277\003\263\003\263\003\305\003\273\003\277\003\300\003\277\003\257\003\267\003\303\003\267}{}% 59
\BOOKMARK [2][-]{subsection.14.1}{\376\377\003\224\003\305\003\275\003\261\003\274\003\271\003\272\003\314\003\304\003\267\003\304\003\265\003\302\000\040\003\265\003\301\003\263\003\277\003\303\003\304\003\261\003\303\003\257\003\311\003\275}{section.14}% 60
\BOOKMARK [2][-]{subsection.14.2}{\376\377\003\226\003\267\003\304\003\256\003\303\003\265\003\271\003\302\000\040\003\261\003\300\003\277\003\270\003\267\003\272\003\316\003\275}{section.14}% 61
\BOOKMARK [2][-]{subsection.14.3}{\376\377\003\243\003\315\003\263\003\272\003\301\003\271\003\303\003\267\000\040\003\264\003\305\003\275\003\261\003\274\003\271\003\272\003\314\003\304\003\267\003\304\003\261\003\302\000\040\003\272\003\261\003\271\000\040\003\266\003\256\003\304\003\267\003\303\003\267\003\302}{section.14}% 62
\BOOKMARK [1][-]{section.15}{\376\377\003\230\003\265\003\311\003\301\003\267\003\304\003\271\003\272\003\314\000\040\003\305\003\300\003\314\003\262\003\261\003\270\003\301\003\277\000\040\003\206\003\303\003\272\003\267\003\303\003\267\003\302\000\040\0003}{}% 63
\BOOKMARK [2][-]{subsection.15.1}{\376\377\003\244\003\271\000\040\003\265\003\257\003\275\003\261\003\271\000\040\003\304\003\277\000\040\003\300\003\301\003\314\003\304\003\305\003\300\003\277\000\040\003\274\003\265\003\304\003\261\003\306\003\277\003\301\003\254\003\302}{section.15}% 64
\BOOKMARK [2][-]{subsection.15.2}{\376\377\003\244\003\271\000\040\003\303\003\267\003\274\003\261\003\257\003\275\003\265\003\271\000\040\003\271\003\303\003\277\003\301\003\301\003\277\003\300\003\267\003\274\003\255\003\275\003\277\000\040\003\300\003\301\003\314\003\262\003\273\003\267\003\274\003\261\000\040\003\274\003\265\003\304\003\261\003\306\003\277\003\301\003\254\003\302}{section.15}% 65
\BOOKMARK [2][-]{subsection.15.3}{\376\377\003\244\003\271\000\040\003\265\003\257\003\275\003\261\003\271\000\040\003\267\000\040\003\274\003\255\003\270\003\277\003\264\003\277\003\302\000\040\003\304\003\267\003\302\000\040\003\222\003\224\000\040\003\263\003\311\003\275\003\257\003\261\003\302}{section.15}% 66
\BOOKMARK [2][-]{subsection.15.4}{\376\377\003\244\003\271\000\040\003\265\003\257\003\275\003\261\003\271\000\040\003\267\000\040\003\274\003\255\003\270\003\277\003\264\003\277\003\302\000\040\000M\000O\000D\000I}{section.15}% 67
\BOOKMARK [1][-]{section.16}{\376\377\003\231\003\303\003\277\003\301\003\301\003\277\003\300\003\267\003\274\003\255\003\275\003\277\003\302\000\040\003\300\003\257\003\275\003\261\003\272\003\261\003\302\000\040\003\274\003\265\003\304\003\261\003\306\003\277\003\301\003\254\003\302}{}% 68
\BOOKMARK [1][-]{section.17}{\376\377\003\221\003\301\003\307\003\271\003\272\003\256\000\040\003\273\003\315\003\303\003\267\000\040\003\274\003\265\000\040\003\304\003\267\000\040\003\274\003\255\003\270\003\277\003\264\003\277\000\040\003\304\003\267\003\302\000\040\003\222\003\224\000\040\003\263\003\311\003\275\003\257\003\261\003\302}{}% 69
\BOOKMARK [2][-]{subsection.17.1}{\376\377\003\222\003\256\003\274\003\261\000\040\0001\000:\000\040\003\221\003\300\003\314\000\040\003\265\003\301\003\263\003\277\003\303\003\304\003\254\003\303\003\271\003\277\000\040\0001\000\040\003\300\003\301\003\277\003\302\000\040\003\261\003\300\003\277\003\270\003\256\003\272\003\267\000\040\003\221}{section.17}% 70
\BOOKMARK [2][-]{subsection.17.2}{\376\377\003\222\003\256\003\274\003\261\000\040\0002\000:\000\040\003\221\003\300\003\314\000\040\003\265\003\301\003\263\003\277\003\303\003\304\003\254\003\303\003\271\003\277\000\040\0001\000\040\003\300\003\301\003\277\003\302\000\040\003\261\003\300\003\277\003\270\003\256\003\272\003\267\000\040\003\222}{section.17}% 71
\BOOKMARK [2][-]{subsection.17.3}{\376\377\003\222\003\256\003\274\003\261\000\040\0003\000:\000\040\003\221\003\300\003\314\000\040\003\265\003\301\003\263\003\277\003\303\003\304\003\254\003\303\003\271\003\277\000\040\0001\000\040\003\300\003\301\003\277\003\302\000\040\003\261\003\300\003\277\003\270\003\256\003\272\003\267\000\040\003\223}{section.17}% 72
\BOOKMARK [2][-]{subsection.17.4}{\376\377\003\222\003\256\003\274\003\261\000\040\0004\000:\000\040\003\221\003\300\003\314\000\040\003\265\003\301\003\263\003\277\003\303\003\304\003\254\003\303\003\271\003\277\000\040\0002\000\040\003\300\003\301\003\277\003\302\000\040\003\261\003\300\003\277\003\270\003\256\003\272\003\267\000\040\003\223}{section.17}% 73
\BOOKMARK [2][-]{subsection.17.5}{\376\377\003\222\003\256\003\274\003\261\000\040\0005\000:\000\040\003\221\003\300\003\314\000\040\003\265\003\301\003\263\003\277\003\303\003\304\003\254\003\303\003\271\003\277\000\040\0002\000\040\003\300\003\301\003\277\003\302\000\040\003\261\003\300\003\277\003\270\003\256\003\272\003\267\000\040\003\224}{section.17}% 74
\BOOKMARK [2][-]{subsection.17.6}{\376\377\003\222\003\256\003\274\003\261\000\040\0006\000:\000\040\003\221\003\300\003\314\000\040\003\265\003\301\003\263\003\277\003\303\003\304\003\254\003\303\003\271\003\277\000\040\0002\000\040\003\300\003\301\003\277\003\302\000\040\003\265\003\271\003\272\003\277\003\275\003\271\003\272\003\256\000\040\003\261\003\300\003\277\003\270\003\256\003\272\003\267}{section.17}% 75
\BOOKMARK [2][-]{subsection.17.7}{\376\377\003\240\003\257\003\275\003\261\003\272\003\261\003\302\000\040\003\261\003\301\003\307\003\271\003\272\003\256\003\302\000\040\003\273\003\315\003\303\003\267\003\302}{section.17}% 76
\BOOKMARK [2][-]{subsection.17.8}{\376\377\003\232\003\314\003\303\003\304\003\277\003\302\000\040\003\261\003\301\003\307\003\271\003\272\003\256\003\302\000\040\003\273\003\315\003\303\003\267\003\302}{section.17}% 77
\BOOKMARK [1][-]{section.18}{\376\377\003\210\003\273\003\265\003\263\003\307\003\277\003\302\000\040\003\272\003\261\003\271\000\040\003\262\003\265\003\273\003\304\003\257\003\311\003\303\003\267\000\040\003\274\003\265\000\040\000M\000O\000D\000I}{}% 78
\BOOKMARK [2][-]{subsection.18.1}{\376\377\003\240\003\301\003\316\003\304\003\267\000\040\003\265\003\306\003\261\003\301\003\274\003\277\003\263\003\256\000\040\000M\000O\000D\000I}{section.18}% 79
\BOOKMARK [2][-]{subsection.18.2}{\376\377\003\232\003\273\003\265\003\271\003\303\003\304\003\314\003\302\000\040\003\262\003\301\003\314\003\307\003\277\003\302\000\040\003\300\003\301\003\316\003\304\003\267\003\302\000\040\003\262\003\265\003\273\003\304\003\257\003\311\003\303\003\267\003\302}{section.18}% 80
\BOOKMARK [2][-]{subsection.18.3}{\376\377\003\235\003\255\003\261\000\040\003\273\003\315\003\303\003\267\000\040\003\274\003\265\003\304\003\254\000\040\003\304\003\267\003\275\000\040\003\300\003\301\003\316\003\304\003\267\000\040\003\262\003\265\003\273\003\304\003\257\003\311\003\303\003\267}{section.18}% 81
\BOOKMARK [2][-]{subsection.18.4}{\376\377\003\224\003\265\003\315\003\304\003\265\003\301\003\267\000\040\003\265\003\306\003\261\003\301\003\274\003\277\003\263\003\256\000\040\000M\000O\000D\000I}{section.18}% 82
\BOOKMARK [2][-]{subsection.18.5}{\376\377\003\232\003\273\003\265\003\271\003\303\003\304\003\314\003\302\000\040\003\262\003\301\003\314\003\307\003\277\003\302\000\040\003\264\003\265\003\315\003\304\003\265\003\301\003\267\003\302\000\040\003\262\003\265\003\273\003\304\003\257\003\311\003\303\003\267\003\302}{section.18}% 83
\BOOKMARK [2][-]{subsection.18.6}{\376\377\003\235\003\255\003\261\000\040\003\273\003\315\003\303\003\267\000\040\003\274\003\265\003\304\003\254\000\040\003\304\003\267\000\040\003\264\003\265\003\315\003\304\003\265\003\301\003\267\000\040\003\262\003\265\003\273\003\304\003\257\003\311\003\303\003\267}{section.18}% 84
\BOOKMARK [1][-]{section.19}{\376\377\003\244\003\265\003\273\003\271\003\272\003\314\003\302\000\040\003\255\003\273\003\265\003\263\003\307\003\277\003\302\000\040\003\262\003\255\003\273\003\304\003\271\003\303\003\304\003\267\003\302\000\040\003\273\003\315\003\303\003\267\003\302}{}% 85
\BOOKMARK [1][-]{section.20}{\376\377\003\222\003\255\003\273\003\304\003\271\003\303\003\304\003\267\000\040\003\272\003\261\003\304\003\261\003\275\003\277\003\274\003\256\000\040\003\274\003\265\003\304\003\261\003\306\003\277\003\301\003\316\003\275}{}% 86
\BOOKMARK [1][-]{section.21}{\376\377\003\225\003\301\003\274\003\267\003\275\003\265\003\257\003\261\000\040\003\304\003\277\003\305\000\040\003\261\003\300\003\277\003\304\003\265\003\273\003\255\003\303\003\274\003\261\003\304\003\277\003\302}{}% 87
\BOOKMARK [1][-]{section.22}{\376\377\003\244\003\265\003\273\003\271\003\272\003\314\000\040\003\303\003\305\003\274\003\300\003\255\003\301\003\261\003\303\003\274\003\261\000\040\003\206\003\303\003\272\003\267\003\303\003\267\003\302\000\040\0003}{}% 88
\BOOKMARK [1][-]{section.23}{\376\377\003\206\003\303\003\272\003\267\003\303\003\267\000\040\0004}{}% 89
\BOOKMARK [2][-]{subsection.23.1}{\376\377\003\227\000\040\003\265\003\272\003\306\003\316\003\275\003\267\003\303\003\267\000\040\003\274\003\265\000\040\003\261\003\300\003\273\003\254\000\040\003\273\003\314\003\263\003\271\003\261}{section.23}% 90
\BOOKMARK [2][-]{subsection.23.2}{\376\377\003\221\003\275\003\304\003\271\003\272\003\261\003\304\003\254\003\303\003\304\003\261\003\303\003\267\000\040\003\304\003\277\003\305\000\040\000x}{section.23}% 91
\BOOKMARK [1][-]{section.24}{\376\377\003\230\003\265\003\311\003\301\003\267\003\304\003\271\003\272\003\314\000\040\003\305\003\300\003\314\003\262\003\261\003\270\003\301\003\277\000\040\003\206\003\303\003\272\003\267\003\303\003\267\003\302\000\040\0004}{}% 92
\BOOKMARK [2][-]{subsection.24.1}{\376\377\003\244\003\271\000\040\003\265\003\257\003\275\003\261\003\271\000\040\003\264\003\305\003\275\003\261\003\274\003\271\003\272\003\314\003\304\003\267\003\304\003\261}{section.24}% 93
\BOOKMARK [2][-]{subsection.24.2}{\376\377\003\244\003\271\000\040\003\265\003\257\003\275\003\261\003\271\000\040\003\303\003\267\003\274\003\265\003\257\003\277\000\040\003\303\003\305\003\274\003\306\003\314\003\301\003\267\003\303\003\267\003\302}{section.24}% 94
\BOOKMARK [2][-]{subsection.24.3}{\376\377\003\244\003\271\000\040\003\265\003\257\003\275\003\261\003\271\000\040\003\301\003\305\003\270\003\274\003\314\003\302\000\040\003\300\003\261\003\301\003\261\003\263\003\311\003\263\003\256\003\302}{section.24}% 95
\BOOKMARK [2][-]{subsection.24.4}{\376\377\003\244\003\271\000\040\003\265\003\257\003\275\003\261\003\271\000\040\003\307\003\301\003\277\003\275\003\271\003\272\003\314\003\302\000\040\003\272\003\315\003\272\003\273\003\277\003\302}{section.24}% 96
\BOOKMARK [2][-]{subsection.24.5}{\376\377\003\244\003\271\000\040\003\265\003\257\003\275\003\261\003\271\000\040\003\303\003\305\003\275\003\304\003\265\003\273\003\265\003\303\003\304\003\256\003\302\000\040\003\307\003\301\003\267\003\303\003\271\003\274\003\277\003\300\003\277\003\257\003\267\003\303\003\267\003\302}{section.24}% 97
\BOOKMARK [2][-]{subsection.24.6}{\376\377\003\244\003\271\000\040\003\265\003\257\003\275\003\261\003\271\000\040\003\275\003\265\003\272\003\301\003\314\003\302\000\040\003\307\003\301\003\314\003\275\003\277\003\302}{section.24}% 98
\BOOKMARK [1][-]{section.25}{\376\377\003\233\003\315\003\303\003\267\000\040\003\265\003\301\003\311\003\304\003\256\003\274\003\261\003\304\003\277\003\302\000\040\003\261}{}% 99
\BOOKMARK [2][-]{subsection.25.1}{\376\377\003\244\003\271\000\040\003\266\003\267\003\304\003\254\000\040\003\304\003\277\000\040\003\265\003\301\003\316\003\304\003\267\003\274\003\261\000\040\003\261}{section.25}% 100
\BOOKMARK [2][-]{subsection.25.2}{\376\377\003\245\003\300\003\277\003\273\003\277\003\263\003\271\003\303\003\274\003\314\003\302\000\040\003\264\003\305\003\275\003\261\003\274\003\271\003\272\003\314\003\304\003\267\003\304\003\261\003\302\000\040\003\272\003\254\003\270\003\265\000\040\003\274\003\267\003\307\003\261\003\275\003\256\003\302}{section.25}% 101
\BOOKMARK [2][-]{subsection.25.3}{\376\377\003\225\003\315\003\301\003\265\003\303\003\267\000\040\003\303\003\267\003\274\003\265\003\257\003\277\003\305\000\040\003\303\003\305\003\274\003\306\003\314\003\301\003\267\003\303\003\267\003\302}{section.25}% 102
\BOOKMARK [1][-]{section.26}{\376\377\003\233\003\315\003\303\003\267\000\040\003\265\003\301\003\311\003\304\003\256\003\274\003\261\003\304\003\277\003\302\000\040\003\262}{}% 103
\BOOKMARK [2][-]{subsection.26.1}{\376\377\003\244\003\271\000\040\003\266\003\267\003\304\003\254\000\040\003\304\003\277\000\040\003\265\003\301\003\316\003\304\003\267\003\274\003\261\000\040\003\262}{section.26}% 104
\BOOKMARK [2][-]{subsection.26.2}{\376\377\003\243\003\315\003\263\003\272\003\301\003\271\003\303\003\267\000\040\003\266\003\256\003\304\003\267\003\303\003\267\003\302\000\040\003\272\003\261\003\271\000\040\003\264\003\305\003\275\003\261\003\274\003\271\003\272\003\314\003\304\003\267\003\304\003\261\003\302}{section.26}% 105
\BOOKMARK [2][-]{subsection.26.3}{\376\377\003\245\003\300\003\277\003\273\003\277\003\263\003\271\003\303\003\274\003\314\003\302\000\040\003\307\003\301\003\277\003\275\003\271\003\272\003\277\003\315\000\040\003\272\003\315\003\272\003\273\003\277\003\305}{section.26}% 106
\BOOKMARK [1][-]{section.27}{\376\377\003\233\003\315\003\303\003\267\000\040\003\265\003\301\003\311\003\304\003\256\003\274\003\261\003\304\003\277\003\302\000\040\003\263}{}% 107
\BOOKMARK [2][-]{subsection.27.1}{\376\377\003\244\003\271\000\040\003\266\003\267\003\304\003\254\000\040\003\304\003\277\000\040\003\265\003\301\003\316\003\304\003\267\003\274\003\261\000\040\003\263}{section.27}% 108
\BOOKMARK [2][-]{subsection.27.2}{\376\377\003\245\003\300\003\277\003\273\003\277\003\263\003\271\003\303\003\274\003\314\003\302\000\040\003\307\003\301\003\267\003\303\003\271\003\274\003\277\003\300\003\277\003\257\003\267\003\303\003\267\003\302}{section.27}% 109
\BOOKMARK [2][-]{subsection.27.3}{\376\377\003\245\003\300\003\277\003\273\003\277\003\263\003\271\003\303\003\274\003\314\003\302\000\040\003\275\003\265\003\272\003\301\003\316\003\275\000\040\003\307\003\301\003\314\003\275\003\311\003\275}{section.27}% 110
\BOOKMARK [2][-]{subsection.27.4}{\376\377\003\243\003\305\003\275\003\277\003\300\003\304\003\271\003\272\003\314\003\302\000\040\003\300\003\257\003\275\003\261\003\272\003\261\003\302}{section.27}% 111
\BOOKMARK [1][-]{section.28}{\376\377\003\233\003\315\003\303\003\267\000\040\003\265\003\301\003\311\003\304\003\256\003\274\003\261\003\304\003\277\003\302\000\040\003\264}{}% 112
\BOOKMARK [2][-]{subsection.28.1}{\376\377\003\244\003\271\000\040\003\266\003\267\003\304\003\254\000\040\003\304\003\277\000\040\003\265\003\301\003\316\003\304\003\267\003\274\003\261\000\040\003\264}{section.28}% 113
\BOOKMARK [2][-]{subsection.28.2}{\376\377\003\234\003\255\003\263\003\271\003\303\003\304\003\267\000\040\003\266\003\256\003\304\003\267\003\303\003\267\000\040\003\300\003\277\003\305\000\040\003\274\003\300\003\277\003\301\003\265\003\257\000\040\003\275\003\261\000\040\003\272\003\261\003\273\003\305\003\306\003\270\003\265\003\257}{section.28}% 114
\BOOKMARK [2][-]{subsection.28.3}{\376\377\003\245\003\300\003\277\003\273\003\277\003\263\003\271\003\303\003\274\003\314\003\302\000\040\003\300\003\277\003\303\003\277\003\303\003\304\003\277\003\315\000\040\003\261\003\315\003\276\003\267\003\303\003\267\003\302}{section.28}% 115
\BOOKMARK [2][-]{subsection.28.4}{\376\377\003\225\003\301\003\274\003\267\003\275\003\265\003\257\003\261}{section.28}% 116
\BOOKMARK [1][-]{section.29}{\376\377\003\244\003\265\003\273\003\271\003\272\003\314\000\040\003\303\003\305\003\274\003\300\003\255\003\301\003\261\003\303\003\274\003\261\000\040\003\206\003\303\003\272\003\267\003\303\003\267\003\302\000\040\0004}{}% 117
\BOOKMARK [1][-]{section.30}{\376\377\003\206\003\303\003\272\003\267\003\303\003\267\000\040\0005}{}% 118
\BOOKMARK [2][-]{subsection.30.1}{\376\377\003\227\000\040\003\265\003\272\003\306\003\316\003\275\003\267\003\303\003\267\000\040\003\274\003\265\000\040\003\261\003\300\003\273\003\254\000\040\003\273\003\314\003\263\003\271\003\261}{section.30}% 119
\BOOKMARK [2][-]{subsection.30.2}{\376\377\003\221\003\275\003\304\003\271\003\272\003\261\003\304\003\254\003\303\003\304\003\261\003\303\003\267\000\040\003\304\003\277\003\305\000\040\000x\000\040\003\272\003\261\003\271\000\040\003\303\003\304\003\301\003\277\003\263\003\263\003\305\003\273\003\277\003\300\003\277\003\257\003\267\003\303\003\267\000\040\003\307\003\301\003\314\003\275\003\311\003\275}{section.30}% 120
\BOOKMARK [1][-]{section.31}{\376\377\003\230\003\265\003\311\003\301\003\267\003\304\003\271\003\272\003\314\000\040\003\305\003\300\003\314\003\262\003\261\003\270\003\301\003\277\000\040\003\206\003\303\003\272\003\267\003\303\003\267\003\302\000\040\0005}{}% 121
\BOOKMARK [2][-]{subsection.31.1}{\376\377\003\244\003\271\000\040\003\265\003\257\003\275\003\261\003\271\000\040\003\263\003\301\003\261\003\274\003\274\003\256\000\040\003\303\003\305\003\275\003\261\003\301\003\274\003\277\003\273\003\314\003\263\003\267\003\303\003\267\003\302}{section.31}% 122
\BOOKMARK [2][-]{subsection.31.2}{\376\377\003\244\003\271\000\040\003\265\003\257\003\275\003\261\003\271\000\040\003\304\003\265\003\307\003\275\003\277\003\273\003\277\003\263\003\271\003\272\003\277\003\257\000\040\003\300\003\265\003\301\003\271\003\277\003\301\003\271\003\303\003\274\003\277\003\257}{section.31}% 123
\BOOKMARK [2][-]{subsection.31.3}{\376\377\003\244\003\271\000\040\003\265\003\257\003\275\003\261\003\271\000\040\003\307\003\301\003\277\003\275\003\271\003\272\003\314\003\302\000\040\003\272\003\315\003\272\003\273\003\277\003\302}{section.31}% 124
\BOOKMARK [2][-]{subsection.31.4}{\376\377\003\244\003\271\000\040\003\265\003\257\003\275\003\261\003\271\000\040\003\303\003\304\003\261\003\270\003\274\003\314\003\302\000\040\003\265\003\301\003\263\003\261\003\303\003\257\003\261\003\302}{section.31}% 125
\BOOKMARK [2][-]{subsection.31.5}{\376\377\003\244\003\271\000\040\003\265\003\257\003\275\003\261\003\271\000\040\003\270\003\265\003\311\003\301\003\267\003\304\003\271\003\272\003\254\000\040\003\265\003\273\003\254\003\307\003\271\003\303\003\304\003\277\003\302\000\040\003\261\003\301\003\271\003\270\003\274\003\314\003\302\000\040\003\303\003\304\003\261\003\270\003\274\003\316\003\275}{section.31}% 126
\BOOKMARK [2][-]{subsection.31.6}{\376\377\003\244\003\271\000\040\003\265\003\257\003\275\003\261\003\271\000\040\003\261\003\300\003\277\003\264\003\277\003\304\003\271\003\272\003\314\003\304\003\267\003\304\003\261\000\040\003\263\003\301\003\261\003\274\003\274\003\256\003\302}{section.31}% 127
\BOOKMARK [2][-]{subsection.31.7}{\376\377\003\244\003\271\000\040\003\265\003\257\003\275\003\261\003\271\000\040\003\264\003\265\003\257\003\272\003\304\003\267\003\302\000\040\003\277\003\274\003\261\003\273\003\314\003\304\003\267\003\304\003\261\003\302}{section.31}% 128
\BOOKMARK [1][-]{section.32}{\376\377\003\233\003\315\003\303\003\267\000\040\003\265\003\301\003\311\003\304\003\256\003\274\003\261\003\304\003\277\003\302\000\040\003\261}{}% 129
\BOOKMARK [2][-]{subsection.32.1}{\376\377\003\244\003\271\000\040\003\266\003\267\003\304\003\254\000\040\003\304\003\277\000\040\003\265\003\301\003\316\003\304\003\267\003\274\003\261\000\040\003\261}{section.32}% 130
\BOOKMARK [1][-]{section.33}{\376\377\003\233\003\315\003\303\003\267\000\040\003\265\003\301\003\311\003\304\003\256\003\274\003\261\003\304\003\277\003\302\000\040\003\262}{}% 131
\BOOKMARK [2][-]{subsection.33.1}{\376\377\003\244\003\271\000\040\003\266\003\267\003\304\003\254\000\040\003\304\003\277\000\040\003\265\003\301\003\316\003\304\003\267\003\274\003\261\000\040\003\262}{section.33}% 132
\BOOKMARK [1][-]{section.34}{\376\377\003\233\003\315\003\303\003\267\000\040\003\265\003\301\003\311\003\304\003\256\003\274\003\261\003\304\003\277\003\302\000\040\003\263}{}% 133
\BOOKMARK [2][-]{subsection.34.1}{\376\377\003\244\003\271\000\040\003\266\003\267\003\304\003\254\000\040\003\304\003\277\000\040\003\265\003\301\003\316\003\304\003\267\003\274\003\261\000\040\003\263}{section.34}% 134
\BOOKMARK [1][-]{section.35}{\376\377\003\233\003\315\003\303\003\267\000\040\003\265\003\301\003\311\003\304\003\256\003\274\003\261\003\304\003\277\003\302\000\040\003\264}{}% 135
\BOOKMARK [2][-]{subsection.35.1}{\376\377\003\244\003\271\000\040\003\266\003\267\003\304\003\254\000\040\003\304\003\277\000\040\003\265\003\301\003\316\003\304\003\267\003\274\003\261\000\040\003\264}{section.35}% 136
\BOOKMARK [2][-]{subsection.35.2}{\376\377\003\240\003\301\003\277\003\304\003\265\003\271\003\275\003\314\003\274\003\265\003\275\003\267\000\040\003\272\003\261\003\304\003\261\003\275\003\277\003\274\003\256}{section.35}% 137
\BOOKMARK [2][-]{subsection.35.3}{\376\377\003\223\003\271\003\261\003\304\003\257\000\040\003\267\000\040\003\272\003\261\003\304\003\261\003\275\003\277\003\274\003\256\000\040\003\265\003\257\003\275\003\261\003\271\000\040\003\265\003\306\003\271\003\272\003\304\003\256}{section.35}% 138
\BOOKMARK [1][-]{section.36}{\376\377\003\233\003\315\003\303\003\267\000\040\003\265\003\301\003\311\003\304\003\256\003\274\003\261\003\304\003\277\003\302\000\040\003\265}{}% 139
\BOOKMARK [2][-]{subsection.36.1}{\376\377\003\244\003\271\000\040\003\266\003\267\003\304\003\254\000\040\003\304\003\277\000\040\003\265\003\301\003\316\003\304\003\267\003\274\003\261\000\040\003\265}{section.36}% 140
\BOOKMARK [2][-]{subsection.36.2}{\376\377\003\245\003\300\003\277\003\273\003\277\003\263\003\271\003\303\003\274\003\314\003\302\000\040\003\261\003\300\003\277\003\264\003\277\003\304\003\271\003\272\003\314\003\304\003\267\003\304\003\261\003\302}{section.36}% 141
\BOOKMARK [2][-]{subsection.36.3}{\376\377\003\243\003\305\003\275\003\277\003\273\003\271\003\272\003\314\003\302\000\040\003\275\003\265\003\272\003\301\003\314\003\302\000\040\003\307\003\301\003\314\003\275\003\277\003\302}{section.36}% 142
\BOOKMARK [2][-]{subsection.36.4}{\376\377\003\245\003\300\003\277\003\273\003\277\003\263\003\271\003\303\003\274\003\314\003\302\000\040\003\264\003\265\003\257\003\272\003\304\003\267\000\040\003\277\003\274\003\261\003\273\003\314\003\304\003\267\003\304\003\261\003\302}{section.36}% 143
\BOOKMARK [2][-]{subsection.36.5}{\376\377\003\243\003\267\003\274\003\265\003\257\003\311\003\303\003\267\000\040\003\263\003\271\003\261\000\040\003\265\003\275\003\261\003\273\003\273\003\261\003\272\003\304\003\271\003\272\003\314\000\040\003\277\003\301\003\271\003\303\003\274\003\314}{section.36}% 144
\BOOKMARK [1][-]{section.37}{\376\377\003\244\003\265\003\273\003\271\003\272\003\314\000\040\003\303\003\305\003\274\003\300\003\255\003\301\003\261\003\303\003\274\003\261\000\040\003\206\003\303\003\272\003\267\003\303\003\267\003\302\000\040\0005}{}% 145
\BOOKMARK [1][-]{section.38}{\376\377\003\206\003\303\003\272\003\267\003\303\003\267\000\040\0006}{}% 146
\BOOKMARK [2][-]{subsection.38.1}{\376\377\003\227\000\040\003\265\003\272\003\306\003\316\003\275\003\267\003\303\003\267\000\040\003\274\003\265\000\040\003\261\003\300\003\273\003\254\000\040\003\273\003\314\003\263\003\271\003\261}{section.38}% 147
\BOOKMARK [2][-]{subsection.38.2}{\376\377\003\223\003\271\003\261\003\304\003\257\000\040\003\303\003\305\003\263\003\272\003\301\003\257\003\275\003\277\003\305\003\274\003\265\000\040\003\303\003\304\003\277\003\305\003\302\000\040\003\274\003\256\003\275\003\265\003\302\000\040\0001\0003\000\040\003\255\003\311\003\302\000\040\0002\0004}{section.38}% 148
\BOOKMARK [1][-]{section.39}{\376\377\003\224\003\265\003\264\003\277\003\274\003\255\003\275\003\261\000\040\003\206\003\303\003\272\003\267\003\303\003\267\003\302\000\040\0006}{}% 149
\BOOKMARK [2][-]{subsection.39.1}{\376\377\003\221\003\275\003\304\003\271\003\272\003\261\003\304\003\254\003\303\003\304\003\261\003\303\003\267\000\040\003\304\003\277\003\305\000\040\000x}{section.39}% 150
\BOOKMARK [2][-]{subsection.39.2}{\376\377\003\244\003\265\003\273\003\271\003\272\003\256\000\040\003\307\003\301\003\277\003\275\003\277\003\303\003\265\003\271\003\301\003\254\000\040\003\266\003\256\003\304\003\267\003\303\003\267\003\302}{section.39}% 151
\BOOKMARK [1][-]{section.40}{\376\377\003\230\003\265\003\311\003\301\003\267\003\304\003\271\003\272\003\314\000\040\003\305\003\300\003\314\003\262\003\261\003\270\003\301\003\277\000\040\003\206\003\303\003\272\003\267\003\303\003\267\003\302\000\040\0006}{}% 152
\BOOKMARK [2][-]{subsection.40.1}{\376\377\003\244\003\271\000\040\003\265\003\257\003\275\003\261\003\271\000\040\003\307\003\301\003\277\003\275\003\277\003\303\003\265\003\271\003\301\003\254}{section.40}% 153
\BOOKMARK [2][-]{subsection.40.2}{\376\377\003\244\003\271\000\040\003\265\003\257\003\275\003\261\003\271\000\040\003\261\003\300\003\273\003\256\000\040\003\265\003\272\003\270\003\265\003\304\003\271\003\272\003\256\000\040\003\265\003\276\003\277\003\274\003\254\003\273\003\305\003\275\003\303\003\267}{section.40}% 154
\BOOKMARK [2][-]{subsection.40.3}{\376\377\003\244\003\271\000\040\003\303\003\267\003\274\003\261\003\257\003\275\003\265\003\271\000\040\003\267\000\040\003\300\003\261\003\301\003\254\003\274\003\265\003\304\003\301\003\277\003\302\000\040\000a\000l\000p\000h\000a}{section.40}% 155
\BOOKMARK [2][-]{subsection.40.4}{\376\377\003\244\003\271\000\040\003\265\003\257\003\275\003\261\003\271\000\040\003\303\003\306\003\254\003\273\003\274\003\261\000\040\003\300\003\301\003\314\003\262\003\273\003\265\003\310\003\267\003\302}{section.40}% 156
\BOOKMARK [2][-]{subsection.40.5}{\376\377\003\224\003\265\003\257\003\272\003\304\003\265\003\302\000\040\003\261\003\272\003\301\003\257\003\262\003\265\003\271\003\261\003\302}{section.40}% 157
\BOOKMARK [1][-]{section.41}{\376\377\003\221\003\301\003\307\003\271\003\272\003\256\000\040\003\300\003\301\003\314\003\262\003\273\003\265\003\310\003\267}{}% 158
\BOOKMARK [1][-]{section.42}{\376\377\003\245\003\300\003\277\003\273\003\277\003\263\003\271\003\303\003\274\003\277\003\257\000\040\003\274\003\265\000\040\000a\000l\000p\000h\000a\000\040\000=\000\040\0000\000,\0001}{}% 159
\BOOKMARK [2][-]{subsection.42.1}{\376\377\003\240\003\316\003\302\000\040\003\265\003\275\003\267\003\274\003\265\003\301\003\316\003\275\003\265\003\304\003\261\003\271\000\040\003\267\000\040\003\300\003\301\003\314\003\262\003\273\003\265\003\310\003\267}{section.42}% 160
\BOOKMARK [2][-]{subsection.42.2}{\376\377\003\240\003\257\003\275\003\261\003\272\003\261\003\302\000\040\003\300\003\301\003\277\003\262\003\273\003\255\003\310\003\265\003\311\003\275\000\040\003\272\003\261\003\271\000\040\003\303\003\306\003\261\003\273\003\274\003\254\003\304\003\311\003\275\000\040\003\263\003\271\003\261\000\040\000a\000l\000p\000h\000a\000\040\000=\000\040\0000\000,\0001}{section.42}% 161
\BOOKMARK [1][-]{section.43}{\376\377\003\245\003\300\003\277\003\273\003\277\003\263\003\271\003\303\003\274\003\277\003\257\000\040\003\274\003\265\000\040\000a\000l\000p\000h\000a\000\040\000=\000\040\0000\000,\0002}{}% 162
\BOOKMARK [1][-]{section.44}{\376\377\003\243\003\315\003\263\003\272\003\301\003\271\003\303\003\267\000\040\003\304\003\311\003\275\000\040\003\264\003\315\003\277\000\040\003\304\003\271\003\274\003\316\003\275\000\040\000a\000l\000p\000h\000a}{}% 163
\BOOKMARK [1][-]{section.45}{\376\377\003\240\003\301\003\314\003\262\003\273\003\265\003\310\003\267\000\040\003\263\003\271\003\261\000\040\003\304\003\277\003\305\003\302\000\040\003\274\003\256\003\275\003\265\003\302\000\040\0002\0005\000\040\003\255\003\311\003\302\000\040\0003\0006}{}% 164
\BOOKMARK [2][-]{subsection.45.1}{\376\377\003\245\003\300\003\277\003\273\003\277\003\263\003\271\003\303\003\274\003\314\003\302\000\040\003\300\003\301\003\314\003\262\003\273\003\265\003\310\003\267\003\302\000\040\003\263\003\271\003\261\000\040\003\304\003\277\003\275\000\040\003\274\003\256\003\275\003\261\000\040\0002\0005}{section.45}% 165
\BOOKMARK [2][-]{subsection.45.2}{\376\377\003\223\003\271\003\261\003\304\003\257\000\040\003\277\003\271\000\040\003\300\003\301\003\277\003\262\003\273\003\255\003\310\003\265\003\271\003\302\000\040\0002\0005\000\040\003\255\003\311\003\302\000\040\0003\0006\000\040\003\265\003\257\003\275\003\261\003\271\000\040\003\257\003\264\003\271\003\265\003\302}{section.45}% 166
\BOOKMARK [1][-]{section.46}{\376\377\003\223\003\301\003\254\003\306\003\267\003\274\003\261\000\040\003\300\003\301\003\261\003\263\003\274\003\261\003\304\003\271\003\272\003\256\003\302\000\040\003\266\003\256\003\304\003\267\003\303\003\267\003\302\000\040\003\272\003\261\003\271\000\040\003\300\003\301\003\314\003\262\003\273\003\265\003\310\003\267\003\302}{}% 167
\BOOKMARK [1][-]{section.47}{\376\377\003\244\003\265\003\273\003\271\003\272\003\314\000\040\003\303\003\305\003\274\003\300\003\255\003\301\003\261\003\303\003\274\003\261\000\040\003\206\003\303\003\272\003\267\003\303\003\267\003\302\000\040\0006}{}% 168
\BOOKMARK [1][-]{section.48}{\376\377\003\206\003\303\003\272\003\267\003\303\003\267\000\040\0007}{}% 169
\BOOKMARK [2][-]{subsection.48.1}{\376\377\003\227\000\040\003\265\003\272\003\306\003\316\003\275\003\267\003\303\003\267\000\040\003\274\003\265\000\040\003\261\003\300\003\273\003\254\000\040\003\273\003\314\003\263\003\271\003\261}{section.48}% 170
\BOOKMARK [1][-]{section.49}{\376\377\003\224\003\265\003\264\003\277\003\274\003\255\003\275\003\261\000\040\003\206\003\303\003\272\003\267\003\303\003\267\003\302\000\040\0007}{}% 171
\BOOKMARK [1][-]{section.50}{\376\377\003\230\003\265\003\311\003\301\003\267\003\304\003\271\003\272\003\314\000\040\003\305\003\300\003\314\003\262\003\261\003\270\003\301\003\277\000\040\003\206\003\303\003\272\003\267\003\303\003\267\003\302\000\040\0007}{}% 172
\BOOKMARK [2][-]{subsection.50.1}{\376\377\003\244\003\271\000\040\003\265\003\257\003\275\003\261\003\271\000\040\003\261\003\300\003\314\003\270\003\265\003\274\003\261}{section.50}% 173
\BOOKMARK [2][-]{subsection.50.2}{\376\377\003\244\003\271\000\040\003\265\003\257\003\275\003\261\003\271\000\040\003\304\003\277\000\040\003\303\003\315\003\303\003\304\003\267\003\274\003\261\000\040\000E\000O\000Q}{section.50}% 174
\BOOKMARK [2][-]{subsection.50.3}{\376\377\003\244\003\271\000\040\003\265\003\257\003\275\003\261\003\271\000\040\003\272\003\314\003\303\003\304\003\277\003\302\000\040\003\300\003\261\003\301\003\261\003\263\003\263\003\265\003\273\003\257\003\261\003\302}{section.50}% 175
\BOOKMARK [2][-]{subsection.50.4}{\376\377\003\244\003\271\000\040\003\265\003\257\003\275\003\261\003\271\000\040\003\272\003\314\003\303\003\304\003\277\003\302\000\040\003\264\003\271\003\261\003\304\003\256\003\301\003\267\003\303\003\267\003\302\000\040\003\261\003\300\003\277\003\270\003\255\003\274\003\261\003\304\003\277\003\302}{section.50}% 176
\BOOKMARK [2][-]{subsection.50.5}{\376\377\003\244\003\271\000\040\003\265\003\257\003\275\003\261\003\271\000\040\003\303\003\304\003\254\003\270\003\274\003\267\000\040\003\300\003\261\003\301\003\261\003\263\003\263\003\265\003\273\003\257\003\261\003\302}{section.50}% 177
\BOOKMARK [2][-]{subsection.50.6}{\376\377\003\244\003\271\000\040\003\265\003\257\003\275\003\261\003\271\000\040\003\274\003\255\003\303\003\277\000\040\003\261\003\300\003\314\003\270\003\265\003\274\003\261}{section.50}% 178
\BOOKMARK [2][-]{subsection.50.7}{\376\377\003\244\003\271\000\040\003\265\003\257\003\275\003\261\003\271\000\040\003\272\003\305\003\272\003\273\003\277\003\306\003\277\003\301\003\271\003\261\003\272\003\256\000\040\003\304\003\261\003\307\003\315\003\304\003\267\003\304\003\261\000\040\003\261\003\300\003\277\003\270\003\265\003\274\003\254\003\304\003\311\003\275}{section.50}% 179
\BOOKMARK [2][-]{subsection.50.8}{\376\377\003\244\003\271\000\040\003\265\003\257\003\275\003\261\003\271\000\040\003\264\003\271\003\254\003\301\003\272\003\265\003\271\003\261\000\040\003\261\003\300\003\277\003\270\003\265\003\274\003\254\003\304\003\311\003\275}{section.50}% 180
\BOOKMARK [1][-]{section.51}{\376\377\003\233\003\315\003\303\003\267\000\040\003\265\003\301\003\311\003\304\003\256\003\274\003\261\003\304\003\277\003\302\000\040\003\261}{}% 181
\BOOKMARK [2][-]{subsection.51.1}{\376\377\003\244\003\271\000\040\003\266\003\267\003\304\003\254\000\040\003\304\003\277\000\040\003\265\003\301\003\316\003\304\003\267\003\274\003\261\000\040\003\261}{section.51}% 182
\BOOKMARK [1][-]{section.52}{\376\377\003\233\003\315\003\303\003\267\000\040\003\265\003\301\003\311\003\304\003\256\003\274\003\261\003\304\003\277\003\302\000\040\003\262}{}% 183
\BOOKMARK [2][-]{subsection.52.1}{\376\377\003\234\003\255\003\303\003\277\000\040\003\261\003\300\003\314\003\270\003\265\003\274\003\261}{section.52}% 184
\BOOKMARK [2][-]{subsection.52.2}{\376\377\003\247\003\301\003\314\003\275\003\277\003\302\000\040\003\274\003\265\003\304\003\261\003\276\003\315\000\040\003\264\003\271\003\261\003\264\003\277\003\307\003\271\003\272\003\316\003\275\000\040\003\300\003\261\003\301\003\261\003\263\003\263\003\265\003\273\003\271\003\316\003\275}{section.52}% 185
\BOOKMARK [2][-]{subsection.52.3}{\376\377\003\221\003\301\003\271\003\270\003\274\003\314\003\302\000\040\003\300\003\261\003\301\003\261\003\263\003\263\003\265\003\273\003\271\003\316\003\275\000\040\003\261\003\275\003\254\000\040\003\255\003\304\003\277\003\302}{section.52}% 186
\BOOKMARK [2][-]{subsection.52.4}{\376\377\003\232\003\305\003\272\003\273\003\277\003\306\003\277\003\301\003\271\003\261\003\272\003\256\000\040\003\304\003\261\003\307\003\315\003\304\003\267\003\304\003\261\000\040\003\261\003\300\003\277\003\270\003\265\003\274\003\254\003\304\003\311\003\275}{section.52}% 187
\BOOKMARK [2][-]{subsection.52.5}{\376\377\003\224\003\271\003\254\003\301\003\272\003\265\003\271\003\261\000\040\003\261\003\300\003\277\003\270\003\265\003\274\003\254\003\304\003\311\003\275}{section.52}% 188
\BOOKMARK [1][-]{section.53}{\376\377\003\233\003\315\003\303\003\267\000\040\003\265\003\301\003\311\003\304\003\256\003\274\003\261\003\304\003\277\003\302\000\040\003\263}{}% 189
\BOOKMARK [2][-]{subsection.53.1}{\376\377\003\244\003\271\000\040\003\266\003\267\003\304\003\254\000\040\003\304\003\277\000\040\003\265\003\301\003\316\003\304\003\267\003\274\003\261\000\040\003\263}{section.53}% 190
\BOOKMARK [2][-]{subsection.53.2}{\376\377\003\225\003\304\003\256\003\303\003\271\003\277\000\040\003\272\003\314\003\303\003\304\003\277\003\302\000\040\003\300\003\261\003\301\003\261\003\263\003\263\003\265\003\273\003\271\003\316\003\275}{section.53}% 191
\BOOKMARK [2][-]{subsection.53.3}{\376\377\003\225\003\304\003\256\003\303\003\271\003\277\000\040\003\272\003\314\003\303\003\304\003\277\003\302\000\040\003\264\003\271\003\261\003\304\003\256\003\301\003\267\003\303\003\267\003\302}{section.53}% 192
\BOOKMARK [2][-]{subsection.53.4}{\376\377\003\243\003\305\003\275\003\277\003\273\003\271\003\272\003\314\000\040\003\265\003\304\003\256\003\303\003\271\003\277\000\040\003\272\003\314\003\303\003\304\003\277\003\302}{section.53}% 193
\BOOKMARK [1][-]{section.54}{\376\377\003\233\003\315\003\303\003\267\000\040\003\265\003\301\003\311\003\304\003\256\003\274\003\261\003\304\003\277\003\302\000\040\003\264}{}% 194
\BOOKMARK [2][-]{subsection.54.1}{\376\377\003\244\003\271\000\040\003\266\003\267\003\304\003\254\000\040\003\304\003\277\000\040\003\265\003\301\003\316\003\304\003\267\003\274\003\261\000\040\003\264}{section.54}% 195
\BOOKMARK [2][-]{subsection.54.2}{\376\377\003\233\003\315\003\303\003\267\000\040\003\304\003\277\003\305\000\040\003\304\003\315\003\300\003\277\003\305\000\040\003\311\003\302\000\040\003\300\003\301\003\277\003\302\000\040\000H}{section.54}% 196
\BOOKMARK [1][-]{section.55}{\376\377\003\244\003\265\003\273\003\271\003\272\003\314\000\040\003\303\003\305\003\274\003\300\003\255\003\301\003\261\003\303\003\274\003\261\000\040\003\206\003\303\003\272\003\267\003\303\003\267\003\302\000\040\0007}{}% 197
\BOOKMARK [1][-]{section.56}{\376\377\003\206\003\303\003\272\003\267\003\303\003\267\000\040\0008}{}% 198
\BOOKMARK [2][-]{subsection.56.1}{\376\377\003\227\000\040\003\265\003\272\003\306\003\316\003\275\003\267\003\303\003\267\000\040\003\274\003\265\000\040\003\261\003\300\003\273\003\254\000\040\003\273\003\314\003\263\003\271\003\261}{section.56}% 199
\BOOKMARK [1][-]{section.57}{\376\377\003\224\003\265\003\264\003\277\003\274\003\255\003\275\003\261\000\040\003\206\003\303\003\272\003\267\003\303\003\267\003\302\000\040\0008}{}% 200
\BOOKMARK [2][-]{subsection.57.1}{\376\377\003\221\003\275\003\304\003\271\003\272\003\261\003\304\003\254\003\303\003\304\003\261\003\303\003\267\000\040\003\304\003\277\003\305\000\040\000x}{section.57}% 201
\BOOKMARK [1][-]{section.58}{\376\377\003\230\003\265\003\311\003\301\003\267\003\304\003\271\003\272\003\314\000\040\003\305\003\300\003\314\003\262\003\261\003\270\003\301\003\277\000\040\003\206\003\303\003\272\003\267\003\303\003\267\003\302\000\040\0008}{}% 202
\BOOKMARK [2][-]{subsection.58.1}{\376\377\003\244\003\271\000\040\003\265\003\257\003\275\003\261\003\271\000\040\003\300\003\301\003\277\003\264\003\271\003\261\003\263\003\301\003\261\003\306\003\255\003\302}{section.58}% 203
\BOOKMARK [2][-]{subsection.58.2}{\376\377\003\244\003\271\000\040\003\265\003\257\003\275\003\261\003\271\000\040\003\306\003\305\003\303\003\271\003\272\003\254\000\040\003\314\003\301\003\271\003\261\000\040\003\261\003\275\003\277\003\307\003\316\003\275}{section.58}% 204
\BOOKMARK [2][-]{subsection.58.3}{\376\377\003\244\003\271\000\040\003\265\003\257\003\275\003\261\003\271\000\040\003\264\003\265\003\257\003\272\003\304\003\267\003\302\000\040\003\271\003\272\003\261\003\275\003\314\003\304\003\267\003\304\003\261\003\302\000\040\003\264\003\271\003\261\003\264\003\271\003\272\003\261\003\303\003\257\003\261\003\302}{section.58}% 205
\BOOKMARK [2][-]{subsection.58.4}{\376\377\003\244\003\271\000\040\003\265\003\257\003\275\003\261\003\271\000\040\003\264\003\271\003\254\003\263\003\301\003\261\003\274\003\274\003\261\000\040\003\265\003\273\003\255\003\263\003\307\003\277\003\305\000\040\003\274\003\255\003\303\003\267\003\302\000\040\003\304\003\271\003\274\003\256\003\302}{section.58}% 206
\BOOKMARK [1][-]{section.59}{\376\377\003\233\003\315\003\303\003\267\000\040\003\265\003\301\003\311\003\304\003\256\003\274\003\261\003\304\003\277\003\302\000\040\003\261}{}% 207
\BOOKMARK [2][-]{subsection.59.1}{\376\377\003\244\003\271\000\040\003\266\003\267\003\304\003\254\000\040\003\304\003\277\000\040\003\265\003\301\003\316\003\304\003\267\003\274\003\261\000\040\003\261}{section.59}% 208
\BOOKMARK [2][-]{subsection.59.2}{\376\377\003\245\003\300\003\277\003\273\003\277\003\263\003\271\003\303\003\274\003\314\003\302\000\040\003\306\003\305\003\303\003\271\003\272\003\316\003\275\000\040\003\277\003\301\003\257\003\311\003\275\000\040\003\261\003\275\003\277\003\307\003\316\003\275}{section.59}% 209
\BOOKMARK [2][-]{subsection.59.3}{\376\377\003\243\003\315\003\263\003\272\003\301\003\271\003\303\003\267\000\040\003\274\003\265\000\040\003\304\003\271\003\302\000\040\003\300\003\301\003\277\003\264\003\271\003\261\003\263\003\301\003\261\003\306\003\255\003\302}{section.59}% 210
\BOOKMARK [2][-]{subsection.59.4}{\376\377\003\245\003\300\003\277\003\273\003\277\003\263\003\271\003\303\003\274\003\314\003\302\000\040\003\264\003\265\003\257\003\272\003\304\003\267\000\040\003\271\003\272\003\261\003\275\003\314\003\304\003\267\003\304\003\261\003\302}{section.59}% 211
\BOOKMARK [2][-]{subsection.59.5}{\376\377\003\225\003\301\003\274\003\267\003\275\003\265\003\257\003\261\000\040\003\261\003\300\003\277\003\304\003\265\003\273\003\255\003\303\003\274\003\261\003\304\003\277\003\302}{section.59}% 212
\BOOKMARK [1][-]{section.60}{\376\377\003\233\003\315\003\303\003\267\000\040\003\265\003\301\003\311\003\304\003\256\003\274\003\261\003\304\003\277\003\302\000\040\003\262}{}% 213
\BOOKMARK [2][-]{subsection.60.1}{\376\377\003\244\003\271\000\040\003\266\003\267\003\304\003\254\000\040\003\304\003\277\000\040\003\265\003\301\003\316\003\304\003\267\003\274\003\261\000\040\003\262}{section.60}% 214
\BOOKMARK [2][-]{subsection.60.2}{\376\377\003\244\003\305\003\300\003\271\003\272\003\256\000\040\003\261\003\300\003\314\003\272\003\273\003\271\003\303\003\267\000\040\003\304\003\267\003\302\000\040\003\274\003\255\003\303\003\267\003\302\000\040\003\304\003\271\003\274\003\256\003\302}{section.60}% 215
\BOOKMARK [2][-]{subsection.60.3}{\376\377\003\245\003\300\003\277\003\273\003\277\003\263\003\271\003\303\003\274\003\314\003\302\000\040\003\277\003\301\003\257\003\311\003\275\000\040\003\265\003\273\003\255\003\263\003\307\003\277\003\305}{section.60}% 216
\BOOKMARK [2][-]{subsection.60.4}{\376\377\003\224\003\271\003\254\003\263\003\301\003\261\003\274\003\274\003\261\000\040\003\265\003\273\003\255\003\263\003\307\003\277\003\305}{section.60}% 217
\BOOKMARK [1][-]{section.61}{\376\377\003\233\003\315\003\303\003\267\000\040\003\265\003\301\003\311\003\304\003\256\003\274\003\261\003\304\003\277\003\302\000\040\003\263}{}% 218
\BOOKMARK [2][-]{subsection.61.1}{\376\377\003\244\003\271\000\040\003\266\003\267\003\304\003\254\000\040\003\304\003\277\000\040\003\265\003\301\003\316\003\304\003\267\003\274\003\261\000\040\003\263}{section.61}% 219
\BOOKMARK [2][-]{subsection.61.2}{\376\377\003\245\003\300\003\277\003\273\003\277\003\263\003\271\003\303\003\274\003\314\003\302\000\040\003\304\003\267\003\302\000\040\003\300\003\255\003\274\003\300\003\304\003\267\003\302\000\040\003\274\003\255\003\304\003\301\003\267\003\303\003\267\003\302}{section.61}% 220
\BOOKMARK [2][-]{subsection.61.3}{\376\377\003\245\003\300\003\277\003\273\003\277\003\263\003\271\003\303\003\274\003\314\003\302\000\040\003\274\003\255\003\303\003\267\003\302\000\040\003\304\003\271\003\274\003\256\003\302\000\040\003\264\003\265\003\257\003\263\003\274\003\261\003\304\003\277\003\302}{section.61}% 221
\BOOKMARK [2][-]{subsection.61.4}{\376\377\003\210\003\273\003\265\003\263\003\307\003\277\003\302\000\040\003\261\003\275\000\040\003\304\003\277\000\040\003\264\003\265\003\257\003\263\003\274\003\261\000\040\003\265\003\257\003\275\003\261\003\271\000\040\003\265\003\275\003\304\003\314\003\302\000\040\003\277\003\301\003\257\003\311\003\275}{section.61}% 222
\BOOKMARK [2][-]{subsection.61.5}{\376\377\003\225\003\301\003\274\003\267\003\275\003\265\003\257\003\261\000\040\003\263\003\271\003\261\000\040\003\304\003\267\000\040\003\264\003\271\003\261\003\264\003\271\003\272\003\261\003\303\003\257\003\261}{section.61}% 223
\BOOKMARK [1][-]{section.62}{\376\377\003\244\003\265\003\273\003\271\003\272\003\314\000\040\003\303\003\305\003\274\003\300\003\255\003\301\003\261\003\303\003\274\003\261\000\040\003\206\003\303\003\272\003\267\003\303\003\267\003\302\000\040\0008}{}% 224
