\BOOKMARK [1][-]{section.1}{\376\377\003\223\003\265\003\275\003\271\003\272\003\314\000\040\003\300\003\273\003\261\003\257\003\303\003\271\003\277\000\040\003\304\003\267\003\302\000\040\003\265\003\301\003\263\003\261\003\303\003\257\003\261\003\302}{}% 1
\BOOKMARK [2][-]{subsection.1.1}{\376\377\003\240\003\301\003\277\003\262\003\273\003\265\003\300\003\304\003\271\003\272\003\255\003\302\000\040\003\274\003\265\003\304\003\261\003\262\003\273\003\267\003\304\003\255\003\302}{section.1}% 2
\BOOKMARK [2][-]{subsection.1.2}{\376\377\000T\000r\000a\000i\000n\000i\000n\000g\000\040\000s\000e\000t\000\040\003\272\003\261\003\271\000\040\000t\000e\000s\000t\000\040\000s\000e\000t}{section.1}% 3
\BOOKMARK [2][-]{subsection.1.3}{\376\377\003\240\003\316\003\302\000\040\003\274\003\265\003\304\003\301\003\254\003\274\003\265\000\040\003\304\003\267\003\275\000\040\003\261\003\300\003\314\003\264\003\277\003\303\003\267}{section.1}% 4
\BOOKMARK [1][-]{section.2}{\376\377\003\225\003\301\003\316\003\304\003\267\003\274\003\261\000\040\0001\000:\000\040\003\224\003\255\003\275\003\304\003\301\003\277\000\040\003\304\003\261\003\276\003\271\003\275\003\314\003\274\003\267\003\303\003\267\003\302\000\040\003\274\003\255\003\263\003\271\003\303\003\304\003\277\003\305\000\040\003\262\003\254\003\270\003\277\003\305\003\302\000\040\0002}{}% 5
\BOOKMARK [2][-]{subsection.2.1}{\376\377\003\244\003\271\000\040\003\266\003\267\003\304\003\254\003\265\003\271\000\040\003\304\003\277\000\040\003\265\003\301\003\316\003\304\003\267\003\274\003\261}{section.2}% 6
\BOOKMARK [2][-]{subsection.2.2}{\376\377\003\230\003\265\003\311\003\301\003\267\003\304\003\271\003\272\003\314\000\040\003\305\003\300\003\314\003\262\003\261\003\270\003\301\003\277}{section.2}% 7
\BOOKMARK [2][-]{subsection.2.3}{\376\377\003\240\003\316\003\302\000\040\003\261\003\300\003\277\003\306\003\261\003\303\003\257\003\266\003\265\003\271\000\040\003\304\003\277\000\040\003\264\003\255\003\275\003\304\003\301\003\277\000\040\003\300\003\277\003\271\003\265\003\302\000\040\003\274\003\265\003\304\003\261\003\262\003\273\003\267\003\304\003\255\003\302\000\040\003\270\003\261\000\040\003\307\003\301\003\267\003\303\003\271\003\274\003\277\003\300\003\277\003\271\003\256\003\303\003\265\003\271}{section.2}% 8
\BOOKMARK [2][-]{subsection.2.4}{\376\377\003\240\003\316\003\302\000\040\003\265\003\300\003\271\003\273\003\255\003\263\003\265\003\304\003\261\003\271\000\040\003\304\003\277\000\040\000t\000h\000r\000e\000s\000h\000o\000l\000d\000\040\003\274\003\257\003\261\003\302\000\040\003\274\003\265\003\304\003\261\003\262\003\273\003\267\003\304\003\256\003\302}{section.2}% 9
\BOOKMARK [2][-]{subsection.2.5}{\376\377\003\223\003\271\003\261\003\304\003\257\000\040\003\265\003\300\003\271\003\273\003\255\003\307\003\270\003\267\003\272\003\265\000\040\003\300\003\301\003\316\003\304\003\261\000\040\003\304\003\277\000\040\000t\000o\000t\000a\000l\000\040\000s\000u\000l\000f\000u\000r\000\040\000d\000i\000o\000x\000i\000d\000e}{section.2}% 10
\BOOKMARK [2][-]{subsection.2.6}{\376\377\003\223\003\271\003\261\003\304\003\257\000\040\003\274\003\265\003\304\003\254\000\040\003\265\003\300\003\271\003\273\003\255\003\307\003\270\003\267\003\272\003\265\000\040\003\267\000\040\000c\000h\000l\000o\000r\000i\000d\000e\000s}{section.2}% 11
\BOOKMARK [2][-]{subsection.2.7}{\376\377\003\240\003\316\003\302\000\040\003\304\003\277\000\040\003\273\003\315\003\303\003\261\003\274\003\265}{section.2}% 12
\BOOKMARK [2][-]{subsection.2.8}{\376\377\003\221\003\300\003\277\003\304\003\265\003\273\003\255\003\303\003\274\003\261\003\304\003\261}{section.2}% 13
\BOOKMARK [2][-]{subsection.2.9}{\376\377\003\240\003\316\003\302\000\040\003\300\003\301\003\277\003\272\003\315\003\300\003\304\003\277\003\305\003\275\000\040\003\261\003\305\003\304\003\255\003\302\000\040\003\277\003\271\000\040\003\304\003\271\003\274\003\255\003\302}{section.2}% 14
\BOOKMARK [2][-]{subsection.2.10}{\376\377\003\225\003\301\003\274\003\267\003\275\003\265\003\257\003\261}{section.2}% 15
\BOOKMARK [1][-]{section.3}{\376\377\003\225\003\301\003\316\003\304\003\267\003\274\003\261\000\040\0002\000:\000\040\000B\000a\000g\000g\000i\000n\000g\000\040\003\274\003\265\000\040\0002\0000\0000\000\040\003\265\003\272\003\304\003\271\003\274\003\267\003\304\003\255\003\302}{}% 16
\BOOKMARK [2][-]{subsection.3.1}{\376\377\003\244\003\271\000\040\003\266\003\267\003\304\003\254\003\265\003\271\000\040\003\304\003\277\000\040\003\265\003\301\003\316\003\304\003\267\003\274\003\261}{section.3}% 17
\BOOKMARK [2][-]{subsection.3.2}{\376\377\003\227\000\040\003\300\003\271\003\277\000\040\003\261\003\300\003\273\003\256\000\040\003\271\003\264\003\255\003\261\000\040\003\304\003\277\003\305\000\040\000B\000a\000g\000g\000i\000n\000g}{section.3}% 18
\BOOKMARK [2][-]{subsection.3.3}{\376\377\003\221\003\300\003\314\000\040\003\300\003\277\003\315\000\040\003\262\003\263\003\261\003\257\003\275\003\277\003\305\003\275\000\040\003\304\003\261\000\040\0002\0000\0000\000\040\003\264\003\271\003\261\003\306\003\277\003\301\003\265\003\304\003\271\003\272\003\254\000\040\003\264\003\255\003\275\003\304\003\301\003\261}{section.3}% 19
\BOOKMARK [2][-]{subsection.3.4}{\376\377\003\206\003\301\003\261\000\040\003\304\003\271\000\040\003\255\003\272\003\261\003\275\003\265\000\040\003\304\003\277\000\040\000B\000a\000g\000g\000i\000n\000g\000\040\003\303\003\304\003\267\000\040\003\264\003\271\003\272\003\256\000\040\003\274\003\261\003\302\000\040\003\265\003\301\003\263\003\261\003\303\003\257\003\261}{section.3}% 20
\BOOKMARK [2][-]{subsection.3.5}{\376\377\003\230\003\265\003\311\003\301\003\267\003\304\003\271\003\272\003\314\000\040\003\305\003\300\003\314\003\262\003\261\003\270\003\301\003\277}{section.3}% 21
\BOOKMARK [2][-]{subsection.3.6}{\376\377\003\244\003\271\000\040\003\261\003\272\003\301\003\271\003\262\003\316\003\302\000\040\003\272\003\254\003\275\003\265\003\271\000\040\003\304\003\277\000\040\000B\000a\000g\000g\000i\000n\000g\000\040\003\303\003\304\003\261\000\040\003\264\003\271\003\272\003\254\000\040\003\274\003\261\003\302\000\040\003\264\003\265\003\264\003\277\003\274\003\255\003\275\003\261}{section.3}% 22
\BOOKMARK [2][-]{subsection.3.7}{\376\377\003\240\003\316\003\302\000\040\003\263\003\257\003\275\003\265\003\304\003\261\003\271\000\040\003\267\000\040\003\304\003\265\003\273\003\271\003\272\003\256\000\040\003\310\003\267\003\306\003\277\003\306\003\277\003\301\003\257\003\261}{section.3}% 23
\BOOKMARK [2][-]{subsection.3.8}{\376\377\003\223\003\271\003\261\003\304\003\257\000\040\003\304\003\277\000\040\000B\000a\000g\000g\000i\000n\000g\000\040\003\262\003\277\003\267\003\270\003\254\000\040\003\304\003\261\000\040\003\264\003\255\003\275\003\304\003\301\003\261}{section.3}% 24
\BOOKMARK [2][-]{subsection.3.9}{\376\377\003\240\003\316\003\302\000\040\003\304\003\277\000\040\003\273\003\315\003\303\003\261\003\274\003\265}{section.3}% 25
\BOOKMARK [2][-]{subsection.3.10}{\376\377\003\221\003\300\003\277\003\304\003\265\003\273\003\255\003\303\003\274\003\261\003\304\003\261}{section.3}% 26
\BOOKMARK [2][-]{subsection.3.11}{\376\377\003\240\003\316\003\302\000\040\003\300\003\301\003\277\003\272\003\315\003\300\003\304\003\277\003\305\003\275\000\040\003\277\003\271\000\040\003\261\003\301\003\271\003\270\003\274\003\277\003\257\000\040\003\304\003\277\003\305\000\040\000B\000a\000g\000g\000i\000n\000g}{section.3}% 27
\BOOKMARK [2][-]{subsection.3.12}{\376\377\003\243\003\315\003\263\003\272\003\301\003\271\003\303\003\267\000\040\003\274\003\265\000\040\003\304\003\277\000\040\003\225\003\301\003\316\003\304\003\267\003\274\003\261\000\040\0001}{section.3}% 28
\BOOKMARK [2][-]{subsection.3.13}{\376\377\003\223\003\271\003\261\003\304\003\257\000\040\003\304\003\277\000\040\000B\000a\000g\000g\000i\000n\000g\000\040\003\262\003\265\003\273\003\304\003\271\003\316\003\270\003\267\003\272\003\265\000\040\003\304\003\314\003\303\003\277\000\040\003\303\003\265\000\040\003\303\003\307\003\255\003\303\003\267\000\040\003\274\003\265\000\040\003\304\003\277\000\040\003\261\003\300\003\273\003\314\000\040\003\264\003\255\003\275\003\304\003\301\003\277}{section.3}% 29
\BOOKMARK [2][-]{subsection.3.14}{\376\377\003\243\003\267\003\274\003\261\003\275\003\304\003\271\003\272\003\314\003\304\003\267\003\304\003\261\000\040\003\307\003\261\003\301\003\261\003\272\003\304\003\267\003\301\003\271\003\303\003\304\003\271\003\272\003\316\003\275}{section.3}% 30
\BOOKMARK [2][-]{subsection.3.15}{\376\377\003\243\003\305\003\274\003\300\003\255\003\301\003\261\003\303\003\274\003\261\000\040\003\225\003\301\003\311\003\304\003\256\003\274\003\261\003\304\003\277\003\302\000\040\0002}{section.3}% 31
\BOOKMARK [1][-]{section.4}{\376\377\003\225\003\301\003\316\003\304\003\267\003\274\003\261\000\040\0003\000:\000\040\000R\000a\000n\000d\000o\000m\000\040\000F\000o\000r\000e\000s\000t\000\040\003\274\003\265\000\040\0002\0000\0000\000\040\003\265\003\272\003\304\003\271\003\274\003\267\003\304\003\255\003\302\000\040\003\272\003\261\003\271\000\040\000m\000=\000p\000/\0002}{}% 32
\BOOKMARK [2][-]{subsection.4.1}{\376\377\003\244\003\271\000\040\003\266\003\267\003\304\003\254\003\265\003\271\000\040\003\304\003\277\000\040\003\265\003\301\003\316\003\304\003\267\003\274\003\261}{section.4}% 33
\BOOKMARK [2][-]{subsection.4.2}{\376\377\003\230\003\265\003\311\003\301\003\267\003\304\003\271\003\272\003\314\000\040\003\305\003\300\003\314\003\262\003\261\003\270\003\301\003\277}{section.4}% 34
\BOOKMARK [2][-]{subsection.4.3}{\376\377\003\223\003\271\003\261\003\304\003\257\000\040\003\264\003\265\003\275\000\040\003\261\003\301\003\272\003\265\003\257\000\040\003\300\003\254\003\275\003\304\003\261\000\040\003\304\003\277\000\040\000B\000a\000g\000g\000i\000n\000g}{section.4}% 35
\BOOKMARK [2][-]{subsection.4.4}{\376\377\003\244\003\261\000\040\003\264\003\315\003\277\000\040\003\265\003\300\003\257\003\300\003\265\003\264\003\261\000\040\003\304\003\305\003\307\003\261\003\271\003\314\003\304\003\267\003\304\003\261\003\302\000\040\003\303\003\304\003\277\000\040\000R\000a\000n\000d\000o\000m\000\040\000F\000o\000r\000e\000s\000t}{section.4}% 36
\BOOKMARK [3][-]{subsubsection.4.4.1}{\376\377\003\240\003\301\003\316\003\304\003\277\000\040\003\265\003\300\003\257\003\300\003\265\003\264\003\277\000:\000\040\003\304\003\305\003\307\003\261\003\257\003\265\003\302\000\040\003\263\003\301\003\261\003\274\003\274\003\255\003\302\000\040\003\304\003\277\003\305\000\040\000t\000r\000a\000i\000n\000i\000n\000g\000\040\000s\000e\000t}{subsection.4.4}% 37
\BOOKMARK [3][-]{subsubsection.4.4.2}{\376\377\003\224\003\265\003\315\003\304\003\265\003\301\003\277\000\040\003\265\003\300\003\257\003\300\003\265\003\264\003\277\000:\000\040\003\304\003\305\003\307\003\261\003\257\003\265\003\302\000\040\003\274\003\265\003\304\003\261\003\262\003\273\003\267\003\304\003\255\003\302\000\040\003\303\003\265\000\040\003\272\003\254\003\270\003\265\000\040\000s\000p\000l\000i\000t}{subsection.4.4}% 38
\BOOKMARK [2][-]{subsection.4.5}{\376\377\003\244\003\271\000\040\003\303\003\267\003\274\003\261\003\257\003\275\003\265\003\271\000\040\000m\000=\000p\000/\0002}{section.4}% 39
\BOOKMARK [2][-]{subsection.4.6}{\376\377\003\240\003\316\003\302\000\040\003\304\003\277\000\040\003\273\003\315\003\303\003\261\003\274\003\265}{section.4}% 40
\BOOKMARK [2][-]{subsection.4.7}{\376\377\003\240\003\316\003\302\000\040\003\300\003\261\003\257\003\301\003\275\003\265\003\271\000\040\003\274\003\257\003\261\000\040\003\300\003\301\003\314\003\262\003\273\003\265\003\310\003\267\000\040\003\304\003\277\000\040\000R\000a\000n\000d\000o\000m\000\040\000F\000o\000r\000e\000s\000t}{section.4}% 41
\BOOKMARK [2][-]{subsection.4.8}{\376\377\003\221\003\300\003\277\003\304\003\265\003\273\003\255\003\303\003\274\003\261\003\304\003\261}{section.4}% 42
\BOOKMARK [2][-]{subsection.4.9}{\376\377\003\243\003\315\003\263\003\272\003\301\003\271\003\303\003\267\000\040\003\274\003\265\000\040\003\304\003\261\000\040\003\225\003\301\003\311\003\304\003\256\003\274\003\261\003\304\003\261\000\040\0001\000\040\003\272\003\261\003\271\000\040\0002}{section.4}% 43
\BOOKMARK [2][-]{subsection.4.10}{\376\377\003\243\003\267\003\274\003\261\003\275\003\304\003\271\003\272\003\314\003\304\003\267\003\304\003\261\000\040\003\307\003\261\003\301\003\261\003\272\003\304\003\267\003\301\003\271\003\303\003\304\003\271\003\272\003\316\003\275}{section.4}% 44
\BOOKMARK [2][-]{subsection.4.11}{\376\377\003\243\003\305\003\274\003\300\003\255\003\301\003\261\003\303\003\274\003\261\000\040\003\225\003\301\003\311\003\304\003\256\003\274\003\261\003\304\003\277\003\302\000\040\0003}{section.4}% 45
\BOOKMARK [1][-]{section.5}{\376\377\003\225\003\301\003\316\003\304\003\267\003\274\003\261\000\040\0004\000:\000\040\000B\000o\000o\000s\000t\000i\000n\000g\000\040\003\274\003\265\000\040\0002\0000\0000\000\040\003\265\003\300\003\271\003\274\003\255\003\301\003\277\003\305\003\302\000\040\003\274\003\277\003\275\003\304\003\255\003\273\003\261}{}% 46
\BOOKMARK [2][-]{subsection.5.1}{\376\377\003\244\003\271\000\040\003\266\003\267\003\304\003\254\003\265\003\271\000\040\003\304\003\277\000\040\003\265\003\301\003\316\003\304\003\267\003\274\003\261}{section.5}% 47
\BOOKMARK [2][-]{subsection.5.2}{\376\377\003\230\003\265\003\311\003\301\003\267\003\304\003\271\003\272\003\314\000\040\003\305\003\300\003\314\003\262\003\261\003\270\003\301\003\277}{section.5}% 48
\BOOKMARK [2][-]{subsection.5.3}{\376\377\003\227\000\040\003\262\003\261\003\303\003\271\003\272\003\256\000\040\003\264\003\271\003\261\003\306\003\277\003\301\003\254\000\040\003\261\003\300\003\314\000\040\000B\000a\000g\000g\000i\000n\000g\000\040\003\272\003\261\003\271\000\040\000R\000a\000n\000d\000o\000m\000\040\000F\000o\000r\000e\000s\000t}{section.5}% 49
\BOOKMARK [2][-]{subsection.5.4}{\376\377\003\244\003\271\000\040\003\303\003\267\003\274\003\261\003\257\003\275\003\265\003\271\000\040\003\314\003\304\003\271\000\040\003\304\003\277\000\040\003\274\003\277\003\275\003\304\003\255\003\273\003\277\000\040\003\264\003\271\003\277\003\301\003\270\003\316\003\275\003\265\003\271\000\040\003\304\003\261\000\040\003\273\003\254\003\270\003\267}{section.5}% 50
\BOOKMARK [2][-]{subsection.5.5}{\376\377\003\244\003\271\000\040\003\265\003\257\003\275\003\261\003\271\000\040\000w\000e\000a\000k\000\040\000l\000e\000a\000r\000n\000e\000r}{section.5}% 51
\BOOKMARK [2][-]{subsection.5.6}{\376\377\003\223\003\271\003\261\003\304\003\257\000\040\003\307\003\301\003\267\003\303\003\271\003\274\003\277\003\300\003\277\003\271\003\277\003\315\003\274\003\265\000\040\000m\000a\000x\000\137\000d\000e\000p\000t\000h\000=\0001}{section.5}% 52
\BOOKMARK [2][-]{subsection.5.7}{\376\377\003\244\003\271\000\040\003\303\003\267\003\274\003\261\003\257\003\275\003\265\003\271\000\040\000l\000e\000a\000r\000n\000i\000n\000g\000\040\000r\000a\000t\000e}{section.5}% 53
\BOOKMARK [2][-]{subsection.5.8}{\376\377\003\227\000\040\003\303\003\307\003\255\003\303\003\267\000\040\003\261\003\275\003\254\003\274\003\265\003\303\003\261\000\040\003\303\003\265\000\040\000n\000\137\000e\000s\000t\000i\000m\000a\000t\000o\000r\000s\000\040\003\272\003\261\003\271\000\040\000l\000e\000a\000r\000n\000i\000n\000g\000\137\000r\000a\000t\000e}{section.5}% 54
\BOOKMARK [2][-]{subsection.5.9}{\376\377\003\240\003\316\003\302\000\040\003\300\003\261\003\257\003\301\003\275\003\265\003\271\000\040\003\304\003\265\003\273\003\271\003\272\003\256\000\040\003\261\003\300\003\314\003\306\003\261\003\303\003\267\000\040\003\304\003\277\000\040\000B\000o\000o\000s\000t\000i\000n\000g}{section.5}% 55
\BOOKMARK [2][-]{subsection.5.10}{\376\377\003\240\003\316\003\302\000\040\003\304\003\277\000\040\003\273\003\315\003\303\003\261\003\274\003\265}{section.5}% 56
\BOOKMARK [2][-]{subsection.5.11}{\376\377\003\221\003\300\003\277\003\304\003\265\003\273\003\255\003\303\003\274\003\261\003\304\003\261}{section.5}% 57
\BOOKMARK [2][-]{subsection.5.12}{\376\377\000C\000o\000n\000f\000u\000s\000i\000o\000n\000\040\000m\000a\000t\000r\000i\000x}{section.5}% 58
\BOOKMARK [2][-]{subsection.5.13}{\376\377\003\243\003\315\003\263\003\272\003\301\003\271\003\303\003\267\000\040\003\274\003\265\000\040\003\304\003\261\000\040\003\300\003\301\003\277\003\267\003\263\003\277\003\315\003\274\003\265\003\275\003\261\000\040\003\274\003\277\003\275\003\304\003\255\003\273\003\261}{section.5}% 59
\BOOKMARK [2][-]{subsection.5.14}{\376\377\003\243\003\267\003\274\003\261\003\275\003\304\003\271\003\272\003\314\003\304\003\267\003\304\003\261\000\040\003\307\003\261\003\301\003\261\003\272\003\304\003\267\003\301\003\271\003\303\003\304\003\271\003\272\003\316\003\275}{section.5}% 60
\BOOKMARK [2][-]{subsection.5.15}{\376\377\003\243\003\305\003\274\003\300\003\255\003\301\003\261\003\303\003\274\003\261\000\040\003\225\003\301\003\311\003\304\003\256\003\274\003\261\003\304\003\277\003\302\000\040\0004}{section.5}% 61
\BOOKMARK [1][-]{section.6}{\376\377\003\225\003\301\003\316\003\304\003\267\003\274\003\261\000\040\0005\000:\000\040\000T\000e\000s\000t\000\040\000e\000r\000r\000o\000r\000\040\003\304\003\277\003\305\000\040\003\264\003\255\003\275\003\304\003\301\003\277\003\305\000\040\003\303\003\305\003\275\003\261\003\301\003\304\003\256\003\303\003\265\003\271\000\040\003\304\003\277\003\305\000\040\003\262\003\254\003\270\003\277\003\305\003\302}{}% 62
\BOOKMARK [2][-]{subsection.6.1}{\376\377\003\244\003\271\000\040\003\266\003\267\003\304\003\254\003\265\003\271\000\040\003\304\003\277\000\040\003\265\003\301\003\316\003\304\003\267\003\274\003\261}{section.6}% 63
\BOOKMARK [2][-]{subsection.6.2}{\376\377\003\230\003\265\003\311\003\301\003\267\003\304\003\271\003\272\003\314\000\040\003\305\003\300\003\314\003\262\003\261\003\270\003\301\003\277}{section.6}% 64
\BOOKMARK [2][-]{subsection.6.3}{\376\377\003\244\003\271\000\040\003\265\003\257\003\275\003\261\003\271\000\040\000t\000e\000s\000t\000\040\000e\000r\000r\000o\000r}{section.6}% 65
\BOOKMARK [2][-]{subsection.6.4}{\376\377\003\240\003\316\003\302\000\040\003\304\003\277\000\040\003\273\003\315\003\303\003\261\003\274\003\265}{section.6}% 66
\BOOKMARK [2][-]{subsection.6.5}{\376\377\003\221\003\301\003\271\003\270\003\274\003\267\003\304\003\271\003\272\003\254\000\040\003\261\003\300\003\277\003\304\003\265\003\273\003\255\003\303\003\274\003\261\003\304\003\261}{section.6}% 67
\BOOKMARK [2][-]{subsection.6.6}{\376\377\003\244\003\271\000\040\003\300\003\261\003\301\003\261\003\304\003\267\003\301\003\277\003\315\003\274\003\265}{section.6}% 68
\BOOKMARK [2][-]{subsection.6.7}{\376\377\003\223\003\271\003\261\003\304\003\257\000\040\003\274\003\265\003\304\003\254\000\040\003\304\003\277\000\040\003\262\003\254\003\270\003\277\003\302\000\040\0006\000\040\003\307\003\265\003\271\003\301\003\277\003\304\003\265\003\301\003\265\003\315\003\265\003\271}{section.6}% 69
\BOOKMARK [2][-]{subsection.6.8}{\376\377\003\243\003\305\003\274\003\300\003\255\003\301\003\261\003\303\003\274\003\261\000\040\003\225\003\301\003\311\003\304\003\256\003\274\003\261\003\304\003\277\003\302\000\040\0005}{section.6}% 70
\BOOKMARK [1][-]{section.7}{\376\377\003\243\003\305\003\263\003\272\003\265\003\275\003\304\003\301\003\311\003\304\003\271\003\272\003\256\000\040\003\265\003\271\003\272\003\314\003\275\003\261\000\040\003\274\003\255\003\307\003\301\003\271\000\040\003\304\003\277\000\040\003\225\003\301\003\316\003\304\003\267\003\274\003\261\000\040\0005}{}% 71
\BOOKMARK [1][-]{appendix.Alph1}{\376\377\003\221\003\301\003\307\003\265\003\257\003\261\000\040\003\300\003\277\003\305\000\040\003\307\003\301\003\267\003\303\003\271\003\274\003\277\003\300\003\277\003\271\003\277\003\315\003\275\003\304\003\261\003\271\000\040\003\303\003\304\003\277\000\040\003\265\003\275\003\271\003\261\003\257\003\277\000\040\000e\000x\000p\000l\000a\000n\000a\000t\000o\000r\000y\000\040\000r\000e\000p\000o\000r\000t}{}% 72
