\BOOKMARK [1][-]{section.1}{\376\377\003\244\003\277\000\040\003\265\003\301\003\316\003\304\003\267\003\274\003\261\000\040\003\304\003\267\003\302\000\040\003\265\003\301\003\263\003\261\003\303\003\257\003\261\003\302}{}% 1
\BOOKMARK [2][-]{subsection.1.1}{\376\377\003\244\003\271\000\040\003\261\003\272\003\301\003\271\003\262\003\316\003\302\000\040\003\300\003\301\003\255\003\300\003\265\003\271\000\040\003\275\003\261\000\040\003\300\003\261\003\301\003\261\003\264\003\316\003\303\003\277\003\305\003\274\003\265\000\040\003\263\003\271\003\261\000\040\003\304\003\277\000\040\003\225\003\301\003\316\003\304\003\267\003\274\003\261\000\040\0001}{section.1}% 2
\BOOKMARK [1][-]{section.2}{\376\377\003\244\003\261\000\040\003\264\003\265\003\264\003\277\003\274\003\255\003\275\003\261\000\040\003\274\003\265\000\040\003\261\003\300\003\273\003\254\000\040\003\273\003\314\003\263\003\271\003\261}{}% 3
\BOOKMARK [2][-]{subsection.2.1}{\376\377\003\227\000\040\003\274\003\265\003\304\003\261\003\262\003\273\003\267\003\304\003\256\000\040\003\300\003\277\003\305\000\040\003\270\003\255\003\273\003\277\003\305\003\274\003\265\000\040\003\275\003\261\000\040\003\300\003\301\003\277\003\262\003\273\003\255\003\310\003\277\003\305\003\274\003\265}{section.2}% 4
\BOOKMARK [2][-]{subsection.2.2}{\376\377\003\237\003\271\000\040\003\300\003\301\003\277\003\262\003\273\003\265\003\300\003\304\003\271\003\272\003\255\003\302\000\040\003\274\003\265\003\304\003\261\003\262\003\273\003\267\003\304\003\255\003\302}{section.2}% 5
\BOOKMARK [2][-]{subsection.2.3}{\376\377\003\223\003\271\003\261\003\304\003\257\000\040\003\264\003\265\003\275\000\040\003\307\003\301\003\267\003\303\003\271\003\274\003\277\003\300\003\277\003\271\003\277\003\315\003\274\003\265\000\040\003\304\003\267\000\040\003\274\003\265\003\304\003\261\003\262\003\273\003\267\003\304\003\256\000\040\000q\000u\000a\000l\000i\000t\000y}{section.2}% 6
\BOOKMARK [1][-]{section.3}{\376\377\000T\000r\000a\000i\000n\000i\000n\000g\000\040\000s\000e\000t\000\040\003\272\003\261\003\271\000\040\000t\000e\000s\000t\000\040\000s\000e\000t}{}% 7
\BOOKMARK [2][-]{subsection.3.1}{\376\377\003\223\003\271\003\261\003\304\003\257\000\040\003\272\003\254\003\275\003\277\003\305\003\274\003\265\000\040\003\261\003\305\003\304\003\314\003\275\000\040\003\304\003\277\003\275\000\040\003\264\003\271\003\261\003\307\003\311\003\301\003\271\003\303\003\274\003\314}{section.3}% 8
\BOOKMARK [2][-]{subsection.3.2}{\376\377\003\244\003\271\000\040\003\265\003\257\003\275\003\261\003\271\000\040\003\304\003\277\000\040\000r\000a\000n\000d\000o\000m\000\137\000s\000t\000a\000t\000e}{section.3}% 9
\BOOKMARK [2][-]{subsection.3.3}{\376\377\003\223\003\271\003\261\003\304\003\257\000\040\003\307\003\301\003\267\003\303\003\271\003\274\003\277\003\300\003\277\003\271\003\256\003\270\003\267\003\272\003\265\000\040\000s\000t\000r\000a\000t\000i\000f\000i\000e\000d\000\040\000s\000p\000l\000i\000t}{section.3}% 10
\BOOKMARK [1][-]{section.4}{\376\377\003\230\003\265\003\311\003\301\003\267\003\304\003\271\003\272\003\314\000\040\003\305\003\300\003\314\003\262\003\261\003\270\003\301\003\277\000:\000\040\003\304\003\261\003\276\003\271\003\275\003\314\003\274\003\267\003\303\003\267}{}% 11
\BOOKMARK [2][-]{subsection.4.1}{\376\377\003\240\003\261\003\301\003\254\003\264\003\265\003\271\003\263\003\274\003\261\000\040\003\274\003\265\000\040\003\261\003\300\003\273\003\256\000\040\003\273\003\277\003\263\003\271\003\272\003\256}{section.4}% 12
\BOOKMARK [1][-]{section.5}{\376\377\003\230\003\265\003\311\003\301\003\267\003\304\003\271\003\272\003\314\000\040\003\305\003\300\003\314\003\262\003\261\003\270\003\301\003\277\000:\000\040\003\264\003\255\003\275\003\304\003\301\003\277\000\040\003\304\003\261\003\276\003\271\003\275\003\314\003\274\003\267\003\303\003\267\003\302}{}% 13
\BOOKMARK [2][-]{subsection.5.1}{\376\377\003\232\003\314\003\274\003\262\003\277\003\271\000,\000\040\003\272\003\273\003\261\003\264\003\271\003\254\000\040\003\272\003\261\003\271\000\040\003\306\003\315\003\273\003\273\003\261}{section.5}% 14
\BOOKMARK [2][-]{subsection.5.2}{\376\377\003\244\003\271\000\040\003\303\003\267\003\274\003\261\003\257\003\275\003\265\003\271\000\040\000m\000a\000x\000\040\000d\000e\000p\000t\000h}{section.5}% 15
\BOOKMARK [2][-]{subsection.5.3}{\376\377\003\223\003\271\003\261\003\304\003\257\000\040\003\275\003\261\000\040\003\300\003\265\003\301\003\271\003\277\003\301\003\257\003\303\003\277\003\305\003\274\003\265\000\040\003\304\003\277\000\040\003\262\003\254\003\270\003\277\003\302}{section.5}% 16
\BOOKMARK [1][-]{section.6}{\376\377\003\240\003\316\003\302\000\040\003\273\003\315\003\303\003\261\003\274\003\265\000\040\003\304\003\277\000\040\003\265\003\301\003\316\003\304\003\267\003\274\003\261\000\040\003\262\003\256\003\274\003\261\000-\003\262\003\256\003\274\003\261}{}% 17
\BOOKMARK [2][-]{subsection.6.1}{\376\377\003\222\003\256\003\274\003\261\000\040\0001\000:\000\040\003\246\003\277\003\301\003\304\003\316\003\303\003\261\003\274\003\265\000\040\003\304\003\261\000\040\003\264\003\265\003\264\003\277\003\274\003\255\003\275\003\261}{section.6}% 18
\BOOKMARK [2][-]{subsection.6.2}{\376\377\003\222\003\256\003\274\003\261\000\040\0002\000:\000\040\003\237\003\301\003\257\003\303\003\261\003\274\003\265\000\040\003\304\003\271\003\302\000\040\003\300\003\301\003\277\003\262\003\273\003\265\003\300\003\304\003\271\003\272\003\255\003\302\000\040\003\274\003\265\003\304\003\261\003\262\003\273\003\267\003\304\003\255\003\302}{section.6}% 19
\BOOKMARK [2][-]{subsection.6.3}{\376\377\003\222\003\256\003\274\003\261\000\040\0003\000:\000\040\003\237\003\301\003\257\003\303\003\261\003\274\003\265\000\040\003\304\003\267\000\040\003\274\003\265\003\304\003\261\003\262\003\273\003\267\003\304\003\256\000\040\003\303\003\304\003\314\003\307\003\277}{section.6}% 20
\BOOKMARK [2][-]{subsection.6.4}{\376\377\003\222\003\256\003\274\003\261\000\040\0004\000:\000\040\003\247\003\311\003\301\003\257\003\303\003\261\003\274\003\265\000\040\003\304\003\261\000\040\003\264\003\265\003\264\003\277\003\274\003\255\003\275\003\261\000\040\003\303\003\265\000\040\000t\000r\000a\000i\000n\000i\000n\000g\000\040\003\272\003\261\003\271\000\040\000t\000e\000s\000t}{section.6}% 21
\BOOKMARK [2][-]{subsection.6.5}{\376\377\003\222\003\256\003\274\003\261\000\040\0005\000:\000\040\003\225\003\272\003\300\003\261\003\271\003\264\003\265\003\315\003\303\003\261\003\274\003\265\000\040\003\304\003\277\000\040\003\264\003\255\003\275\003\304\003\301\003\277\000\040\003\304\003\261\003\276\003\271\003\275\003\314\003\274\003\267\003\303\003\267\003\302}{section.6}% 22
\BOOKMARK [2][-]{subsection.6.6}{\376\377\003\222\003\256\003\274\003\261\000\040\0006\000:\000\040\003\232\003\254\003\275\003\261\003\274\003\265\000\040\003\300\003\301\003\277\003\262\003\273\003\255\003\310\003\265\003\271\003\302\000\040\003\303\003\304\003\277\000\040\000t\000e\000s\000t\000\040\000s\000e\000t}{section.6}% 23
\BOOKMARK [2][-]{subsection.6.7}{\376\377\003\222\003\256\003\274\003\261\000\040\0007\000:\000\040\003\245\003\300\003\277\003\273\003\277\003\263\003\257\003\303\003\261\003\274\003\265\000\040\003\304\003\267\003\275\000\040\003\261\003\272\003\301\003\257\003\262\003\265\003\271\003\261}{section.6}% 24
\BOOKMARK [1][-]{section.7}{\376\377\003\221\003\300\003\277\003\304\003\265\003\273\003\255\003\303\003\274\003\261\003\304\003\261\000\040\003\304\003\277\003\305\000\040\003\274\003\277\003\275\003\304\003\255\003\273\003\277\003\305}{}% 25
\BOOKMARK [2][-]{subsection.7.1}{\376\377\000C\000o\000n\000f\000u\000s\000i\000o\000n\000\040\000m\000a\000t\000r\000i\000x}{section.7}% 26
\BOOKMARK [2][-]{subsection.7.2}{\376\377\003\240\003\316\003\302\000\040\003\264\003\271\003\261\003\262\003\254\003\266\003\277\003\305\003\274\003\265\000\040\003\304\003\277\003\275\000\040\000c\000o\000n\000f\000u\000s\000i\000o\000n\000\040\000m\000a\000t\000r\000i\000x}{section.7}% 27
\BOOKMARK [1][-]{section.8}{\376\377\003\237\003\271\000\040\003\272\003\261\003\275\003\314\003\275\003\265\003\302\000\040\003\304\003\277\003\305\000\040\003\264\003\255\003\275\003\304\003\301\003\277\003\305}{}% 28
\BOOKMARK [2][-]{subsection.8.1}{\376\377\003\225\003\301\003\274\003\267\003\275\003\265\003\257\003\261\000\040\003\304\003\311\003\275\000\040\003\272\003\261\003\275\003\314\003\275\003\311\003\275}{section.8}% 29
\BOOKMARK [2][-]{subsection.8.2}{\376\377\003\223\003\271\003\261\003\304\003\257\000\040\003\261\003\305\003\304\003\314\000\040\003\265\003\257\003\275\003\261\003\271\000\040\003\307\003\301\003\256\003\303\003\271\003\274\003\277}{section.8}% 30
\BOOKMARK [1][-]{section.9}{\376\377\003\244\003\265\003\273\003\271\003\272\003\314\003\302\000\040\003\303\003\307\003\277\003\273\003\271\003\261\003\303\003\274\003\314\003\302\000\040\003\263\003\271\003\261\000\040\003\304\003\277\000\040\003\225\003\301\003\316\003\304\003\267\003\274\003\261\000\040\0001}{}% 31
\BOOKMARK [2][-]{subsection.9.1}{\376\377\003\243\003\315\003\275\003\304\003\277\003\274\003\267\000\040\003\261\003\300\003\254\003\275\003\304\003\267\003\303\003\267\000\040\003\300\003\277\003\305\000\040\003\274\003\300\003\277\003\301\003\265\003\257\000\040\003\275\003\261\000\040\003\274\003\300\003\265\003\271\000\040\003\303\003\304\003\267\003\275\000\040\003\265\003\301\003\263\003\261\003\303\003\257\003\261}{section.9}% 32
\BOOKMARK [1][-]{appendix.Alph1}{\376\377\003\221\003\301\003\307\003\265\003\257\003\261\000\040\003\300\003\277\003\305\000\040\003\264\003\267\003\274\003\271\003\277\003\305\003\301\003\263\003\256\003\270\003\267\003\272\003\261\003\275\000\040\003\263\003\271\003\261\000\040\003\304\003\277\000\040\000r\000e\000p\000o\000r\000t}{}% 33
