This is XeTeX, Version 3.141592653-2.6-0.999995 (TeX Live 2023/Debian) (preloaded format=xelatex 2026.3.22)  11 MAY 2026 17:00
entering extended mode
 restricted \write18 enabled.
 %&-line parsing enabled.
**explanatory_report.tex
(./explanatory_report.tex
LaTeX2e <2023-11-01> patch level 1
L3 programming layer <2024-01-22>
(/usr/share/texlive/texmf-dist/tex/latex/base/article.cls
Document Class: article 2023/05/17 v1.4n Standard LaTeX document class
(/usr/share/texlive/texmf-dist/tex/latex/base/size12.clo
File: size12.clo 2023/05/17 v1.4n Standard LaTeX file (size option)
)
\c@part=\count183
\c@section=\count184
\c@subsection=\count185
\c@subsubsection=\count186
\c@paragraph=\count187
\c@subparagraph=\count188
\c@figure=\count189
\c@table=\count190
\abovecaptionskip=\skip48
\belowcaptionskip=\skip49
\bibindent=\dimen140
)
(/usr/share/texlive/texmf-dist/tex/latex/fontspec/fontspec.sty
(/usr/share/texlive/texmf-dist/tex/latex/l3packages/xparse/xparse.sty
(/usr/share/texlive/texmf-dist/tex/latex/l3kernel/expl3.sty
Package: expl3 2024-01-22 L3 programming layer (loader) 

(/usr/share/texlive/texmf-dist/tex/latex/l3backend/l3backend-xetex.def
File: l3backend-xetex.def 2024-01-04 L3 backend support: XeTeX
\g__graphics_track_int=\count191
\l__pdf_internal_box=\box51
\g__pdf_backend_object_int=\count192
\g__pdf_backend_annotation_int=\count193
\g__pdf_backend_link_int=\count194
))
Package: xparse 2023-10-10 L3 Experimental document command parser
)
Package: fontspec 2022/01/15 v2.8a Font selection for XeLaTeX and LuaLaTeX

(/usr/share/texlive/texmf-dist/tex/latex/fontspec/fontspec-xetex.sty
Package: fontspec-xetex 2022/01/15 v2.8a Font selection for XeLaTeX and LuaLaTe
X
\l__fontspec_script_int=\count195
\l__fontspec_language_int=\count196
\l__fontspec_strnum_int=\count197
\l__fontspec_tmp_int=\count198
\l__fontspec_tmpa_int=\count199
\l__fontspec_tmpb_int=\count266
\l__fontspec_tmpc_int=\count267
\l__fontspec_em_int=\count268
\l__fontspec_emdef_int=\count269
\l__fontspec_strong_int=\count270
\l__fontspec_strongdef_int=\count271
\l__fontspec_tmpa_dim=\dimen141
\l__fontspec_tmpb_dim=\dimen142
\l__fontspec_tmpc_dim=\dimen143

(/usr/share/texlive/texmf-dist/tex/latex/base/fontenc.sty
Package: fontenc 2021/04/29 v2.0v Standard LaTeX package
)
(/usr/share/texlive/texmf-dist/tex/latex/fontspec/fontspec.cfg)))
(/usr/share/texlive/texmf-dist/tex/latex/polyglossia/polyglossia.sty
Package: polyglossia 2023/12/11 v1.66 Modern multilingual typesetting with XeLa
TeX and LuaLaTeX

(/usr/share/texlive/texmf-dist/tex/latex/etoolbox/etoolbox.sty
Package: etoolbox 2020/10/05 v2.5k e-TeX tools for LaTeX (JAW)
\etb@tempcnta=\count272
)
(/usr/share/texlive/texmf-dist/tex/latex/xkeyval/xkeyval.sty
Package: xkeyval 2022/06/16 v2.9 package option processing (HA)

(/usr/share/texlive/texmf-dist/tex/generic/xkeyval/xkeyval.tex
(/usr/share/texlive/texmf-dist/tex/generic/xkeyval/xkvutils.tex
\XKV@toks=\toks17
\XKV@tempa@toks=\toks18

(/usr/share/texlive/texmf-dist/tex/generic/xkeyval/keyval.tex))
\XKV@depth=\count273
File: xkeyval.tex 2014/12/03 v2.7a key=value parser (HA)
))
(/usr/share/texlive/texmf-dist/tex/generic/iftex/iftex.sty
Package: iftex 2022/02/03 v1.0f TeX engine tests
)
\xpg@normalclass=\XeTeXcharclass1

(/usr/share/texlive/texmf-dist/tex/latex/polyglossia/gloss-latex.lde
Package: gloss-latex 2023/12/11 v1.66 polyglossia: module for default language
)
Package polyglossia Info: Default language is latex.
)
(/usr/share/texlive/texmf-dist/tex/latex/polyglossia/gloss-greek.ldf
File: gloss-greek.ldf polyglossia: module for Greek

(/usr/share/texlive/texmf-dist/tex/latex/polyglossia/xgreek-fixes.def)
Package polyglossia Info: Option: Greek, variant=monotonic.
Package polyglossia Info: Option: Greek, numerals=greek.
\@attic@num=\count274
)
Package polyglossia Info: Default language is greek.

(/usr/share/texlive/texmf-dist/tex/latex/polyglossia/gloss-english.ldf
File: gloss-english.ldf polyglossia: module for English
Package polyglossia Info: Option: English, variant=american.
)

Package fontspec Info: Font family 'DejaVuSerif(0)' created for font 'DejaVu
(fontspec)             Serif' with options [Ligatures=TeX,Script=Greek].
(fontspec)              
(fontspec)              This font family consists of the following NFSS
(fontspec)             series/shapes:
(fontspec)              
(fontspec)             - 'normal' (m/n) with NFSS spec.: <->"DejaVu
(fontspec)             Serif/OT:script=grek;language=dflt;mapping=tex-text;"
(fontspec)             - 'small caps'  (m/sc) with NFSS spec.: 
(fontspec)             - 'bold' (b/n) with NFSS spec.: <->"DejaVu
(fontspec)             Serif/B/OT:script=grek;language=dflt;mapping=tex-text;"
(fontspec)             - 'bold small caps'  (b/sc) with NFSS spec.: 
(fontspec)             - 'italic' (m/it) with NFSS spec.: <->"DejaVu
(fontspec)             Serif/I/OT:script=grek;language=dflt;mapping=tex-text;"
(fontspec)             - 'italic small caps'  (m/scit) with NFSS spec.: 
(fontspec)             - 'bold italic' (b/it) with NFSS spec.: <->"DejaVu
(fontspec)             Serif/BI/OT:script=grek;language=dflt;mapping=tex-text;"

(fontspec)             - 'bold italic small caps'  (b/scit) with NFSS spec.: 


Package fontspec Info: Font family 'DejaVuSans(0)' created for font 'DejaVu
(fontspec)             Sans' with options [Ligatures=TeX,Script=Greek].
(fontspec)              
(fontspec)              This font family consists of the following NFSS
(fontspec)             series/shapes:
(fontspec)              
(fontspec)             - 'normal' (m/n) with NFSS spec.: <->"DejaVu
(fontspec)             Sans/OT:script=grek;language=dflt;mapping=tex-text;"
(fontspec)             - 'small caps'  (m/sc) with NFSS spec.: 
(fontspec)             - 'bold' (b/n) with NFSS spec.: <->"DejaVu
(fontspec)             Sans/B/OT:script=grek;language=dflt;mapping=tex-text;"
(fontspec)             - 'bold small caps'  (b/sc) with NFSS spec.: 
(fontspec)             - 'italic' (m/it) with NFSS spec.: <->"DejaVu
(fontspec)             Sans/I/OT:script=grek;language=dflt;mapping=tex-text;"
(fontspec)             - 'italic small caps'  (m/scit) with NFSS spec.: 
(fontspec)             - 'bold italic' (b/it) with NFSS spec.: <->"DejaVu
(fontspec)             Sans/BI/OT:script=grek;language=dflt;mapping=tex-text;"
(fontspec)             - 'bold italic small caps'  (b/scit) with NFSS spec.: 


Package fontspec Info: Font family 'DejaVuSansMono(0)' created for font
(fontspec)             'DejaVu Sans Mono' with options
(fontspec)             [WordSpace={1,0,0},HyphenChar=None,PunctuationSpace=Word
Space,Script=Greek].
(fontspec)              
(fontspec)              This font family consists of the following NFSS
(fontspec)             series/shapes:
(fontspec)              
(fontspec)             - 'normal' (m/n) with NFSS spec.: <->"DejaVu Sans
(fontspec)             Mono/OT:script=grek;language=dflt;"
(fontspec)             - 'small caps'  (m/sc) with NFSS spec.: 
(fontspec)             and font adjustment code:
(fontspec)             \fontdimen 2\font =1\fontdimen 2\font \fontdimen 3\font
(fontspec)             =0\fontdimen 3\font \fontdimen 4\font =0\fontdimen
(fontspec)             4\font \fontdimen 7\font =0\fontdimen 2\font
(fontspec)             \tex_hyphenchar:D \font =-1\scan_stop: 
(fontspec)             - 'bold' (b/n) with NFSS spec.: <->"DejaVu Sans
(fontspec)             Mono/B/OT:script=grek;language=dflt;"
(fontspec)             - 'bold small caps'  (b/sc) with NFSS spec.: 
(fontspec)             and font adjustment code:
(fontspec)             \fontdimen 2\font =1\fontdimen 2\font \fontdimen 3\font
(fontspec)             =0\fontdimen 3\font \fontdimen 4\font =0\fontdimen
(fontspec)             4\font \fontdimen 7\font =0\fontdimen 2\font
(fontspec)             \tex_hyphenchar:D \font =-1\scan_stop: 
(fontspec)             - 'italic' (m/it) with NFSS spec.: <->"DejaVu Sans
(fontspec)             Mono/I/OT:script=grek;language=dflt;"
(fontspec)             - 'italic small caps'  (m/scit) with NFSS spec.: 
(fontspec)             and font adjustment code:
(fontspec)             \fontdimen 2\font =1\fontdimen 2\font \fontdimen 3\font
(fontspec)             =0\fontdimen 3\font \fontdimen 4\font =0\fontdimen
(fontspec)             4\font \fontdimen 7\font =0\fontdimen 2\font
(fontspec)             \tex_hyphenchar:D \font =-1\scan_stop: 
(fontspec)             - 'bold italic' (b/it) with NFSS spec.: <->"DejaVu Sans
(fontspec)             Mono/BI/OT:script=grek;language=dflt;"
(fontspec)             - 'bold italic small caps'  (b/scit) with NFSS spec.: 
(fontspec)             and font adjustment code:
(fontspec)             \fontdimen 2\font =1\fontdimen 2\font \fontdimen 3\font
(fontspec)             =0\fontdimen 3\font \fontdimen 4\font =0\fontdimen
(fontspec)             4\font \fontdimen 7\font =0\fontdimen 2\font
(fontspec)             \tex_hyphenchar:D \font =-1\scan_stop: 


Package fontspec Info: Font family 'DejaVuSansMono(1)' created for font
(fontspec)             'DejaVu Sans Mono' with options [Script=Greek].
(fontspec)              
(fontspec)              This font family consists of the following NFSS
(fontspec)             series/shapes:
(fontspec)              
(fontspec)             - 'normal' (m/n) with NFSS spec.: <->"DejaVu Sans
(fontspec)             Mono/OT:script=grek;language=dflt;"
(fontspec)             - 'small caps'  (m/sc) with NFSS spec.: 
(fontspec)             - 'bold' (b/n) with NFSS spec.: <->"DejaVu Sans
(fontspec)             Mono/B/OT:script=grek;language=dflt;"
(fontspec)             - 'bold small caps'  (b/sc) with NFSS spec.: 
(fontspec)             - 'italic' (m/it) with NFSS spec.: <->"DejaVu Sans
(fontspec)             Mono/I/OT:script=grek;language=dflt;"
(fontspec)             - 'italic small caps'  (m/scit) with NFSS spec.: 
(fontspec)             - 'bold italic' (b/it) with NFSS spec.: <->"DejaVu Sans
(fontspec)             Mono/BI/OT:script=grek;language=dflt;"
(fontspec)             - 'bold italic small caps'  (b/scit) with NFSS spec.: 


(/usr/share/texlive/texmf-dist/tex/latex/geometry/geometry.sty
Package: geometry 2020/01/02 v5.9 Page Geometry

(/usr/share/texlive/texmf-dist/tex/generic/iftex/ifvtex.sty
Package: ifvtex 2019/10/25 v1.7 ifvtex legacy package. Use iftex instead.
)
\Gm@cnth=\count275
\Gm@cntv=\count276
\c@Gm@tempcnt=\count277
\Gm@bindingoffset=\dimen144
\Gm@wd@mp=\dimen145
\Gm@odd@mp=\dimen146
\Gm@even@mp=\dimen147
\Gm@layoutwidth=\dimen148
\Gm@layoutheight=\dimen149
\Gm@layouthoffset=\dimen150
\Gm@layoutvoffset=\dimen151
\Gm@dimlist=\toks19
)
(/usr/share/texlive/texmf-dist/tex/latex/amsmath/amsmath.sty
Package: amsmath 2023/05/13 v2.17o AMS math features
\@mathmargin=\skip50

For additional information on amsmath, use the `?' option.
(/usr/share/texlive/texmf-dist/tex/latex/amsmath/amstext.sty
Package: amstext 2021/08/26 v2.01 AMS text

(/usr/share/texlive/texmf-dist/tex/latex/amsmath/amsgen.sty
File: amsgen.sty 1999/11/30 v2.0 generic functions
\@emptytoks=\toks20
\ex@=\dimen152
))
(/usr/share/texlive/texmf-dist/tex/latex/amsmath/amsbsy.sty
Package: amsbsy 1999/11/29 v1.2d Bold Symbols
\pmbraise@=\dimen153
)
(/usr/share/texlive/texmf-dist/tex/latex/amsmath/amsopn.sty
Package: amsopn 2022/04/08 v2.04 operator names
)
\inf@bad=\count278
LaTeX Info: Redefining \frac on input line 234.
\uproot@=\count279
\leftroot@=\count280
LaTeX Info: Redefining \overline on input line 399.
LaTeX Info: Redefining \colon on input line 410.
\classnum@=\count281
\DOTSCASE@=\count282
LaTeX Info: Redefining \ldots on input line 496.
LaTeX Info: Redefining \dots on input line 499.
LaTeX Info: Redefining \cdots on input line 620.
\Mathstrutbox@=\box52
\strutbox@=\box53
LaTeX Info: Redefining \big on input line 722.
LaTeX Info: Redefining \Big on input line 723.
LaTeX Info: Redefining \bigg on input line 724.
LaTeX Info: Redefining \Bigg on input line 725.
\big@size=\dimen154
LaTeX Font Info:    Redeclaring font encoding OML on input line 743.
LaTeX Font Info:    Redeclaring font encoding OMS on input line 744.
\macc@depth=\count283
LaTeX Info: Redefining \bmod on input line 905.
LaTeX Info: Redefining \pmod on input line 910.
LaTeX Info: Redefining \smash on input line 940.
LaTeX Info: Redefining \relbar on input line 970.
LaTeX Info: Redefining \Relbar on input line 971.
\c@MaxMatrixCols=\count284
\dotsspace@=\muskip16
\c@parentequation=\count285
\dspbrk@lvl=\count286
\tag@help=\toks21
\row@=\count287
\column@=\count288
\maxfields@=\count289
\andhelp@=\toks22
\eqnshift@=\dimen155
\alignsep@=\dimen156
\tagshift@=\dimen157
\tagwidth@=\dimen158
\totwidth@=\dimen159
\lineht@=\dimen160
\@envbody=\toks23
\multlinegap=\skip51
\multlinetaggap=\skip52
\mathdisplay@stack=\toks24
LaTeX Info: Redefining \[ on input line 2953.
LaTeX Info: Redefining \] on input line 2954.
)
(/usr/share/texlive/texmf-dist/tex/latex/amsfonts/amssymb.sty
Package: amssymb 2013/01/14 v3.01 AMS font symbols

(/usr/share/texlive/texmf-dist/tex/latex/amsfonts/amsfonts.sty
Package: amsfonts 2013/01/14 v3.01 Basic AMSFonts support
\symAMSa=\mathgroup4
\symAMSb=\mathgroup5
LaTeX Font Info:    Redeclaring math symbol \hbar on input line 98.
LaTeX Font Info:    Overwriting math alphabet `\mathfrak' in version `bold'
(Font)                  U/euf/m/n --> U/euf/b/n on input line 106.
))
(/usr/share/texlive/texmf-dist/tex/latex/booktabs/booktabs.sty
Package: booktabs 2020/01/12 v1.61803398 Publication quality tables
\heavyrulewidth=\dimen161
\lightrulewidth=\dimen162
\cmidrulewidth=\dimen163
\belowrulesep=\dimen164
\belowbottomsep=\dimen165
\aboverulesep=\dimen166
\abovetopsep=\dimen167
\cmidrulesep=\dimen168
\cmidrulekern=\dimen169
\defaultaddspace=\dimen170
\@cmidla=\count290
\@cmidlb=\count291
\@aboverulesep=\dimen171
\@belowrulesep=\dimen172
\@thisruleclass=\count292
\@lastruleclass=\count293
\@thisrulewidth=\dimen173
)
(/usr/share/texlive/texmf-dist/tex/latex/tools/array.sty
Package: array 2023/10/16 v2.5g Tabular extension package (FMi)
\col@sep=\dimen174
\ar@mcellbox=\box54
\extrarowheight=\dimen175
\NC@list=\toks25
\extratabsurround=\skip53
\backup@length=\skip54
\ar@cellbox=\box55
)
(/usr/share/texlive/texmf-dist/tex/latex/graphics/graphicx.sty
Package: graphicx 2021/09/16 v1.2d Enhanced LaTeX Graphics (DPC,SPQR)

(/usr/share/texlive/texmf-dist/tex/latex/graphics/graphics.sty
Package: graphics 2022/03/10 v1.4e Standard LaTeX Graphics (DPC,SPQR)

(/usr/share/texlive/texmf-dist/tex/latex/graphics/trig.sty
Package: trig 2021/08/11 v1.11 sin cos tan (DPC)
)
(/usr/share/texlive/texmf-dist/tex/latex/graphics-cfg/graphics.cfg
File: graphics.cfg 2016/06/04 v1.11 sample graphics configuration
)
Package graphics Info: Driver file: xetex.def on input line 107.

(/usr/share/texlive/texmf-dist/tex/latex/graphics-def/xetex.def
File: xetex.def 2022/09/22 v5.0n Graphics/color driver for xetex
))
\Gin@req@height=\dimen176
\Gin@req@width=\dimen177
)
(/usr/share/texlive/texmf-dist/tex/latex/float/float.sty
Package: float 2001/11/08 v1.3d Float enhancements (AL)
\c@float@type=\count294
\float@exts=\toks26
\float@box=\box56
\@float@everytoks=\toks27
\@floatcapt=\box57
)
(/usr/share/texlive/texmf-dist/tex/latex/caption/caption.sty
Package: caption 2023/08/05 v3.6o Customizing captions (AR)

(/usr/share/texlive/texmf-dist/tex/latex/caption/caption3.sty
Package: caption3 2023/07/31 v2.4d caption3 kernel (AR)
\caption@tempdima=\dimen178
\captionmargin=\dimen179
\caption@leftmargin=\dimen180
\caption@rightmargin=\dimen181
\caption@width=\dimen182
\caption@indent=\dimen183
\caption@parindent=\dimen184
\caption@hangindent=\dimen185
Package caption Info: Standard document class detected.
)
\c@caption@flags=\count295
\c@continuedfloat=\count296
Package caption Info: float package is loaded.
)
(/usr/share/texlive/texmf-dist/tex/latex/hyperref/hyperref.sty
Package: hyperref 2024-01-20 v7.01h Hypertext links for LaTeX

(/usr/share/texlive/texmf-dist/tex/latex/kvsetkeys/kvsetkeys.sty
Package: kvsetkeys 2022-10-05 v1.19 Key value parser (HO)
)
(/usr/share/texlive/texmf-dist/tex/generic/kvdefinekeys/kvdefinekeys.sty
Package: kvdefinekeys 2019-12-19 v1.6 Define keys (HO)
)
(/usr/share/texlive/texmf-dist/tex/generic/pdfescape/pdfescape.sty
Package: pdfescape 2019/12/09 v1.15 Implements pdfTeX's escape features (HO)

(/usr/share/texlive/texmf-dist/tex/generic/ltxcmds/ltxcmds.sty
Package: ltxcmds 2023-12-04 v1.26 LaTeX kernel commands for general use (HO)
)
(/usr/share/texlive/texmf-dist/tex/generic/pdftexcmds/pdftexcmds.sty
Package: pdftexcmds 2020-06-27 v0.33 Utility functions of pdfTeX for LuaTeX (HO
)

(/usr/share/texlive/texmf-dist/tex/generic/infwarerr/infwarerr.sty
Package: infwarerr 2019/12/03 v1.5 Providing info/warning/error messages (HO)
)
Package pdftexcmds Info: \pdf@primitive is available.
Package pdftexcmds Info: \pdf@ifprimitive is available.
Package pdftexcmds Info: \pdfdraftmode not found.
))
(/usr/share/texlive/texmf-dist/tex/latex/hycolor/hycolor.sty
Package: hycolor 2020-01-27 v1.10 Color options for hyperref/bookmark (HO)
)
(/usr/share/texlive/texmf-dist/tex/latex/auxhook/auxhook.sty
Package: auxhook 2019-12-17 v1.6 Hooks for auxiliary files (HO)
)
(/usr/share/texlive/texmf-dist/tex/latex/hyperref/nameref.sty
Package: nameref 2023-11-26 v2.56 Cross-referencing by name of section

(/usr/share/texlive/texmf-dist/tex/latex/refcount/refcount.sty
Package: refcount 2019/12/15 v3.6 Data extraction from label references (HO)
)
(/usr/share/texlive/texmf-dist/tex/generic/gettitlestring/gettitlestring.sty
Package: gettitlestring 2019/12/15 v1.6 Cleanup title references (HO)

(/usr/share/texlive/texmf-dist/tex/latex/kvoptions/kvoptions.sty
Package: kvoptions 2022-06-15 v3.15 Key value format for package options (HO)
))
\c@section@level=\count297
)
\@linkdim=\dimen186
\Hy@linkcounter=\count298
\Hy@pagecounter=\count299

(/usr/share/texlive/texmf-dist/tex/latex/hyperref/pd1enc.def
File: pd1enc.def 2024-01-20 v7.01h Hyperref: PDFDocEncoding definition (HO)
)
(/usr/share/texlive/texmf-dist/tex/generic/intcalc/intcalc.sty
Package: intcalc 2019/12/15 v1.3 Expandable calculations with integers (HO)
)
\Hy@SavedSpaceFactor=\count300

(/usr/share/texlive/texmf-dist/tex/latex/hyperref/puenc.def
File: puenc.def 2024-01-20 v7.01h Hyperref: PDF Unicode definition (HO)
)
Package hyperref Info: Hyper figures OFF on input line 4179.
Package hyperref Info: Link nesting OFF on input line 4184.
Package hyperref Info: Hyper index ON on input line 4187.
Package hyperref Info: Plain pages OFF on input line 4194.
Package hyperref Info: Backreferencing OFF on input line 4199.
Package hyperref Info: Implicit mode ON; LaTeX internals redefined.
Package hyperref Info: Bookmarks ON on input line 4446.
\c@Hy@tempcnt=\count301

(/usr/share/texlive/texmf-dist/tex/latex/url/url.sty
\Urlmuskip=\muskip17
Package: url 2013/09/16  ver 3.4  Verb mode for urls, etc.
)
LaTeX Info: Redefining \url on input line 4784.
\XeTeXLinkMargin=\dimen187

(/usr/share/texlive/texmf-dist/tex/generic/bitset/bitset.sty
Package: bitset 2019/12/09 v1.3 Handle bit-vector datatype (HO)

(/usr/share/texlive/texmf-dist/tex/generic/bigintcalc/bigintcalc.sty
Package: bigintcalc 2019/12/15 v1.5 Expandable calculations on big integers (HO
)
))
\Fld@menulength=\count302
\Field@Width=\dimen188
\Fld@charsize=\dimen189
Package hyperref Info: Hyper figures OFF on input line 6063.
Package hyperref Info: Link nesting OFF on input line 6068.
Package hyperref Info: Hyper index ON on input line 6071.
Package hyperref Info: backreferencing OFF on input line 6078.
Package hyperref Info: Link coloring OFF on input line 6083.
Package hyperref Info: Link coloring with OCG OFF on input line 6088.
Package hyperref Info: PDF/A mode OFF on input line 6093.

(/usr/share/texlive/texmf-dist/tex/latex/base/atbegshi-ltx.sty
Package: atbegshi-ltx 2021/01/10 v1.0c Emulation of the original atbegshi
package with kernel methods
)
\Hy@abspage=\count303
\c@Item=\count304
\c@Hfootnote=\count305
)
Package hyperref Info: Driver (autodetected): hxetex.

(/usr/share/texlive/texmf-dist/tex/latex/hyperref/hxetex.def
File: hxetex.def 2024-01-20 v7.01h Hyperref driver for XeTeX

(/usr/share/texlive/texmf-dist/tex/generic/stringenc/stringenc.sty
Package: stringenc 2019/11/29 v1.12 Convert strings between diff. encodings (HO
)
)
\pdfm@box=\box58
\c@Hy@AnnotLevel=\count306
\HyField@AnnotCount=\count307
\Fld@listcount=\count308
\c@bookmark@seq@number=\count309

(/usr/share/texlive/texmf-dist/tex/latex/rerunfilecheck/rerunfilecheck.sty
Package: rerunfilecheck 2022-07-10 v1.10 Rerun checks for auxiliary files (HO)

(/usr/share/texlive/texmf-dist/tex/latex/base/atveryend-ltx.sty
Package: atveryend-ltx 2020/08/19 v1.0a Emulation of the original atveryend pac
kage
with kernel methods
)
(/usr/share/texlive/texmf-dist/tex/generic/uniquecounter/uniquecounter.sty
Package: uniquecounter 2019/12/15 v1.4 Provide unlimited unique counter (HO)
)
Package uniquecounter Info: New unique counter `rerunfilecheck' on input line 2
85.
)
\Hy@SectionHShift=\skip55
)
(/usr/share/texlive/texmf-dist/tex/latex/enumitem/enumitem.sty
Package: enumitem 2019/06/20 v3.9 Customized lists
\enitkv@toks@=\toks28
\labelindent=\skip56
\enit@outerparindent=\dimen190
\enit@toks=\toks29
\enit@inbox=\box59
\enit@count@id=\count310
\enitdp@description=\count311
)
(/usr/share/texlive/texmf-dist/tex/latex/parskip/parskip.sty
Package: parskip 2021-03-14 v2.0h non-zero parskip adjustments
)
(/usr/share/texlive/texmf-dist/tex/latex/xcolor/xcolor.sty
Package: xcolor 2023/11/15 v3.01 LaTeX color extensions (UK)

(/usr/share/texlive/texmf-dist/tex/latex/graphics-cfg/color.cfg
File: color.cfg 2016/01/02 v1.6 sample color configuration
)
Package xcolor Info: Driver file: xetex.def on input line 274.

(/usr/share/texlive/texmf-dist/tex/latex/graphics/mathcolor.ltx)
Package xcolor Info: Model `cmy' substituted by `cmy0' on input line 1350.
Package xcolor Info: Model `RGB' extended on input line 1366.
Package xcolor Info: Model `HTML' substituted by `rgb' on input line 1368.
Package xcolor Info: Model `Hsb' substituted by `hsb' on input line 1369.
Package xcolor Info: Model `tHsb' substituted by `hsb' on input line 1370.
Package xcolor Info: Model `HSB' substituted by `hsb' on input line 1371.
Package xcolor Info: Model `Gray' substituted by `gray' on input line 1372.
Package xcolor Info: Model `wave' substituted by `hsb' on input line 1373.
)
(/usr/share/texlive/texmf-dist/tex/latex/listings/listings.sty
\lst@mode=\count312
\lst@gtempboxa=\box60
\lst@token=\toks30
\lst@length=\count313
\lst@currlwidth=\dimen191
\lst@column=\count314
\lst@pos=\count315
\lst@lostspace=\dimen192
\lst@width=\dimen193
\lst@newlines=\count316
\lst@lineno=\count317
\lst@maxwidth=\dimen194

(/usr/share/texlive/texmf-dist/tex/latex/listings/lstmisc.sty
File: lstmisc.sty 2023/02/27 1.9 (Carsten Heinz)
\c@lstnumber=\count318
\lst@skipnumbers=\count319
\lst@framebox=\box61
)
(/usr/share/texlive/texmf-dist/tex/latex/listings/listings.cfg
File: listings.cfg 2023/02/27 1.9 listings configuration
))
Package: listings 2023/02/27 1.9 (Carsten Heinz)

(/usr/share/texlive/texmf-dist/tex/latex/fancyhdr/fancyhdr.sty
Package: fancyhdr 2022/11/09 v4.1 Extensive control of page headers and footers

\f@nch@headwidth=\skip57
\f@nch@O@elh=\skip58
\f@nch@O@erh=\skip59
\f@nch@O@olh=\skip60
\f@nch@O@orh=\skip61
\f@nch@O@elf=\skip62
\f@nch@O@erf=\skip63
\f@nch@O@olf=\skip64
\f@nch@O@orf=\skip65
)
(./explanatory_report.aux)
\openout1 = `explanatory_report.aux'.

LaTeX Font Info:    Checking defaults for OML/cmm/m/it on input line 56.
LaTeX Font Info:    ... okay on input line 56.
LaTeX Font Info:    Checking defaults for OMS/cmsy/m/n on input line 56.
LaTeX Font Info:    ... okay on input line 56.
LaTeX Font Info:    Checking defaults for OT1/cmr/m/n on input line 56.
LaTeX Font Info:    ... okay on input line 56.
LaTeX Font Info:    Checking defaults for T1/cmr/m/n on input line 56.
LaTeX Font Info:    ... okay on input line 56.
LaTeX Font Info:    Checking defaults for TS1/cmr/m/n on input line 56.
LaTeX Font Info:    Trying to load font information for TS1+cmr on input line 5
6.

(/usr/share/texlive/texmf-dist/tex/latex/base/ts1cmr.fd
File: ts1cmr.fd 2023/04/13 v2.5m Standard LaTeX font definitions
)
LaTeX Font Info:    ... okay on input line 56.
LaTeX Font Info:    Checking defaults for TU/lmr/m/n on input line 56.
LaTeX Font Info:    ... okay on input line 56.
LaTeX Font Info:    Checking defaults for OMX/cmex/m/n on input line 56.
LaTeX Font Info:    ... okay on input line 56.
LaTeX Font Info:    Checking defaults for U/cmr/m/n on input line 56.
LaTeX Font Info:    ... okay on input line 56.
LaTeX Font Info:    Checking defaults for PD1/pdf/m/n on input line 56.
LaTeX Font Info:    ... okay on input line 56.
LaTeX Font Info:    Checking defaults for PU/pdf/m/n on input line 56.
LaTeX Font Info:    ... okay on input line 56.

Package fontspec Info: Adjusting the maths setup (use [no-math] to avoid
(fontspec)             this).

\symlegacymaths=\mathgroup6
LaTeX Font Info:    Overwriting symbol font `legacymaths' in version `bold'
(Font)                  OT1/cmr/m/n --> OT1/cmr/bx/n on input line 56.
LaTeX Font Info:    Redeclaring math accent \acute on input line 56.
LaTeX Font Info:    Redeclaring math accent \grave on input line 56.
LaTeX Font Info:    Redeclaring math accent \ddot on input line 56.
LaTeX Font Info:    Redeclaring math accent \tilde on input line 56.
LaTeX Font Info:    Redeclaring math accent \bar on input line 56.
LaTeX Font Info:    Redeclaring math accent \breve on input line 56.
LaTeX Font Info:    Redeclaring math accent \check on input line 56.
LaTeX Font Info:    Redeclaring math accent \hat on input line 56.
LaTeX Font Info:    Redeclaring math accent \dot on input line 56.
LaTeX Font Info:    Redeclaring math accent \mathring on input line 56.
LaTeX Font Info:    Redeclaring math symbol \Gamma on input line 56.
LaTeX Font Info:    Redeclaring math symbol \Delta on input line 56.
LaTeX Font Info:    Redeclaring math symbol \Theta on input line 56.
LaTeX Font Info:    Redeclaring math symbol \Lambda on input line 56.
LaTeX Font Info:    Redeclaring math symbol \Xi on input line 56.
LaTeX Font Info:    Redeclaring math symbol \Pi on input line 56.
LaTeX Font Info:    Redeclaring math symbol \Sigma on input line 56.
LaTeX Font Info:    Redeclaring math symbol \Upsilon on input line 56.
LaTeX Font Info:    Redeclaring math symbol \Phi on input line 56.
LaTeX Font Info:    Redeclaring math symbol \Psi on input line 56.
LaTeX Font Info:    Redeclaring math symbol \Omega on input line 56.
LaTeX Font Info:    Redeclaring math symbol \mathdollar on input line 56.
LaTeX Font Info:    Redeclaring symbol font `operators' on input line 56.
LaTeX Font Info:    Encoding `OT1' has changed to `TU' for symbol font
(Font)              `operators' in the math version `normal' on input line 56.
LaTeX Font Info:    Overwriting symbol font `operators' in version `normal'
(Font)                  OT1/cmr/m/n --> TU/DejaVuSerif(0)/m/n on input line 56.

LaTeX Font Info:    Encoding `OT1' has changed to `TU' for symbol font
(Font)              `operators' in the math version `bold' on input line 56.
LaTeX Font Info:    Overwriting symbol font `operators' in version `bold'
(Font)                  OT1/cmr/bx/n --> TU/DejaVuSerif(0)/m/n on input line 56
.
LaTeX Font Info:    Overwriting symbol font `operators' in version `normal'
(Font)                  TU/DejaVuSerif(0)/m/n --> TU/DejaVuSerif(0)/m/n on inpu
t line 56.
LaTeX Font Info:    Overwriting math alphabet `\mathit' in version `normal'
(Font)                  OT1/cmr/m/it --> TU/DejaVuSerif(0)/m/it on input line 5
6.
LaTeX Font Info:    Overwriting math alphabet `\mathbf' in version `normal'
(Font)                  OT1/cmr/bx/n --> TU/DejaVuSerif(0)/b/n on input line 56
.
LaTeX Font Info:    Overwriting math alphabet `\mathsf' in version `normal'
(Font)                  OT1/cmss/m/n --> TU/DejaVuSans(0)/m/n on input line 56.

LaTeX Font Info:    Overwriting math alphabet `\mathtt' in version `normal'
(Font)                  OT1/cmtt/m/n --> TU/DejaVuSansMono(0)/m/n on input line
 56.
LaTeX Font Info:    Overwriting symbol font `operators' in version `bold'
(Font)                  TU/DejaVuSerif(0)/m/n --> TU/DejaVuSerif(0)/b/n on inpu
t line 56.
LaTeX Font Info:    Overwriting math alphabet `\mathit' in version `bold'
(Font)                  OT1/cmr/bx/it --> TU/DejaVuSerif(0)/b/it on input line 
56.
LaTeX Font Info:    Overwriting math alphabet `\mathsf' in version `bold'
(Font)                  OT1/cmss/bx/n --> TU/DejaVuSans(0)/b/n on input line 56
.
LaTeX Font Info:    Overwriting math alphabet `\mathtt' in version `bold'
(Font)                  OT1/cmtt/m/n --> TU/DejaVuSansMono(0)/b/n on input line
 56.

*geometry* driver: auto-detecting
*geometry* detected driver: xetex
*geometry* verbose mode - [ preamble ] result:
* driver: xetex
* paper: a4paper
* layout: <same size as paper>
* layoutoffset:(h,v)=(0.0pt,0.0pt)
* modes: 
* h-part:(L,W,R)=(69.70915pt, 458.08957pt, 69.70915pt)
* v-part:(T,H,B)=(69.70915pt, 705.62854pt, 69.70915pt)
* \paperwidth=597.50787pt
* \paperheight=845.04684pt
* \textwidth=458.08957pt
* \textheight=705.62854pt
* \oddsidemargin=-2.56084pt
* \evensidemargin=-2.56084pt
* \topmargin=-39.56084pt
* \headheight=14.5pt
* \headsep=25.0pt
* \topskip=12.0pt
* \footskip=30.0pt
* \marginparwidth=35.0pt
* \marginparsep=10.0pt
* \columnsep=10.0pt
* \skip\footins=10.8pt plus 4.0pt minus 2.0pt
* \hoffset=0.0pt
* \voffset=0.0pt
* \mag=1000
* \@twocolumnfalse
* \@twosidefalse
* \@mparswitchfalse
* \@reversemarginfalse
* (1in=72.27pt=25.4mm, 1cm=28.453pt)

Package caption Info: Begin \AtBeginDocument code.
Package caption Info: hyperref package is loaded.
Package caption Info: listings package is loaded.
Package caption Info: End \AtBeginDocument code.
Package hyperref Info: Link coloring OFF on input line 56.
(./explanatory_report.out) (./explanatory_report.out)
\@outlinefile=\write3
\openout3 = `explanatory_report.out'.

\c@lstlisting=\count320

Package fontspec Info: Font family 'DejaVuSerif(1)' created for font 'DejaVu
(fontspec)             Serif' with options
(fontspec)             [Ligatures=TeX,Script=Greek,Script=Greek].
(fontspec)              
(fontspec)              This font family consists of the following NFSS
(fontspec)             series/shapes:
(fontspec)              
(fontspec)             - 'normal' (m/n) with NFSS spec.: <->"DejaVu
(fontspec)             Serif/OT:script=grek;language=dflt;mapping=tex-text;"
(fontspec)             - 'small caps'  (m/sc) with NFSS spec.: 
(fontspec)             - 'bold' (b/n) with NFSS spec.: <->"DejaVu
(fontspec)             Serif/B/OT:script=grek;language=dflt;mapping=tex-text;"
(fontspec)             - 'bold small caps'  (b/sc) with NFSS spec.: 
(fontspec)             - 'italic' (m/it) with NFSS spec.: <->"DejaVu
(fontspec)             Serif/I/OT:script=grek;language=dflt;mapping=tex-text;"
(fontspec)             - 'italic small caps'  (m/scit) with NFSS spec.: 
(fontspec)             - 'bold italic' (b/it) with NFSS spec.: <->"DejaVu
(fontspec)             Serif/BI/OT:script=grek;language=dflt;mapping=tex-text;"

(fontspec)             - 'bold italic small caps'  (b/scit) with NFSS spec.: 

LaTeX Font Info:    Trying to load font information for U+msa on input line 59.


(/usr/share/texlive/texmf-dist/tex/latex/amsfonts/umsa.fd
File: umsa.fd 2013/01/14 v3.01 AMS symbols A
)
LaTeX Font Info:    Trying to load font information for U+msb on input line 59.


(/usr/share/texlive/texmf-dist/tex/latex/amsfonts/umsb.fd
File: umsb.fd 2013/01/14 v3.01 AMS symbols B
)
(./explanatory_report.toc [1

]
LaTeX Info: Redefining \rmfamily on input line 54.
LaTeX Info: Redefining \sffamily on input line 54.
LaTeX Info: Redefining \ttfamily on input line 54.
LaTeX Info: Redefining \rmfamily on input line 56.
LaTeX Info: Redefining \sffamily on input line 56.
LaTeX Info: Redefining \ttfamily on input line 56.
LaTeX Info: Redefining \rmfamily on input line 56.
LaTeX Info: Redefining \sffamily on input line 56.
LaTeX Info: Redefining \ttfamily on input line 56.
 [2])
\tf@toc=\write4
\openout4 = `explanatory_report.toc'.

 [3]
LaTeX Info: Redefining \rmfamily on input line 85.
LaTeX Info: Redefining \sffamily on input line 85.
LaTeX Info: Redefining \ttfamily on input line 85.
LaTeX Info: Redefining \rmfamily on input line 95.
LaTeX Info: Redefining \sffamily on input line 95.
LaTeX Info: Redefining \ttfamily on input line 95.
LaTeX Info: Redefining \rmfamily on input line 96.
LaTeX Info: Redefining \sffamily on input line 96.
LaTeX Info: Redefining \ttfamily on input line 96.
LaTeX Info: Redefining \rmfamily on input line 105.
LaTeX Info: Redefining \sffamily on input line 105.
LaTeX Info: Redefining \ttfamily on input line 105.
LaTeX Info: Redefining \rmfamily on input line 105.
LaTeX Info: Redefining \sffamily on input line 105.
LaTeX Info: Redefining \ttfamily on input line 105.
LaTeX Info: Redefining \rmfamily on input line 111.
LaTeX Info: Redefining \sffamily on input line 111.
LaTeX Info: Redefining \ttfamily on input line 111.
LaTeX Info: Redefining \rmfamily on input line 111.
LaTeX Info: Redefining \sffamily on input line 111.
LaTeX Info: Redefining \ttfamily on input line 111.
LaTeX Info: Redefining \rmfamily on input line 120.
LaTeX Info: Redefining \sffamily on input line 120.
LaTeX Info: Redefining \ttfamily on input line 120.
LaTeX Info: Redefining \rmfamily on input line 120.
LaTeX Info: Redefining \sffamily on input line 120.
LaTeX Info: Redefining \ttfamily on input line 120.
LaTeX Info: Redefining \rmfamily on input line 120.
LaTeX Info: Redefining \sffamily on input line 120.
LaTeX Info: Redefining \ttfamily on input line 120.
LaTeX Info: Redefining \rmfamily on input line 121.
LaTeX Info: Redefining \sffamily on input line 121.
LaTeX Info: Redefining \ttfamily on input line 121.
LaTeX Info: Redefining \rmfamily on input line 121.
LaTeX Info: Redefining \sffamily on input line 121.
LaTeX Info: Redefining \ttfamily on input line 121.
LaTeX Info: Redefining \rmfamily on input line 121.
LaTeX Info: Redefining \sffamily on input line 121.
LaTeX Info: Redefining \ttfamily on input line 121.
LaTeX Info: Redefining \rmfamily on input line 122.
LaTeX Info: Redefining \sffamily on input line 122.
LaTeX Info: Redefining \ttfamily on input line 122.
LaTeX Info: Redefining \rmfamily on input line 122.
LaTeX Info: Redefining \sffamily on input line 122.
LaTeX Info: Redefining \ttfamily on input line 122.
LaTeX Info: Redefining \rmfamily on input line 122.
LaTeX Info: Redefining \sffamily on input line 122.
LaTeX Info: Redefining \ttfamily on input line 122.
LaTeX Info: Redefining \rmfamily on input line 123.
LaTeX Info: Redefining \sffamily on input line 123.
LaTeX Info: Redefining \ttfamily on input line 123.
LaTeX Info: Redefining \rmfamily on input line 123.
LaTeX Info: Redefining \sffamily on input line 123.
LaTeX Info: Redefining \ttfamily on input line 123.
LaTeX Info: Redefining \rmfamily on input line 155.
LaTeX Info: Redefining \sffamily on input line 155.
LaTeX Info: Redefining \ttfamily on input line 155.
LaTeX Info: Redefining \rmfamily on input line 159.
LaTeX Info: Redefining \sffamily on input line 159.
LaTeX Info: Redefining \ttfamily on input line 159.
 [4]
LaTeX Info: Redefining \rmfamily on input line 199.
LaTeX Info: Redefining \sffamily on input line 199.
LaTeX Info: Redefining \ttfamily on input line 199.
LaTeX Info: Redefining \rmfamily on input line 209.
LaTeX Info: Redefining \sffamily on input line 209.
LaTeX Info: Redefining \ttfamily on input line 209.
LaTeX Info: Redefining \rmfamily on input line 214.
LaTeX Info: Redefining \sffamily on input line 214.
LaTeX Info: Redefining \ttfamily on input line 214.
LaTeX Info: Redefining \rmfamily on input line 214.
LaTeX Info: Redefining \sffamily on input line 214.
LaTeX Info: Redefining \ttfamily on input line 214.
 [5]
LaTeX Info: Redefining \rmfamily on input line 225.
LaTeX Info: Redefining \sffamily on input line 225.
LaTeX Info: Redefining \ttfamily on input line 225.
LaTeX Info: Redefining \rmfamily on input line 225.
LaTeX Info: Redefining \sffamily on input line 225.
LaTeX Info: Redefining \ttfamily on input line 225.
LaTeX Info: Redefining \rmfamily on input line 230.
LaTeX Info: Redefining \sffamily on input line 230.
LaTeX Info: Redefining \ttfamily on input line 230.
LaTeX Info: Redefining \rmfamily on input line 231.
LaTeX Info: Redefining \sffamily on input line 231.
LaTeX Info: Redefining \ttfamily on input line 231.
LaTeX Info: Redefining \rmfamily on input line 237.
LaTeX Info: Redefining \sffamily on input line 237.
LaTeX Info: Redefining \ttfamily on input line 237.

Overfull \hbox (2.93777pt too wide) in paragraph at lines 236--238
[]\TU/DejaVuSerif(1)/m/n/12 Για κάθε μεταβλητή δοκιμάζει πολλά πιθανά όρια διαχ
ωρισμού ([]thresh-
 []

LaTeX Info: Redefining \rmfamily on input line 245.
LaTeX Info: Redefining \sffamily on input line 245.
LaTeX Info: Redefining \ttfamily on input line 245.
LaTeX Info: Redefining \rmfamily on input line 245.
LaTeX Info: Redefining \sffamily on input line 245.
LaTeX Info: Redefining \ttfamily on input line 245.
LaTeX Info: Redefining \rmfamily on input line 246.
LaTeX Info: Redefining \sffamily on input line 246.
LaTeX Info: Redefining \ttfamily on input line 246.
LaTeX Info: Redefining \rmfamily on input line 263.
LaTeX Info: Redefining \sffamily on input line 263.
LaTeX Info: Redefining \ttfamily on input line 263.
[6]
Overfull \hbox (1.12723pt too wide) in paragraph at lines 278--280
[]\TU/DejaVuSerif(1)/m/n/12 Κρατά το threshold που μειώνει περισσότερο τη συνολ
ική Gini impurity. 
 []

LaTeX Info: Redefining \rmfamily on input line 318.
LaTeX Info: Redefining \sffamily on input line 318.
LaTeX Info: Redefining \ttfamily on input line 318.
LaTeX Info: Redefining \rmfamily on input line 319.
LaTeX Info: Redefining \sffamily on input line 319.
LaTeX Info: Redefining \ttfamily on input line 319.
LaTeX Info: Redefining \rmfamily on input line 320.
LaTeX Info: Redefining \sffamily on input line 320.
LaTeX Info: Redefining \ttfamily on input line 320.
LaTeX Info: Redefining \rmfamily on input line 321.
LaTeX Info: Redefining \sffamily on input line 321.
LaTeX Info: Redefining \ttfamily on input line 321.
LaTeX Info: Redefining \rmfamily on input line 322.
LaTeX Info: Redefining \sffamily on input line 322.
LaTeX Info: Redefining \ttfamily on input line 322.
LaTeX Info: Redefining \rmfamily on input line 323.
LaTeX Info: Redefining \sffamily on input line 323.
LaTeX Info: Redefining \ttfamily on input line 323.
LaTeX Info: Redefining \rmfamily on input line 324.
LaTeX Info: Redefining \sffamily on input line 324.
LaTeX Info: Redefining \ttfamily on input line 324.
LaTeX Info: Redefining \rmfamily on input line 325.
LaTeX Info: Redefining \sffamily on input line 325.
LaTeX Info: Redefining \ttfamily on input line 325.
LaTeX Info: Redefining \rmfamily on input line 326.
LaTeX Info: Redefining \sffamily on input line 326.
LaTeX Info: Redefining \ttfamily on input line 326.
LaTeX Info: Redefining \rmfamily on input line 327.
LaTeX Info: Redefining \sffamily on input line 327.
LaTeX Info: Redefining \ttfamily on input line 327.
LaTeX Info: Redefining \rmfamily on input line 328.
LaTeX Info: Redefining \sffamily on input line 328.
LaTeX Info: Redefining \ttfamily on input line 328.
LaTeX Info: Redefining \rmfamily on input line 333.
LaTeX Info: Redefining \sffamily on input line 333.
LaTeX Info: Redefining \ttfamily on input line 333.
LaTeX Info: Redefining \rmfamily on input line 337.
LaTeX Info: Redefining \sffamily on input line 337.
LaTeX Info: Redefining \ttfamily on input line 337.
LaTeX Info: Redefining \rmfamily on input line 338.
LaTeX Info: Redefining \sffamily on input line 338.
LaTeX Info: Redefining \ttfamily on input line 338.
[7]
LaTeX Info: Redefining \rmfamily on input line 343.
LaTeX Info: Redefining \sffamily on input line 343.
LaTeX Info: Redefining \ttfamily on input line 343.
LaTeX Info: Redefining \rmfamily on input line 347.
LaTeX Info: Redefining \sffamily on input line 347.
LaTeX Info: Redefining \ttfamily on input line 347.
LaTeX Info: Redefining \rmfamily on input line 348.
LaTeX Info: Redefining \sffamily on input line 348.
LaTeX Info: Redefining \ttfamily on input line 348.
LaTeX Info: Redefining \rmfamily on input line 351.
LaTeX Info: Redefining \sffamily on input line 351.
LaTeX Info: Redefining \ttfamily on input line 351.
LaTeX Info: Redefining \rmfamily on input line 357.
LaTeX Info: Redefining \sffamily on input line 357.
LaTeX Info: Redefining \ttfamily on input line 357.
LaTeX Info: Redefining \rmfamily on input line 368.
LaTeX Info: Redefining \sffamily on input line 368.
LaTeX Info: Redefining \ttfamily on input line 368.

Underfull \hbox (badness 10000) in paragraph at lines 368--368
[]|[]\TU/DejaVuSansMono(0)/m/n/10.95 total sulfur
 []


Underfull \hbox (badness 10000) in paragraph at lines 368--368
\TU/DejaVuSansMono(0)/m/n/10.95 dioxide <=
 []


Underfull \hbox (badness 4752) in paragraph at lines 371--371
[]|\TU/DejaVuSerif(0)/m/n/10.95 Αριστερός κόμ-
 []

LaTeX Info: Redefining \rmfamily on input line 372.
LaTeX Info: Redefining \sffamily on input line 372.
LaTeX Info: Redefining \ttfamily on input line 372.

Underfull \hbox (badness 10000) in paragraph at lines 372--372
[]|[]\TU/DejaVuSansMono(0)/m/n/10.95 chlorides <=
 []

LaTeX Info: Redefining \rmfamily on input line 376.
LaTeX Info: Redefining \sffamily on input line 376.
LaTeX Info: Redefining \ttfamily on input line 376.

Underfull \hbox (badness 10000) in paragraph at lines 376--376
[]|[]\TU/DejaVuSansMono(0)/m/n/10.95 chlorides <=
 []

LaTeX Info: Redefining \rmfamily on input line 385.
LaTeX Info: Redefining \sffamily on input line 385.
LaTeX Info: Redefining \ttfamily on input line 385.
LaTeX Info: Redefining \rmfamily on input line 391.
LaTeX Info: Redefining \sffamily on input line 391.
LaTeX Info: Redefining \ttfamily on input line 391.
LaTeX Info: Redefining \rmfamily on input line 392.
LaTeX Info: Redefining \sffamily on input line 392.
LaTeX Info: Redefining \ttfamily on input line 392.
(/usr/share/texlive/texmf-dist/tex/latex/listings/lstlang1.sty
File: lstlang1.sty 2023/02/27 1.9 listings language file
) [8]
LaTeX Info: Redefining \rmfamily on input line 427.
LaTeX Info: Redefining \sffamily on input line 427.
LaTeX Info: Redefining \ttfamily on input line 427.
LaTeX Info: Redefining \rmfamily on input line 427.
LaTeX Info: Redefining \sffamily on input line 427.
LaTeX Info: Redefining \ttfamily on input line 427.
LaTeX Info: Redefining \rmfamily on input line 467.
LaTeX Info: Redefining \sffamily on input line 467.
LaTeX Info: Redefining \ttfamily on input line 467.
LaTeX Info: Redefining \rmfamily on input line 468.
LaTeX Info: Redefining \sffamily on input line 468.
LaTeX Info: Redefining \ttfamily on input line 468.
 [9]
LaTeX Info: Redefining \rmfamily on input line 473.
LaTeX Info: Redefining \sffamily on input line 473.
LaTeX Info: Redefining \ttfamily on input line 473.
LaTeX Info: Redefining \rmfamily on input line 475.
LaTeX Info: Redefining \sffamily on input line 475.
LaTeX Info: Redefining \ttfamily on input line 475.

[10]
File: q1_confusion_matrix.png Graphic file (type bmp)
<q1_confusion_matrix.png>
File: q1_decision_tree_plot.png Graphic file (type bmp)
<q1_decision_tree_plot.png>
LaTeX Info: Redefining \rmfamily on input line 576.
LaTeX Info: Redefining \sffamily on input line 576.
LaTeX Info: Redefining \ttfamily on input line 576.
LaTeX Info: Redefining \rmfamily on input line 577.
LaTeX Info: Redefining \sffamily on input line 577.
LaTeX Info: Redefining \ttfamily on input line 577.
 [11]
LaTeX Info: Redefining \rmfamily on input line 591.
LaTeX Info: Redefining \sffamily on input line 591.
LaTeX Info: Redefining \ttfamily on input line 591.
LaTeX Info: Redefining \rmfamily on input line 592.
LaTeX Info: Redefining \sffamily on input line 592.
LaTeX Info: Redefining \ttfamily on input line 592.
LaTeX Info: Redefining \rmfamily on input line 593.
LaTeX Info: Redefining \sffamily on input line 593.
LaTeX Info: Redefining \ttfamily on input line 593.
LaTeX Info: Redefining \rmfamily on input line 596.
LaTeX Info: Redefining \sffamily on input line 596.
LaTeX Info: Redefining \ttfamily on input line 596.
LaTeX Info: Redefining \rmfamily on input line 598.
LaTeX Info: Redefining \sffamily on input line 598.
LaTeX Info: Redefining \ttfamily on input line 598.
LaTeX Info: Redefining \rmfamily on input line 598.
LaTeX Info: Redefining \sffamily on input line 598.
LaTeX Info: Redefining \ttfamily on input line 598.
LaTeX Info: Redefining \rmfamily on input line 600.
LaTeX Info: Redefining \sffamily on input line 600.
LaTeX Info: Redefining \ttfamily on input line 600.
LaTeX Info: Redefining \rmfamily on input line 602.
LaTeX Info: Redefining \sffamily on input line 602.
LaTeX Info: Redefining \ttfamily on input line 602.
LaTeX Info: Redefining \rmfamily on input line 602.
LaTeX Info: Redefining \sffamily on input line 602.
LaTeX Info: Redefining \ttfamily on input line 602.
LaTeX Info: Redefining \rmfamily on input line 603.
LaTeX Info: Redefining \sffamily on input line 603.
LaTeX Info: Redefining \ttfamily on input line 603.
LaTeX Info: Redefining \rmfamily on input line 604.
LaTeX Info: Redefining \sffamily on input line 604.
LaTeX Info: Redefining \ttfamily on input line 604.
 [12]
LaTeX Info: Redefining \rmfamily on input line 660.
LaTeX Info: Redefining \sffamily on input line 660.
LaTeX Info: Redefining \ttfamily on input line 660.
LaTeX Info: Redefining \rmfamily on input line 661.
LaTeX Info: Redefining \sffamily on input line 661.
LaTeX Info: Redefining \ttfamily on input line 661.
LaTeX Info: Redefining \rmfamily on input line 666.
LaTeX Info: Redefining \sffamily on input line 666.
LaTeX Info: Redefining \ttfamily on input line 666.
LaTeX Info: Redefining \rmfamily on input line 667.
LaTeX Info: Redefining \sffamily on input line 667.
LaTeX Info: Redefining \ttfamily on input line 667.

Overfull \hbox (3.16629pt too wide) in paragraph at lines 694--697
[]\TU/DejaVuSerif(1)/m/n/12 Το «με επανάθεση» σημαίνει ότι όταν διαλέγουμε μία 
γραμμή από το training
 []

[13]
LaTeX Info: Redefining \rmfamily on input line 730.
LaTeX Info: Redefining \sffamily on input line 730.
LaTeX Info: Redefining \ttfamily on input line 730.
LaTeX Info: Redefining \rmfamily on input line 730.
LaTeX Info: Redefining \sffamily on input line 730.
LaTeX Info: Redefining \ttfamily on input line 730.
LaTeX Info: Redefining \rmfamily on input line 742.
LaTeX Info: Redefining \sffamily on input line 742.
LaTeX Info: Redefining \ttfamily on input line 742.

Overfull \hbox (6.0352pt too wide) in paragraph at lines 752--756
[]\TU/DejaVuSerif(1)/m/n/12 Ένα bootstrap δείγμα δημιουργείται με δειγματοληψία
 \TU/DejaVuSerif(1)/b/n/12 με επανάθεση\TU/DejaVuSerif(1)/m/n/12 . Αυτό
 []

[14]
LaTeX Info: Redefining \rmfamily on input line 776.
LaTeX Info: Redefining \sffamily on input line 776.
LaTeX Info: Redefining \ttfamily on input line 776.
LaTeX Info: Redefining \rmfamily on input line 784.
LaTeX Info: Redefining \sffamily on input line 784.
LaTeX Info: Redefining \ttfamily on input line 784.
LaTeX Info: Redefining \rmfamily on input line 784.
LaTeX Info: Redefining \sffamily on input line 784.
LaTeX Info: Redefining \ttfamily on input line 784.
LaTeX Info: Redefining \rmfamily on input line 806.
LaTeX Info: Redefining \sffamily on input line 806.
LaTeX Info: Redefining \ttfamily on input line 806.
LaTeX Info: Redefining \rmfamily on input line 807.
LaTeX Info: Redefining \sffamily on input line 807.
LaTeX Info: Redefining \ttfamily on input line 807.
LaTeX Info: Redefining \rmfamily on input line 812.
LaTeX Info: Redefining \sffamily on input line 812.
LaTeX Info: Redefining \ttfamily on input line 812.
LaTeX Info: Redefining \rmfamily on input line 813.
LaTeX Info: Redefining \sffamily on input line 813.
LaTeX Info: Redefining \ttfamily on input line 813.
LaTeX Info: Redefining \rmfamily on input line 815.
LaTeX Info: Redefining \sffamily on input line 815.
LaTeX Info: Redefining \ttfamily on input line 815.
LaTeX Info: Redefining \rmfamily on input line 816.
LaTeX Info: Redefining \sffamily on input line 816.
LaTeX Info: Redefining \ttfamily on input line 816.

Overfull \hbox (6.78706pt too wide) in paragraph at lines 820--823
\TU/DejaVuSerif(1)/m/n/12 γνωστό μειονέκτημα: μπορούν να είναι ασταθή. Μικρές α
λλαγές στα training
 []

[15]
File: q2_bagging_concept.png Graphic file (type bmp)
<q2_bagging_concept.png>
 [16]
LaTeX Info: Redefining \rmfamily on input line 882.
LaTeX Info: Redefining \sffamily on input line 882.
LaTeX Info: Redefining \ttfamily on input line 882.
LaTeX Info: Redefining \rmfamily on input line 884.
LaTeX Info: Redefining \sffamily on input line 884.
LaTeX Info: Redefining \ttfamily on input line 884.
LaTeX Info: Redefining \rmfamily on input line 886.
LaTeX Info: Redefining \sffamily on input line 886.
LaTeX Info: Redefining \ttfamily on input line 886.
LaTeX Info: Redefining \rmfamily on input line 888.
LaTeX Info: Redefining \sffamily on input line 888.
LaTeX Info: Redefining \ttfamily on input line 888.
LaTeX Info: Redefining \rmfamily on input line 889.
LaTeX Info: Redefining \sffamily on input line 889.
LaTeX Info: Redefining \ttfamily on input line 889.
LaTeX Info: Redefining \rmfamily on input line 910.
LaTeX Info: Redefining \sffamily on input line 910.
LaTeX Info: Redefining \ttfamily on input line 910.
 [17] [18]
File: q2_confusion_matrix.png Graphic file (type bmp)
<q2_confusion_matrix.png>
LaTeX Info: Redefining \rmfamily on input line 1028.
LaTeX Info: Redefining \sffamily on input line 1028.
LaTeX Info: Redefining \ttfamily on input line 1028.
 [19]
LaTeX Info: Redefining \rmfamily on input line 1061.
LaTeX Info: Redefining \sffamily on input line 1061.
LaTeX Info: Redefining \ttfamily on input line 1061.
File: q2_bagging_feature_importance.png Graphic file (type bmp)
<q2_bagging_feature_importance.png>
 [20]
LaTeX Info: Redefining \rmfamily on input line 1083.
LaTeX Info: Redefining \sffamily on input line 1083.
LaTeX Info: Redefining \ttfamily on input line 1083.
LaTeX Info: Redefining \rmfamily on input line 1083.
LaTeX Info: Redefining \sffamily on input line 1083.
LaTeX Info: Redefining \ttfamily on input line 1083.
LaTeX Info: Redefining \rmfamily on input line 1094.
LaTeX Info: Redefining \sffamily on input line 1094.
LaTeX Info: Redefining \ttfamily on input line 1094.
LaTeX Info: Redefining \rmfamily on input line 1095.
LaTeX Info: Redefining \sffamily on input line 1095.
LaTeX Info: Redefining \ttfamily on input line 1095.
LaTeX Info: Redefining \rmfamily on input line 1096.
LaTeX Info: Redefining \sffamily on input line 1096.
LaTeX Info: Redefining \ttfamily on input line 1096.
LaTeX Info: Redefining \rmfamily on input line 1097.
LaTeX Info: Redefining \sffamily on input line 1097.
LaTeX Info: Redefining \ttfamily on input line 1097.
LaTeX Info: Redefining \rmfamily on input line 1098.
LaTeX Info: Redefining \sffamily on input line 1098.
LaTeX Info: Redefining \ttfamily on input line 1098.
LaTeX Info: Redefining \rmfamily on input line 1099.
LaTeX Info: Redefining \sffamily on input line 1099.
LaTeX Info: Redefining \ttfamily on input line 1099.
LaTeX Info: Redefining \rmfamily on input line 1100.
LaTeX Info: Redefining \sffamily on input line 1100.
LaTeX Info: Redefining \ttfamily on input line 1100.
LaTeX Info: Redefining \rmfamily on input line 1101.
LaTeX Info: Redefining \sffamily on input line 1101.
LaTeX Info: Redefining \ttfamily on input line 1101.
LaTeX Info: Redefining \rmfamily on input line 1102.
LaTeX Info: Redefining \sffamily on input line 1102.
LaTeX Info: Redefining \ttfamily on input line 1102.
LaTeX Info: Redefining \rmfamily on input line 1103.
LaTeX Info: Redefining \sffamily on input line 1103.
LaTeX Info: Redefining \ttfamily on input line 1103.
LaTeX Info: Redefining \rmfamily on input line 1104.
LaTeX Info: Redefining \sffamily on input line 1104.
LaTeX Info: Redefining \ttfamily on input line 1104.
LaTeX Info: Redefining \rmfamily on input line 1111.
LaTeX Info: Redefining \sffamily on input line 1111.
LaTeX Info: Redefining \ttfamily on input line 1111.
LaTeX Info: Redefining \rmfamily on input line 1111.
LaTeX Info: Redefining \sffamily on input line 1111.
LaTeX Info: Redefining \ttfamily on input line 1111.
 [21]
Overfull \hbox (17.3948pt too wide) in paragraph at lines 1136--1137
[]\TU/DejaVuSerif(1)/b/n/12 «Να γίνει πρόβλεψη/εκτίμηση του τύπου κρασιού με Ra
ndom
 []

[22]
LaTeX Info: Redefining \rmfamily on input line 1184.
LaTeX Info: Redefining \sffamily on input line 1184.
LaTeX Info: Redefining \ttfamily on input line 1184.
File: q3_random_forest_concept.png Graphic file (type bmp)
<q3_random_forest_concept.png>
 [23]
LaTeX Info: Redefining \rmfamily on input line 1239.
LaTeX Info: Redefining \sffamily on input line 1239.
LaTeX Info: Redefining \ttfamily on input line 1239.
LaTeX Info: Redefining \rmfamily on input line 1239.
LaTeX Info: Redefining \sffamily on input line 1239.
LaTeX Info: Redefining \ttfamily on input line 1239.
LaTeX Info: Redefining \rmfamily on input line 1239.
LaTeX Info: Redefining \sffamily on input line 1239.
LaTeX Info: Redefining \ttfamily on input line 1239.
LaTeX Info: Redefining \rmfamily on input line 1239.
LaTeX Info: Redefining \sffamily on input line 1239.
LaTeX Info: Redefining \ttfamily on input line 1239.
LaTeX Info: Redefining \rmfamily on input line 1239.
LaTeX Info: Redefining \sffamily on input line 1239.
LaTeX Info: Redefining \ttfamily on input line 1239.
LaTeX Info: Redefining \rmfamily on input line 1246.
LaTeX Info: Redefining \sffamily on input line 1246.
LaTeX Info: Redefining \ttfamily on input line 1246.
LaTeX Info: Redefining \rmfamily on input line 1246.
LaTeX Info: Redefining \sffamily on input line 1246.
LaTeX Info: Redefining \ttfamily on input line 1246.
LaTeX Info: Redefining \rmfamily on input line 1246.
LaTeX Info: Redefining \sffamily on input line 1246.
LaTeX Info: Redefining \ttfamily on input line 1246.
LaTeX Info: Redefining \rmfamily on input line 1247.
LaTeX Info: Redefining \sffamily on input line 1247.
LaTeX Info: Redefining \ttfamily on input line 1247.
LaTeX Info: Redefining \rmfamily on input line 1247.
LaTeX Info: Redefining \sffamily on input line 1247.
LaTeX Info: Redefining \ttfamily on input line 1247.
 [24]
LaTeX Info: Redefining \rmfamily on input line 1263.
LaTeX Info: Redefining \sffamily on input line 1263.
LaTeX Info: Redefining \ttfamily on input line 1263.
LaTeX Info: Redefining \rmfamily on input line 1265.
LaTeX Info: Redefining \sffamily on input line 1265.
LaTeX Info: Redefining \ttfamily on input line 1265.
LaTeX Info: Redefining \rmfamily on input line 1273.
LaTeX Info: Redefining \sffamily on input line 1273.
LaTeX Info: Redefining \ttfamily on input line 1273.
LaTeX Info: Redefining \rmfamily on input line 1273.
LaTeX Info: Redefining \sffamily on input line 1273.
LaTeX Info: Redefining \ttfamily on input line 1273.
LaTeX Info: Redefining \rmfamily on input line 1273.
LaTeX Info: Redefining \sffamily on input line 1273.
LaTeX Info: Redefining \ttfamily on input line 1273.
LaTeX Info: Redefining \rmfamily on input line 1274.
LaTeX Info: Redefining \sffamily on input line 1274.
LaTeX Info: Redefining \ttfamily on input line 1274.
LaTeX Info: Redefining \rmfamily on input line 1274.
LaTeX Info: Redefining \sffamily on input line 1274.
LaTeX Info: Redefining \ttfamily on input line 1274.
LaTeX Info: Redefining \rmfamily on input line 1274.
LaTeX Info: Redefining \sffamily on input line 1274.
LaTeX Info: Redefining \ttfamily on input line 1274.
LaTeX Info: Redefining \rmfamily on input line 1275.
LaTeX Info: Redefining \sffamily on input line 1275.
LaTeX Info: Redefining \ttfamily on input line 1275.
LaTeX Info: Redefining \rmfamily on input line 1275.
LaTeX Info: Redefining \sffamily on input line 1275.
LaTeX Info: Redefining \ttfamily on input line 1275.
LaTeX Info: Redefining \rmfamily on input line 1275.
LaTeX Info: Redefining \sffamily on input line 1275.
LaTeX Info: Redefining \ttfamily on input line 1275.
LaTeX Info: Redefining \rmfamily on input line 1276.
LaTeX Info: Redefining \sffamily on input line 1276.
LaTeX Info: Redefining \ttfamily on input line 1276.
LaTeX Info: Redefining \rmfamily on input line 1276.
LaTeX Info: Redefining \sffamily on input line 1276.
LaTeX Info: Redefining \ttfamily on input line 1276.
LaTeX Info: Redefining \rmfamily on input line 1287.
LaTeX Info: Redefining \sffamily on input line 1287.
LaTeX Info: Redefining \ttfamily on input line 1287.
LaTeX Info: Redefining \rmfamily on input line 1288.
LaTeX Info: Redefining \sffamily on input line 1288.
LaTeX Info: Redefining \ttfamily on input line 1288.
LaTeX Info: Redefining \rmfamily on input line 1291.
LaTeX Info: Redefining \sffamily on input line 1291.
LaTeX Info: Redefining \ttfamily on input line 1291.
 [25]
LaTeX Info: Redefining \rmfamily on input line 1327.
LaTeX Info: Redefining \sffamily on input line 1327.
LaTeX Info: Redefining \ttfamily on input line 1327.
LaTeX Info: Redefining \rmfamily on input line 1327.
LaTeX Info: Redefining \sffamily on input line 1327.
LaTeX Info: Redefining \ttfamily on input line 1327.
LaTeX Info: Redefining \rmfamily on input line 1331.
LaTeX Info: Redefining \sffamily on input line 1331.
LaTeX Info: Redefining \ttfamily on input line 1331.

Overfull \hbox (5.93192pt too wide) in paragraph at lines 1333--1335
[]\TU/DejaVuSerif(1)/m/n/12 Κάθε δέντρο εκπαιδεύτηκε σε διαφορετικό bootstrap δ
είγμα του training
 []

LaTeX Info: Redefining \rmfamily on input line 1349.
LaTeX Info: Redefining \sffamily on input line 1349.
LaTeX Info: Redefining \ttfamily on input line 1349.
LaTeX Info: Redefining \rmfamily on input line 1373.
LaTeX Info: Redefining \sffamily on input line 1373.
LaTeX Info: Redefining \ttfamily on input line 1373.
LaTeX Info: Redefining \rmfamily on input line 1374.
LaTeX Info: Redefining \sffamily on input line 1374.
LaTeX Info: Redefining \ttfamily on input line 1374.
[26]
LaTeX Info: Redefining \rmfamily on input line 1388.
LaTeX Info: Redefining \sffamily on input line 1388.
LaTeX Info: Redefining \ttfamily on input line 1388.
File: q3_confusion_matrix.png Graphic file (type bmp)
<q3_confusion_matrix.png>
 [27]
LaTeX Info: Redefining \rmfamily on input line 1448.
LaTeX Info: Redefining \sffamily on input line 1448.
LaTeX Info: Redefining \ttfamily on input line 1448.
LaTeX Info: Redefining \rmfamily on input line 1464.
LaTeX Info: Redefining \sffamily on input line 1464.
LaTeX Info: Redefining \ttfamily on input line 1464.
LaTeX Info: Redefining \rmfamily on input line 1465.
LaTeX Info: Redefining \sffamily on input line 1465.
LaTeX Info: Redefining \ttfamily on input line 1465.
 [28]
Overfull \hbox (6.5823pt too wide) in paragraph at lines 1468--1471
[]\TU/DejaVuSerif(1)/m/n/12 Το Random Forest κέρδισε οριακά επειδή μείωσε λίγο 
περισσότερο την ομοιό-
 []

File: q3_random_forest_feature_importance.png Graphic file (type bmp)
<q3_random_forest_feature_importance.png>
LaTeX Info: Redefining \rmfamily on input line 1480.
LaTeX Info: Redefining \sffamily on input line 1480.
LaTeX Info: Redefining \ttfamily on input line 1480.
LaTeX Info: Redefining \rmfamily on input line 1481.
LaTeX Info: Redefining \sffamily on input line 1481.
LaTeX Info: Redefining \ttfamily on input line 1481.
LaTeX Info: Redefining \rmfamily on input line 1497.
LaTeX Info: Redefining \sffamily on input line 1497.
LaTeX Info: Redefining \ttfamily on input line 1497.
[29]
Overfull \hbox (8.16965pt too wide) in paragraph at lines 1519--1520
\TU/DejaVuSerif(1)/b/n/12 μέθοδο Boosting, χρησιμοποιώντας 200 επιμέρους μοντέλ
α,
 []

[30]
LaTeX Info: Redefining \rmfamily on input line 1548.
LaTeX Info: Redefining \sffamily on input line 1548.
LaTeX Info: Redefining \ttfamily on input line 1548.
LaTeX Info: Redefining \rmfamily on input line 1549.
LaTeX Info: Redefining \sffamily on input line 1549.
LaTeX Info: Redefining \ttfamily on input line 1549.
LaTeX Info: Redefining \rmfamily on input line 1550.
LaTeX Info: Redefining \sffamily on input line 1550.
LaTeX Info: Redefining \ttfamily on input line 1550.

Overfull \hbox (6.96317pt too wide) in paragraph at lines 1558--1561
\TU/DejaVuSerif(1)/m/n/12 σπαθεί να βελτιώσει το συνολικό μοντέλο που έχει δημι
ουργηθεί μέχρι εκείνη
 []

LaTeX Info: Redefining \rmfamily on input line 1571.
LaTeX Info: Redefining \sffamily on input line 1571.
LaTeX Info: Redefining \ttfamily on input line 1571.

Underfull \hbox (badness 10000) in paragraph at lines 1590--1590
[]|\TU/DejaVuSerif(1)/b/n/12 Πώς φτιάχνονται
 []


Underfull \hbox (badness 10000) in paragraph at lines 1593--1593
[]|\TU/DejaVuSerif(1)/m/n/12 Πολλά δέντρα φτιά-
 []


Underfull \hbox (badness 10000) in paragraph at lines 1593--1593
\TU/DejaVuSerif(1)/m/n/12 χνονται σε διαφορε-
 []


Underfull \hbox (badness 10000) in paragraph at lines 1593--1593
\TU/DejaVuSerif(1)/m/n/12 τικά bootstrap δείγ-
 []


Underfull \hbox (badness 1466) in paragraph at lines 1594--1595
[]|\TU/DejaVuSerif(1)/m/n/12 Μειώνουμε την αστά-
 []


Underfull \hbox (badness 10000) in paragraph at lines 1594--1595
\TU/DejaVuSerif(1)/m/n/12 θεια ενός δέντρου
 []


Underfull \hbox (badness 10000) in paragraph at lines 1597--1598
\TU/DejaVuSerif(1)/m/n/12 διαφορετικά μεταξύ
 []


Underfull \hbox (badness 5274) in paragraph at lines 1600--1601
\TU/DejaVuSerif(1)/m/n/12 σπαθεί να διορθώσει
 []


Underfull \hbox (badness 10000) in paragraph at lines 1600--1601
\TU/DejaVuSerif(1)/m/n/12 τις αδυναμίες του
 []


Underfull \hbox (badness 10000) in paragraph at lines 1600--1601
\TU/DejaVuSerif(1)/m/n/12 προηγούμενου συνό-
 []

[31]
LaTeX Info: Redefining \rmfamily on input line 1620.
LaTeX Info: Redefining \sffamily on input line 1620.
LaTeX Info: Redefining \ttfamily on input line 1620.
LaTeX Info: Redefining \rmfamily on input line 1621.
LaTeX Info: Redefining \sffamily on input line 1621.
LaTeX Info: Redefining \ttfamily on input line 1621.
LaTeX Info: Redefining \rmfamily on input line 1626.
LaTeX Info: Redefining \sffamily on input line 1626.
LaTeX Info: Redefining \ttfamily on input line 1626.
LaTeX Info: Redefining \rmfamily on input line 1636.
LaTeX Info: Redefining \sffamily on input line 1636.
LaTeX Info: Redefining \ttfamily on input line 1636.
 [32]
LaTeX Info: Redefining \rmfamily on input line 1648.
LaTeX Info: Redefining \sffamily on input line 1648.
LaTeX Info: Redefining \ttfamily on input line 1648.
LaTeX Info: Redefining \rmfamily on input line 1651.
LaTeX Info: Redefining \sffamily on input line 1651.
LaTeX Info: Redefining \ttfamily on input line 1651.
LaTeX Info: Redefining \rmfamily on input line 1659.
LaTeX Info: Redefining \sffamily on input line 1659.
LaTeX Info: Redefining \ttfamily on input line 1659.
LaTeX Info: Redefining \rmfamily on input line 1660.
LaTeX Info: Redefining \sffamily on input line 1660.
LaTeX Info: Redefining \ttfamily on input line 1660.
LaTeX Info: Redefining \rmfamily on input line 1660.
LaTeX Info: Redefining \sffamily on input line 1660.
LaTeX Info: Redefining \ttfamily on input line 1660.
LaTeX Info: Redefining \rmfamily on input line 1668.
LaTeX Info: Redefining \sffamily on input line 1668.
LaTeX Info: Redefining \ttfamily on input line 1668.
LaTeX Info: Redefining \rmfamily on input line 1683.
LaTeX Info: Redefining \sffamily on input line 1683.
LaTeX Info: Redefining \ttfamily on input line 1683.
LaTeX Info: Redefining \rmfamily on input line 1688.
LaTeX Info: Redefining \sffamily on input line 1688.
LaTeX Info: Redefining \ttfamily on input line 1688.
LaTeX Info: Redefining \rmfamily on input line 1694.
LaTeX Info: Redefining \sffamily on input line 1694.
LaTeX Info: Redefining \ttfamily on input line 1694.
 [33]
LaTeX Info: Redefining \rmfamily on input line 1705.
LaTeX Info: Redefining \sffamily on input line 1705.
LaTeX Info: Redefining \ttfamily on input line 1705.
LaTeX Info: Redefining \rmfamily on input line 1707.
LaTeX Info: Redefining \sffamily on input line 1707.
LaTeX Info: Redefining \ttfamily on input line 1707.
LaTeX Info: Redefining \rmfamily on input line 1711.
LaTeX Info: Redefining \sffamily on input line 1711.
LaTeX Info: Redefining \ttfamily on input line 1711.
LaTeX Info: Redefining \rmfamily on input line 1716.
LaTeX Info: Redefining \sffamily on input line 1716.
LaTeX Info: Redefining \ttfamily on input line 1716.
LaTeX Info: Redefining \rmfamily on input line 1716.
LaTeX Info: Redefining \sffamily on input line 1716.
LaTeX Info: Redefining \ttfamily on input line 1716.

Overfull \hbox (3.04616pt too wide) in paragraph at lines 1716--1716
[]\TU/DejaVuSerif(1)/b/n/14.4 Η σχέση ανάμεσα σε []\TU/DejaVuSansMono(0)/b/n/14
.4 n_estimators []\TU/DejaVuSerif(1)/b/n/14.4 και []\TU/DejaVuSansMono(0)/b/n/1
4.4 learning_rate 
 []

LaTeX Info: Redefining \rmfamily on input line 1718.
LaTeX Info: Redefining \sffamily on input line 1718.
LaTeX Info: Redefining \ttfamily on input line 1718.
LaTeX Info: Redefining \rmfamily on input line 1718.
LaTeX Info: Redefining \sffamily on input line 1718.
LaTeX Info: Redefining \ttfamily on input line 1718.
LaTeX Info: Redefining \rmfamily on input line 1722.
LaTeX Info: Redefining \sffamily on input line 1722.
LaTeX Info: Redefining \ttfamily on input line 1722.
LaTeX Info: Redefining \rmfamily on input line 1723.
LaTeX Info: Redefining \sffamily on input line 1723.
LaTeX Info: Redefining \ttfamily on input line 1723.
LaTeX Info: Redefining \rmfamily on input line 1735.
LaTeX Info: Redefining \sffamily on input line 1735.
LaTeX Info: Redefining \ttfamily on input line 1735.
LaTeX Info: Redefining \rmfamily on input line 1736.
LaTeX Info: Redefining \sffamily on input line 1736.
LaTeX Info: Redefining \ttfamily on input line 1736.
LaTeX Info: Redefining \rmfamily on input line 1737.
LaTeX Info: Redefining \sffamily on input line 1737.
LaTeX Info: Redefining \ttfamily on input line 1737.
File: q4_boosting_concept.png Graphic file (type bmp)
<q4_boosting_concept.png>
[34]
LaTeX Info: Redefining \rmfamily on input line 1762.
LaTeX Info: Redefining \sffamily on input line 1762.
LaTeX Info: Redefining \ttfamily on input line 1762.
LaTeX Info: Redefining \rmfamily on input line 1763.
LaTeX Info: Redefining \sffamily on input line 1763.
LaTeX Info: Redefining \ttfamily on input line 1763.
LaTeX Info: Redefining \rmfamily on input line 1773.
LaTeX Info: Redefining \sffamily on input line 1773.
LaTeX Info: Redefining \ttfamily on input line 1773.
LaTeX Info: Redefining \rmfamily on input line 1773.
LaTeX Info: Redefining \sffamily on input line 1773.
LaTeX Info: Redefining \ttfamily on input line 1773.
LaTeX Info: Redefining \rmfamily on input line 1773.
LaTeX Info: Redefining \sffamily on input line 1773.
LaTeX Info: Redefining \ttfamily on input line 1773.

Overfull \hbox (4.50937pt too wide) in paragraph at lines 1771--1774
[]\TU/DejaVuSerif(1)/m/n/12 Χρησιμοποιήσαμε το ίδιο dataset, τους ίδιους predic
tors και το ίδιο train/test
 []


Overfull \hbox (28.39722pt too wide) in paragraph at lines 1771--1774
\TU/DejaVuSerif(1)/m/n/12 split με τα προηγούμενα ερωτήματα. Η μεταβλητή στόχος
 ήταν πάλι η []\TU/DejaVuSansMono(0)/m/n/12 wine_type[]\TU/DejaVuSerif(1)/m/n/1
2 ,
 []

[35]
LaTeX Info: Redefining \rmfamily on input line 1789.
LaTeX Info: Redefining \sffamily on input line 1789.
LaTeX Info: Redefining \ttfamily on input line 1789.
LaTeX Info: Redefining \rmfamily on input line 1791.
LaTeX Info: Redefining \sffamily on input line 1791.
LaTeX Info: Redefining \ttfamily on input line 1791.
LaTeX Info: Redefining \rmfamily on input line 1793.
LaTeX Info: Redefining \sffamily on input line 1793.
LaTeX Info: Redefining \ttfamily on input line 1793.
LaTeX Info: Redefining \rmfamily on input line 1795.
LaTeX Info: Redefining \sffamily on input line 1795.
LaTeX Info: Redefining \ttfamily on input line 1795.
LaTeX Info: Redefining \rmfamily on input line 1796.
LaTeX Info: Redefining \sffamily on input line 1796.
LaTeX Info: Redefining \ttfamily on input line 1796.
LaTeX Info: Redefining \rmfamily on input line 1803.
LaTeX Info: Redefining \sffamily on input line 1803.
LaTeX Info: Redefining \ttfamily on input line 1803.
LaTeX Info: Redefining \rmfamily on input line 1805.
LaTeX Info: Redefining \sffamily on input line 1805.
LaTeX Info: Redefining \ttfamily on input line 1805.
LaTeX Info: Redefining \rmfamily on input line 1808.
LaTeX Info: Redefining \sffamily on input line 1808.
LaTeX Info: Redefining \ttfamily on input line 1808.
LaTeX Info: Redefining \rmfamily on input line 1842.
LaTeX Info: Redefining \sffamily on input line 1842.
LaTeX Info: Redefining \ttfamily on input line 1842.
LaTeX Info: Redefining \rmfamily on input line 1843.
LaTeX Info: Redefining \sffamily on input line 1843.
LaTeX Info: Redefining \ttfamily on input line 1843.
LaTeX Info: Redefining \rmfamily on input line 1844.
LaTeX Info: Redefining \sffamily on input line 1844.
LaTeX Info: Redefining \ttfamily on input line 1844.
 [36]
File: q4_confusion_matrix.png Graphic file (type bmp)
<q4_confusion_matrix.png>
 [37]
LaTeX Info: Redefining \rmfamily on input line 1947.
LaTeX Info: Redefining \sffamily on input line 1947.
LaTeX Info: Redefining \ttfamily on input line 1947.
 [38]
File: q4_boosting_feature_importance.png Graphic file (type bmp)
<q4_boosting_feature_importance.png>
 [39]
LaTeX Info: Redefining \rmfamily on input line 2006.
LaTeX Info: Redefining \sffamily on input line 2006.
LaTeX Info: Redefining \ttfamily on input line 2006.
LaTeX Info: Redefining \rmfamily on input line 2007.
LaTeX Info: Redefining \sffamily on input line 2007.
LaTeX Info: Redefining \ttfamily on input line 2007.
LaTeX Info: Redefining \rmfamily on input line 2022.
LaTeX Info: Redefining \sffamily on input line 2022.
LaTeX Info: Redefining \ttfamily on input line 2022.
LaTeX Info: Redefining \rmfamily on input line 2022.
LaTeX Info: Redefining \sffamily on input line 2022.
LaTeX Info: Redefining \ttfamily on input line 2022.
LaTeX Info: Redefining \rmfamily on input line 2036.
LaTeX Info: Redefining \sffamily on input line 2036.
LaTeX Info: Redefining \ttfamily on input line 2036.
LaTeX Info: Redefining \rmfamily on input line 2037.
LaTeX Info: Redefining \sffamily on input line 2037.
LaTeX Info: Redefining \ttfamily on input line 2037.

Overfull \hbox (6.31406pt too wide) in paragraph at lines 2036--2039
[]\TU/DejaVuSerif(1)/m/n/12 Το Boosting με 200 επιμέρους μοντέλα, []\TU/DejaVuS
ansMono(0)/m/n/12 learning_rate=0.1 []\TU/DejaVuSerif(1)/m/n/12 και []\TU/DejaV
uSansMono(0)/m/n/12 max_depth=1
 []

[40]
LaTeX Info: Redefining \rmfamily on input line 2047.
LaTeX Info: Redefining \sffamily on input line 2047.
LaTeX Info: Redefining \ttfamily on input line 2047.
LaTeX Info: Redefining \rmfamily on input line 2048.
LaTeX Info: Redefining \sffamily on input line 2048.
LaTeX Info: Redefining \ttfamily on input line 2048.
LaTeX Info: Redefining \rmfamily on input line 2065.
LaTeX Info: Redefining \sffamily on input line 2065.
LaTeX Info: Redefining \ttfamily on input line 2065.
 [41]
File: q5_tree_depth_concept.png Graphic file (type bmp)
<q5_tree_depth_concept.png>
LaTeX Info: Redefining \rmfamily on input line 2124.
LaTeX Info: Redefining \sffamily on input line 2124.
LaTeX Info: Redefining \ttfamily on input line 2124.
LaTeX Info: Redefining \rmfamily on input line 2129.
LaTeX Info: Redefining \sffamily on input line 2129.
LaTeX Info: Redefining \ttfamily on input line 2129.
 [42]
File: q5_tree_depth_error.png Graphic file (type bmp)
<q5_tree_depth_error.png>
LaTeX Info: Redefining \rmfamily on input line 2174.
LaTeX Info: Redefining \sffamily on input line 2174.
LaTeX Info: Redefining \ttfamily on input line 2174.
LaTeX Info: Redefining \rmfamily on input line 2174.
LaTeX Info: Redefining \sffamily on input line 2174.
LaTeX Info: Redefining \ttfamily on input line 2174.
 [43]
LaTeX Info: Redefining \rmfamily on input line 2182.
LaTeX Info: Redefining \sffamily on input line 2182.
LaTeX Info: Redefining \ttfamily on input line 2182.
LaTeX Info: Redefining \rmfamily on input line 2183.
LaTeX Info: Redefining \sffamily on input line 2183.
LaTeX Info: Redefining \ttfamily on input line 2183.
LaTeX Info: Redefining \rmfamily on input line 2194.
LaTeX Info: Redefining \sffamily on input line 2194.
LaTeX Info: Redefining \ttfamily on input line 2194.
LaTeX Info: Redefining \rmfamily on input line 2234.
LaTeX Info: Redefining \sffamily on input line 2234.
LaTeX Info: Redefining \ttfamily on input line 2234.
 [44]
LaTeX Info: Redefining \rmfamily on input line 2276.
LaTeX Info: Redefining \sffamily on input line 2276.
LaTeX Info: Redefining \ttfamily on input line 2276.
LaTeX Info: Redefining \rmfamily on input line 2277.
LaTeX Info: Redefining \sffamily on input line 2277.
LaTeX Info: Redefining \ttfamily on input line 2277.
LaTeX Info: Redefining \rmfamily on input line 2278.
LaTeX Info: Redefining \sffamily on input line 2278.
LaTeX Info: Redefining \ttfamily on input line 2278.
LaTeX Info: Redefining \rmfamily on input line 2279.
LaTeX Info: Redefining \sffamily on input line 2279.
LaTeX Info: Redefining \ttfamily on input line 2279.
LaTeX Info: Redefining \rmfamily on input line 2280.
LaTeX Info: Redefining \sffamily on input line 2280.
LaTeX Info: Redefining \ttfamily on input line 2280.
LaTeX Info: Redefining \rmfamily on input line 2281.
LaTeX Info: Redefining \sffamily on input line 2281.
LaTeX Info: Redefining \ttfamily on input line 2281.
LaTeX Info: Redefining \rmfamily on input line 2282.
LaTeX Info: Redefining \sffamily on input line 2282.
LaTeX Info: Redefining \ttfamily on input line 2282.
LaTeX Info: Redefining \rmfamily on input line 2283.
LaTeX Info: Redefining \sffamily on input line 2283.
LaTeX Info: Redefining \ttfamily on input line 2283.
LaTeX Info: Redefining \rmfamily on input line 2284.
LaTeX Info: Redefining \sffamily on input line 2284.
LaTeX Info: Redefining \ttfamily on input line 2284.
LaTeX Info: Redefining \rmfamily on input line 2285.
LaTeX Info: Redefining \sffamily on input line 2285.
LaTeX Info: Redefining \ttfamily on input line 2285.
LaTeX Info: Redefining \rmfamily on input line 2286.
LaTeX Info: Redefining \sffamily on input line 2286.
LaTeX Info: Redefining \ttfamily on input line 2286.
LaTeX Info: Redefining \rmfamily on input line 2287.
LaTeX Info: Redefining \sffamily on input line 2287.
LaTeX Info: Redefining \ttfamily on input line 2287.
LaTeX Info: Redefining \rmfamily on input line 2288.
LaTeX Info: Redefining \sffamily on input line 2288.
LaTeX Info: Redefining \ttfamily on input line 2288.
LaTeX Info: Redefining \rmfamily on input line 2289.
LaTeX Info: Redefining \sffamily on input line 2289.
LaTeX Info: Redefining \ttfamily on input line 2289.
LaTeX Info: Redefining \rmfamily on input line 2290.
LaTeX Info: Redefining \sffamily on input line 2290.
LaTeX Info: Redefining \ttfamily on input line 2290.
LaTeX Info: Redefining \rmfamily on input line 2291.
LaTeX Info: Redefining \sffamily on input line 2291.
LaTeX Info: Redefining \ttfamily on input line 2291.
LaTeX Info: Redefining \rmfamily on input line 2292.
LaTeX Info: Redefining \sffamily on input line 2292.
LaTeX Info: Redefining \ttfamily on input line 2292.
 [45]
LaTeX Info: Redefining \rmfamily on input line 2293.
LaTeX Info: Redefining \sffamily on input line 2293.
LaTeX Info: Redefining \ttfamily on input line 2293.
LaTeX Info: Redefining \rmfamily on input line 2294.
LaTeX Info: Redefining \sffamily on input line 2294.
LaTeX Info: Redefining \ttfamily on input line 2294.
 [46] (./explanatory_report.aux)
 ***********
LaTeX2e <2023-11-01> patch level 1
L3 programming layer <2024-01-22>
 ***********
Package rerunfilecheck Info: File `explanatory_report.out' has not changed.
(rerunfilecheck)             Checksum: E05D8B292EDD8EA812F4FFD72CB44B4D;20070.
 ) 
Here is how much of TeX's memory you used:
 18082 strings out of 476846
 353302 string characters out of 5803824
 2020627 words of memory out of 5000000
 39721 multiletter control sequences out of 15000+600000
 570919 words of font info for 134 fonts, out of 8000000 for 9000
 14 hyphenation exceptions out of 8191
 79i,12n,117p,582b,1964s stack positions out of 10000i,1000n,20000p,200000b,200000s

Output written on explanatory_report.pdf (46 pages).
